Archive member included to satisfy reference by file (symbol)

C:/Users/BenjaminWoerfel/.pico-sdk/toolchain/13_2_Rel1/bin/../lib/gcc/arm-none-eabi/13.2.1/thumb/v6-m/nofp\libgcc.a(_dvmd_tls.o)
                              CMakeFiles/capture_edge_c11b39f.dir/C_/Users/BenjaminWoerfel/.pico-sdk/sdk/2.0.0/src/rp2_common/pico_divider/divider_hardware.S.obj (__aeabi_idiv0)
C:/Users/BenjaminWoerfel/.pico-sdk/toolchain/13_2_Rel1/bin/../lib/gcc/arm-none-eabi/13.2.1/thumb/v6-m/nofp\libg.a(libc_a-calloc.o)
                              CMakeFiles/capture_edge_c11b39f.dir/C_/Users/BenjaminWoerfel/.pico-sdk/sdk/2.0.0/src/rp2_common/pico_malloc/malloc.c.obj (calloc)
C:/Users/BenjaminWoerfel/.pico-sdk/toolchain/13_2_Rel1/bin/../lib/gcc/arm-none-eabi/13.2.1/thumb/v6-m/nofp\libg.a(libc_a-callocr.o)
                              C:/Users/BenjaminWoerfel/.pico-sdk/toolchain/13_2_Rel1/bin/../lib/gcc/arm-none-eabi/13.2.1/thumb/v6-m/nofp\libg.a(libc_a-calloc.o) (_calloc_r)
C:/Users/BenjaminWoerfel/.pico-sdk/toolchain/13_2_Rel1/bin/../lib/gcc/arm-none-eabi/13.2.1/thumb/v6-m/nofp\libg.a(libc_a-malloc.o)
                              CMakeFiles/capture_edge_c11b39f.dir/C_/Users/BenjaminWoerfel/.pico-sdk/sdk/2.0.0/src/rp2_common/pico_malloc/malloc.c.obj (malloc)
C:/Users/BenjaminWoerfel/.pico-sdk/toolchain/13_2_Rel1/bin/../lib/gcc/arm-none-eabi/13.2.1/thumb/v6-m/nofp\libg.a(libc_a-mallocr.o)
                              C:/Users/BenjaminWoerfel/.pico-sdk/toolchain/13_2_Rel1/bin/../lib/gcc/arm-none-eabi/13.2.1/thumb/v6-m/nofp\libg.a(libc_a-callocr.o) (_malloc_r)
C:/Users/BenjaminWoerfel/.pico-sdk/toolchain/13_2_Rel1/bin/../lib/gcc/arm-none-eabi/13.2.1/thumb/v6-m/nofp\libg.a(libc_a-mlock.o)
                              C:/Users/BenjaminWoerfel/.pico-sdk/toolchain/13_2_Rel1/bin/../lib/gcc/arm-none-eabi/13.2.1/thumb/v6-m/nofp\libg.a(libc_a-mallocr.o) (__malloc_lock)
C:/Users/BenjaminWoerfel/.pico-sdk/toolchain/13_2_Rel1/bin/../lib/gcc/arm-none-eabi/13.2.1/thumb/v6-m/nofp\libg.a(libc_a-realloc.o)
                              CMakeFiles/capture_edge_c11b39f.dir/C_/Users/BenjaminWoerfel/.pico-sdk/sdk/2.0.0/src/rp2_common/pico_malloc/malloc.c.obj (realloc)
C:/Users/BenjaminWoerfel/.pico-sdk/toolchain/13_2_Rel1/bin/../lib/gcc/arm-none-eabi/13.2.1/thumb/v6-m/nofp\libg.a(libc_a-reallocr.o)
                              C:/Users/BenjaminWoerfel/.pico-sdk/toolchain/13_2_Rel1/bin/../lib/gcc/arm-none-eabi/13.2.1/thumb/v6-m/nofp\libg.a(libc_a-realloc.o) (_realloc_r)
C:/Users/BenjaminWoerfel/.pico-sdk/toolchain/13_2_Rel1/bin/../lib/gcc/arm-none-eabi/13.2.1/thumb/v6-m/nofp\libg.a(libc_a-ctype_.o)
                              CMakeFiles/capture_edge_c11b39f.dir/C_/Users/BenjaminWoerfel/.pico-sdk/sdk/2.0.0/lib/tinyusb/src/tusb.c.obj (_ctype_)
C:/Users/BenjaminWoerfel/.pico-sdk/toolchain/13_2_Rel1/bin/../lib/gcc/arm-none-eabi/13.2.1/thumb/v6-m/nofp\libg.a(libc_a-memcmp.o)
                              CMakeFiles/capture_edge_c11b39f.dir/C_/Users/BenjaminWoerfel/.pico-sdk/sdk/2.0.0/src/rp2_common/pico_atomic/atomic.c.obj (memcmp)
C:/Users/BenjaminWoerfel/.pico-sdk/toolchain/13_2_Rel1/bin/../lib/gcc/arm-none-eabi/13.2.1/thumb/v6-m/nofp\libg.a(libc_a-memmove.o)
                              C:/Users/BenjaminWoerfel/.pico-sdk/toolchain/13_2_Rel1/bin/../lib/gcc/arm-none-eabi/13.2.1/thumb/v6-m/nofp\libg.a(libc_a-reallocr.o) (memmove)
C:/Users/BenjaminWoerfel/.pico-sdk/toolchain/13_2_Rel1/bin/../lib/gcc/arm-none-eabi/13.2.1/thumb/v6-m/nofp\libg.a(libc_a-lcltime_r.o)
                              CMakeFiles/capture_edge_c11b39f.dir/C_/Users/BenjaminWoerfel/.pico-sdk/sdk/2.0.0/src/common/pico_util/datetime.c.obj (localtime_r)
C:/Users/BenjaminWoerfel/.pico-sdk/toolchain/13_2_Rel1/bin/../lib/gcc/arm-none-eabi/13.2.1/thumb/v6-m/nofp\libg.a(libc_a-mktime.o)
                              CMakeFiles/capture_edge_c11b39f.dir/C_/Users/BenjaminWoerfel/.pico-sdk/sdk/2.0.0/src/common/pico_util/datetime.c.obj (mktime)
C:/Users/BenjaminWoerfel/.pico-sdk/toolchain/13_2_Rel1/bin/../lib/gcc/arm-none-eabi/13.2.1/thumb/v6-m/nofp\libg.a(libc_a-month_lengths.o)
                              C:/Users/BenjaminWoerfel/.pico-sdk/toolchain/13_2_Rel1/bin/../lib/gcc/arm-none-eabi/13.2.1/thumb/v6-m/nofp\libg.a(libc_a-lcltime_r.o) (__month_lengths)
C:/Users/BenjaminWoerfel/.pico-sdk/toolchain/13_2_Rel1/bin/../lib/gcc/arm-none-eabi/13.2.1/thumb/v6-m/nofp\libg.a(libc_a-tzcalc_limits.o)
                              C:/Users/BenjaminWoerfel/.pico-sdk/toolchain/13_2_Rel1/bin/../lib/gcc/arm-none-eabi/13.2.1/thumb/v6-m/nofp\libg.a(libc_a-lcltime_r.o) (__tzcalc_limits)
C:/Users/BenjaminWoerfel/.pico-sdk/toolchain/13_2_Rel1/bin/../lib/gcc/arm-none-eabi/13.2.1/thumb/v6-m/nofp\libg.a(libc_a-tzlock.o)
                              C:/Users/BenjaminWoerfel/.pico-sdk/toolchain/13_2_Rel1/bin/../lib/gcc/arm-none-eabi/13.2.1/thumb/v6-m/nofp\libg.a(libc_a-lcltime_r.o) (__tz_lock)
[...]
Memory Configuration

Name             Origin             Length             Attributes
FLASH            0x10000000         0x00800000         xr
RAM              0x20000000         0x00040000         xrw
SCRATCH_X        0x20040000         0x00001000         xrw
SCRATCH_Y        0x20041000         0x00001000         xrw
*default*        0x00000000         0xffffffff

Linker script and memory map

LOAD C:/Users/BenjaminWoerfel/.pico-sdk/toolchain/13_2_Rel1/bin/../lib/gcc/arm-none-eabi/13.2.1/thumb/v6-m/nofp/crti.o
LOAD C:/Users/BenjaminWoerfel/.pico-sdk/toolchain/13_2_Rel1/bin/../lib/gcc/arm-none-eabi/13.2.1/thumb/v6-m/nofp/crtbegin.o
LOAD C:/Users/BenjaminWoerfel/.pico-sdk/toolchain/13_2_Rel1/bin/../lib/gcc/arm-none-eabi/13.2.1/thumb/v6-m/nofp/crt0.o

.flash_begin    0x10000000        0x0
                0x10000000                        __flash_binary_start = .

.boot2          0x10000000      0x100
                0x10000000                        __boot2_start__ = .
 *(.boot2)
 .boot2         0x10000000      0x100 C:\Users\BENJAM~1\AppData\Local\Temp\cc22uHbf.o
                0x10000100                        __boot2_end__ = .
                0x00000001                        ASSERT (((__boot2_end__ - __boot2_start__) == 0x100), ERROR: Pico second stage bootloader must be 256 bytes in size)

.text           0x10000100     0x687c
                0x10000100                        __logical_binary_start = .
 *(.vectors)
 .vectors       0x10000100       0xd4 CMakeFiles/capture_edge_c11b39f.dir/C_/Users/BenjaminWoerfel/.pico-sdk/sdk/2.0.0/src/rp2_common/pico_crt0/crt0.S.obj
                0x10000100                __VECTOR_TABLE
                0x10000100                __vectors
                0x100001c0                isr_invalid
                0x100001c0                __default_isrs_start
                0x100001c2                isr_nmi
                0x100001c4                isr_hardfault
                0x100001c6                isr_svcall
                0x100001c8                isr_pendsv
                0x100001ca                isr_systick
                0x100001cc                isr_irq23
                0x100001cc                isr_irq18
                0x100001cc                isr_irq11
                0x100001cc                isr_irq28
                0x100001cc                isr_irq19
                0x100001cc                isr_irq0
                0x100001cc                isr_irq6
                0x100001cc                isr_irq5
                0x100001cc                isr_irq12
                0x100001cc                isr_irq22
                0x100001cc                isr_irq31
                0x100001cc                isr_irq17
                0x100001cc                isr_irq27
                0x100001cc                isr_irq30
                0x100001cc                isr_irq2
                0x100001cc                isr_irq10
                0x100001cc                isr_irq8
                0x100001cc                isr_irq24
                0x100001cc                isr_irq1
                0x100001cc                isr_irq7
                0x100001cc                isr_irq21
                0x100001cc                isr_irq20
                0x100001cc                isr_irq15
                0x100001cc                isr_irq25
                0x100001cc                isr_irq13
                0x100001cc                __unhandled_user_irq
                0x100001cc                isr_irq4
                0x100001cc                isr_irq16
                0x100001cc                isr_irq29
                0x100001cc                isr_irq26
                0x100001cc                __default_isrs_end
                0x100001cc                isr_irq3
                0x100001cc                isr_irq14
                0x100001cc                isr_irq9
                0x100001d2                unhandled_user_irq_num_in_r0
 *(.binary_info_header)
 .binary_info_header
                0x100001d4       0x14 CMakeFiles/capture_edge_c11b39f.dir/C_/Users/BenjaminWoerfel/.pico-sdk/sdk/2.0.0/src/rp2_common/pico_crt0/crt0.S.obj
                0x100001e8                        __binary_info_header_end = .
 *(.embedded_block)
                0x100001e8                        __embedded_block_end = .
 *(.reset)
 .reset         0x100001e8       0x9c CMakeFiles/capture_edge_c11b39f.dir/C_/Users/BenjaminWoerfel/.pico-sdk/sdk/2.0.0/src/rp2_common/pico_crt0/crt0.S.obj
                0x100001e8                _entry_point
 *(.init)
 .init          0x10000284        0x4 C:/Users/BenjaminWoerfel/.pico-sdk/toolchain/13_2_Rel1/bin/../lib/gcc/arm-none-eabi/13.2.1/thumb/v6-m/nofp/crti.o
                0x10000284                _init
 *(EXCLUDE_FILE(*libm.a: *libc.a:*lib_a-mem*.o *libgcc.a:) .text*)
 .text.register_tm_clones
                0x10000288       0x28 C:/Users/BenjaminWoerfel/.pico-sdk/toolchain/13_2_Rel1/bin/../lib/gcc/arm-none-eabi/13.2.1/thumb/v6-m/nofp/crtbegin.o
 .text.frame_dummy
                0x100002b0       0x24 C:/Users/BenjaminWoerfel/.pico-sdk/toolchain/13_2_Rel1/bin/../lib/gcc/arm-none-eabi/13.2.1/thumb/v6-m/nofp/crtbegin.o
 .text.capture_pin_1_handler
                0x100002d4       0xd0 CMakeFiles/capture_edge_c11b39f.dir/main.c.obj
 .text.capture_pin_0_handler
                0x100003a4       0xd4 CMakeFiles/capture_edge_c11b39f.dir/main.c.obj
 .text.main     0x10000478       0xe4 CMakeFiles/capture_edge_c11b39f.dir/main.c.obj
                0x10000478                main
 .text.sm_config_set_clkdiv
                0x1000055c       0x3c CMakeFiles/capture_edge_c11b39f.dir/capture_edge.c.obj
 .text.pio_get_default_sm_config
                0x10000598       0x28 CMakeFiles/capture_edge_c11b39f.dir/capture_edge.c.obj
 .text.capture_edge_program_get_default_config
                0x100005c0       0x28 CMakeFiles/capture_edge_c11b39f.dir/capture_edge.c.obj
 .text.handler_pio
                0x100005e8       0xc0 CMakeFiles/capture_edge_c11b39f.dir/capture_edge.c.obj
 .text.capture_edge_init
                0x100006a8       0xfc CMakeFiles/capture_edge_c11b39f.dir/capture_edge.c.obj
                0x100006a8                capture_edge_init
 .text.capture_edge_set_handler
                0x100007a4       0x14 CMakeFiles/capture_edge_c11b39f.dir/capture_edge.c.obj
                0x100007a4                capture_edge_set_handler
 .text.rp2040_chip_version
                0x100007b8       0x54 CMakeFiles/capture_edge_c11b39f.dir/C_/Users/BenjaminWoerfel/.pico-sdk/sdk/2.0.0/src/rp2040/pico_platform/platform.c.obj
                0x100007b8                rp2040_chip_version
 .text.panic    0x1000080c       0x30 CMakeFiles/capture_edge_c11b39f.dir/C_/Users/BenjaminWoerfel/.pico-sdk/sdk/2.0.0/src/rp2_common/pico_platform_panic/panic.c.obj
                0x1000080c                panic
 .text.hw_claim_lock
                0x1000083c       0x18 CMakeFiles/capture_edge_c11b39f.dir/C_/Users/BenjaminWoerfel/.pico-sdk/sdk/2.0.0/src/common/hardware_claim/claim.c.obj
                0x1000083c                hw_claim_lock
 .text.hw_claim_unlock
                0x10000854       0x14 CMakeFiles/capture_edge_c11b39f.dir/C_/Users/BenjaminWoerfel/.pico-sdk/sdk/2.0.0/src/common/hardware_claim/claim.c.obj
                0x10000854                hw_claim_unlock
 .text.hw_claim_or_assert
                0x10000868       0x32 CMakeFiles/capture_edge_c11b39f.dir/C_/Users/BenjaminWoerfel/.pico-sdk/sdk/2.0.0/src/common/hardware_claim/claim.c.obj
                0x10000868                hw_claim_or_assert
 .text.hw_claim_unused_from_range
                0x1000089a       0x50 CMakeFiles/capture_edge_c11b39f.dir/C_/Users/BenjaminWoerfel/.pico-sdk/sdk/2.0.0/src/common/hardware_claim/claim.c.obj
                0x1000089a                hw_claim_unused_from_range
 *fill*         0x100008ea        0x2 
 .text.next_striped_spin_lock_num
                0x100008ec       0x1c CMakeFiles/capture_edge_c11b39f.dir/C_/Users/BenjaminWoerfel/.pico-sdk/sdk/2.0.0/src/rp2_common/hardware_sync/sync.c.obj
                0x100008ec                next_striped_spin_lock_num
 .text.spin_lock_claim_unused
                0x10000908       0x24 CMakeFiles/capture_edge_c11b39f.dir/C_/Users/BenjaminWoerfel/.pico-sdk/sdk/2.0.0/src/rp2_common/hardware_sync/sync.c.obj
                0x10000908                spin_lock_claim_unused
 .text.spin_locks_reset
                0x1000092c       0x20 CMakeFiles/capture_edge_c11b39f.dir/C_/Users/BenjaminWoerfel/.pico-sdk/sdk/2.0.0/src/rp2_common/hardware_sync_spin_lock/sync_spin_lock.c.obj
                0x1000092c                spin_locks_reset
 .text.set_raw_irq_handler_and_unlock
                0x1000094c       0x28 CMakeFiles/capture_edge_c11b39f.dir/C_/Users/BenjaminWoerfel/.pico-sdk/sdk/2.0.0/src/rp2_common/hardware_irq/irq.c.obj
 .text.nvic_ipr0
                0x10000974        0x8 CMakeFiles/capture_edge_c11b39f.dir/C_/Users/BenjaminWoerfel/.pico-sdk/sdk/2.0.0/src/rp2_common/hardware_irq/irq.c.obj
 .text.runtime_init_per_core_irq_priorities
                0x1000097c       0x1c CMakeFiles/capture_edge_c11b39f.dir/C_/Users/BenjaminWoerfel/.pico-sdk/sdk/2.0.0/src/rp2_common/hardware_irq/irq.c.obj
                0x1000097c                runtime_init_per_core_irq_priorities
 .text.resolve_j_16
                0x10000998       0x30 CMakeFiles/capture_edge_c11b39f.dir/C_/Users/BenjaminWoerfel/.pico-sdk/sdk/2.0.0/src/rp2_common/hardware_irq/irq.c.obj
 .text.make_j_16
                0x100009c8       0x48 CMakeFiles/capture_edge_c11b39f.dir/C_/Users/BenjaminWoerfel/.pico-sdk/sdk/2.0.0/src/rp2_common/hardware_irq/irq.c.obj
 .text.irq_is_enabled
                0x10000a10       0x18 CMakeFiles/capture_edge_c11b39f.dir/C_/Users/BenjaminWoerfel/.pico-sdk/sdk/2.0.0/src/rp2_common/hardware_irq/irq.c.obj
                0x10000a10                irq_is_enabled
 .text.irq_set_mask_n_enabled
                0x10000a28       0x1c CMakeFiles/capture_edge_c11b39f.dir/C_/Users/BenjaminWoerfel/.pico-sdk/sdk/2.0.0/src/rp2_common/hardware_irq/irq.c.obj
                0x10000a28                irq_set_mask_n_enabled
 .text.irq_set_enabled
                0x10000a44       0x14 CMakeFiles/capture_edge_c11b39f.dir/C_/Users/BenjaminWoerfel/.pico-sdk/sdk/2.0.0/src/rp2_common/hardware_irq/irq.c.obj
                0x10000a44                irq_set_enabled
 .text.irq_set_pending
                0x10000a58       0x10 CMakeFiles/capture_edge_c11b39f.dir/C_/Users/BenjaminWoerfel/.pico-sdk/sdk/2.0.0/src/rp2_common/hardware_irq/irq.c.obj
                0x10000a58                irq_set_pending
 .text.irq_get_vtable_handler
                0x10000a68       0x10 CMakeFiles/capture_edge_c11b39f.dir/C_/Users/BenjaminWoerfel/.pico-sdk/sdk/2.0.0/src/rp2_common/hardware_irq/irq.c.obj
                0x10000a68                irq_get_vtable_handler
 .text.irq_has_shared_handler
                0x10000a78       0x24 CMakeFiles/capture_edge_c11b39f.dir/C_/Users/BenjaminWoerfel/.pico-sdk/sdk/2.0.0/src/rp2_common/hardware_irq/irq.c.obj
                0x10000a78                irq_has_shared_handler
 .text.irq_set_exclusive_handler
                0x10000a9c       0x54 CMakeFiles/capture_edge_c11b39f.dir/C_/Users/BenjaminWoerfel/.pico-sdk/sdk/2.0.0/src/rp2_common/hardware_irq/irq.c.obj
                0x10000a9c                irq_set_exclusive_handler
 .text.irq_add_shared_handler
                0x10000af0      0x218 CMakeFiles/capture_edge_c11b39f.dir/C_/Users/BenjaminWoerfel/.pico-sdk/sdk/2.0.0/src/rp2_common/hardware_irq/irq.c.obj
                0x10000af0                irq_add_shared_handler
 .text.irq_add_tail_to_free_list
                0x10000d08       0xf4 CMakeFiles/capture_edge_c11b39f.dir/C_/Users/BenjaminWoerfel/.pico-sdk/sdk/2.0.0/src/rp2_common/hardware_irq/irq.c.obj
                0x10000d08                irq_add_tail_to_free_list
 .text.user_irq_claim_unused
                0x10000dfc       0x2c CMakeFiles/capture_edge_c11b39f.dir/C_/Users/BenjaminWoerfel/.pico-sdk/sdk/2.0.0/src/rp2_common/hardware_irq/irq.c.obj
                0x10000dfc                user_irq_claim_unused
 .text.lock_init
                0x10000e28       0x10 CMakeFiles/capture_edge_c11b39f.dir/C_/Users/BenjaminWoerfel/.pico-sdk/sdk/2.0.0/src/common/pico_sync/lock_core.c.obj
                0x10000e28                lock_init
 .text.mutex_init
                0x10000e38       0x1a CMakeFiles/capture_edge_c11b39f.dir/C_/Users/BenjaminWoerfel/.pico-sdk/sdk/2.0.0/src/common/pico_sync/mutex.c.obj
                0x10000e38                mutex_init
 .text.recursive_mutex_init
                0x10000e52       0x1e CMakeFiles/capture_edge_c11b39f.dir/C_/Users/BenjaminWoerfel/.pico-sdk/sdk/2.0.0/src/common/pico_sync/mutex.c.obj
                0x10000e52                recursive_mutex_init
 .text.runtime_init_mutex
                0x10000e70       0x4c CMakeFiles/capture_edge_c11b39f.dir/C_/Users/BenjaminWoerfel/.pico-sdk/sdk/2.0.0/src/common/pico_sync/mutex.c.obj
                0x10000e70                runtime_init_mutex
 .text.critical_section_init_with_lock_num
                0x10000ebc       0x14 CMakeFiles/capture_edge_c11b39f.dir/C_/Users/BenjaminWoerfel/.pico-sdk/sdk/2.0.0/src/common/pico_sync/critical_section.c.obj
                0x10000ebc                critical_section_init_with_lock_num
 .text.critical_section_init
                0x10000ed0       0x14 CMakeFiles/capture_edge_c11b39f.dir/C_/Users/BenjaminWoerfel/.pico-sdk/sdk/2.0.0/src/common/pico_sync/critical_section.c.obj
                0x10000ed0                critical_section_init
 .text.make_alarm_id
                0x10000ee4        0x6 CMakeFiles/capture_edge_c11b39f.dir/C_/Users/BenjaminWoerfel/.pico-sdk/sdk/2.0.0/src/common/pico_time/time.c.obj
 *fill*         0x10000eea        0x2 
 .text.sleep_until_callback
                0x10000eec       0x30 CMakeFiles/capture_edge_c11b39f.dir/C_/Users/BenjaminWoerfel/.pico-sdk/sdk/2.0.0/src/common/pico_time/time.c.obj
 .text.alarm_pool_irq_handler
                0x10000f1c      0x2e0 CMakeFiles/capture_edge_c11b39f.dir/C_/Users/BenjaminWoerfel/.pico-sdk/sdk/2.0.0/src/common/pico_time/time.c.obj
 .text.ta_enable_irq_handler
                0x100011fc       0x2c CMakeFiles/capture_edge_c11b39f.dir/C_/Users/BenjaminWoerfel/.pico-sdk/sdk/2.0.0/src/common/pico_time/time.c.obj
 .text.alarm_pool_post_alloc_init
                0x10001228       0x78 CMakeFiles/capture_edge_c11b39f.dir/C_/Users/BenjaminWoerfel/.pico-sdk/sdk/2.0.0/src/common/pico_time/time.c.obj
 .text.alarm_pool_get_default
                0x100012a0       0x2c CMakeFiles/capture_edge_c11b39f.dir/C_/Users/BenjaminWoerfel/.pico-sdk/sdk/2.0.0/src/common/pico_time/time.c.obj
                0x100012a0                alarm_pool_get_default
 .text.alarm_pool_add_alarm_at_force_in_context
                0x100012cc       0xa4 CMakeFiles/capture_edge_c11b39f.dir/C_/Users/BenjaminWoerfel/.pico-sdk/sdk/2.0.0/src/common/pico_time/time.c.obj
                0x100012cc                alarm_pool_add_alarm_at_force_in_context
 .text.alarm_pool_add_alarm_at
                0x10001370       0x3c CMakeFiles/capture_edge_c11b39f.dir/C_/Users/BenjaminWoerfel/.pico-sdk/sdk/2.0.0/src/common/pico_time/time.c.obj
                0x10001370                alarm_pool_add_alarm_at
 .text.add_alarm_at
                0x100013ac       0x2e CMakeFiles/capture_edge_c11b39f.dir/C_/Users/BenjaminWoerfel/.pico-sdk/sdk/2.0.0/src/common/pico_time/time.c.obj
 *fill*         0x100013da        0x2 
 .text.alarm_pool_cancel_alarm
                0x100013dc       0x78 CMakeFiles/capture_edge_c11b39f.dir/C_/Users/BenjaminWoerfel/.pico-sdk/sdk/2.0.0/src/common/pico_time/time.c.obj
                0x100013dc                alarm_pool_cancel_alarm
 .text.cancel_alarm
                0x10001454       0x10 CMakeFiles/capture_edge_c11b39f.dir/C_/Users/BenjaminWoerfel/.pico-sdk/sdk/2.0.0/src/common/pico_time/time.c.obj
 .text.alarm_pool_core_num
                0x10001464        0x4 CMakeFiles/capture_edge_c11b39f.dir/C_/Users/BenjaminWoerfel/.pico-sdk/sdk/2.0.0/src/common/pico_time/time.c.obj
                0x10001464                alarm_pool_core_num
 .text.sleep_until
                0x10001468       0xc0 CMakeFiles/capture_edge_c11b39f.dir/C_/Users/BenjaminWoerfel/.pico-sdk/sdk/2.0.0/src/common/pico_time/time.c.obj
                0x10001468                sleep_until
 .text.sleep_us
                0x10001528       0x24 CMakeFiles/capture_edge_c11b39f.dir/C_/Users/BenjaminWoerfel/.pico-sdk/sdk/2.0.0/src/common/pico_time/time.c.obj
                0x10001528                sleep_us
 .text.sleep_ms
                0x1000154c       0x14 CMakeFiles/capture_edge_c11b39f.dir/C_/Users/BenjaminWoerfel/.pico-sdk/sdk/2.0.0/src/common/pico_time/time.c.obj
                0x1000154c                sleep_ms
 .text.best_effort_wfe_or_timeout
                0x10001560       0xc4 CMakeFiles/capture_edge_c11b39f.dir/C_/Users/BenjaminWoerfel/.pico-sdk/sdk/2.0.0/src/common/pico_time/time.c.obj
                0x10001560                best_effort_wfe_or_timeout
 .text.alarm_pool_get_default_timer
                0x10001624        0x8 CMakeFiles/capture_edge_c11b39f.dir/C_/Users/BenjaminWoerfel/.pico-sdk/sdk/2.0.0/src/common/pico_time/time.c.obj
                0x10001624                alarm_pool_get_default_timer
 .text.runtime_init_default_alarm_pool
                0x1000162c       0x38 CMakeFiles/capture_edge_c11b39f.dir/C_/Users/BenjaminWoerfel/.pico-sdk/sdk/2.0.0/src/common/pico_time/time.c.obj
                0x1000162c                runtime_init_default_alarm_pool
 .text.timer_hardware_alarm_claim
                0x10001664       0x14 CMakeFiles/capture_edge_c11b39f.dir/C_/Users/BenjaminWoerfel/.pico-sdk/sdk/2.0.0/src/rp2_common/hardware_timer/timer.c.obj
                0x10001664                timer_hardware_alarm_claim
 .text.timer_time_us_64
                0x10001678       0x10 CMakeFiles/capture_edge_c11b39f.dir/C_/Users/BenjaminWoerfel/.pico-sdk/sdk/2.0.0/src/rp2_common/hardware_timer/timer.c.obj
                0x10001678                timer_time_us_64
 .text.timer_busy_wait_until
                0x10001688       0x1a CMakeFiles/capture_edge_c11b39f.dir/C_/Users/BenjaminWoerfel/.pico-sdk/sdk/2.0.0/src/rp2_common/hardware_timer/timer.c.obj
                0x10001688                timer_busy_wait_until
 *fill*         0x100016a2        0x2 
 .text.time_us_64
                0x100016a4       0x10 CMakeFiles/capture_edge_c11b39f.dir/C_/Users/BenjaminWoerfel/.pico-sdk/sdk/2.0.0/src/rp2_common/hardware_timer/timer.c.obj
                0x100016a4                time_us_64
 .text.busy_wait_until
                0x100016b4       0x14 CMakeFiles/capture_edge_c11b39f.dir/C_/Users/BenjaminWoerfel/.pico-sdk/sdk/2.0.0/src/rp2_common/hardware_timer/timer.c.obj
                0x100016b4                busy_wait_until
 .text.clock_configure_internal
                0x100016c8       0xc4 CMakeFiles/capture_edge_c11b39f.dir/C_/Users/BenjaminWoerfel/.pico-sdk/sdk/2.0.0/src/rp2_common/hardware_clocks/clocks.c.obj
 .text.clock_configure_int_divider
                0x1000178c       0x28 CMakeFiles/capture_edge_c11b39f.dir/C_/Users/BenjaminWoerfel/.pico-sdk/sdk/2.0.0/src/rp2_common/hardware_clocks/clocks.c.obj
                0x1000178c                clock_configure_int_divider
 .text.clock_configure_undivided
                0x100017b4       0x12 CMakeFiles/capture_edge_c11b39f.dir/C_/Users/BenjaminWoerfel/.pico-sdk/sdk/2.0.0/src/rp2_common/hardware_clocks/clocks.c.obj
                0x100017b4                clock_configure_undivided
 *fill*         0x100017c6        0x2 
 .text.clock_get_hz
                0x100017c8        0xc CMakeFiles/capture_edge_c11b39f.dir/C_/Users/BenjaminWoerfel/.pico-sdk/sdk/2.0.0/src/rp2_common/hardware_clocks/clocks.c.obj
                0x100017c8                clock_get_hz
 .text.pll_init
                0x100017d4      0x124 CMakeFiles/capture_edge_c11b39f.dir/C_/Users/BenjaminWoerfel/.pico-sdk/sdk/2.0.0/src/rp2_common/hardware_pll/pll.c.obj
                0x100017d4                pll_init
 .text.watchdog_update
                0x100018f8       0x14 CMakeFiles/capture_edge_c11b39f.dir/C_/Users/BenjaminWoerfel/.pico-sdk/sdk/2.0.0/src/rp2_common/hardware_watchdog/watchdog.c.obj
                0x100018f8                watchdog_update
 .text._watchdog_enable
                0x1000190c       0x7c CMakeFiles/capture_edge_c11b39f.dir/C_/Users/BenjaminWoerfel/.pico-sdk/sdk/2.0.0/src/rp2_common/hardware_watchdog/watchdog.c.obj
                0x1000190c                _watchdog_enable
 .text.watchdog_reboot
                0x10001988       0x48 CMakeFiles/capture_edge_c11b39f.dir/C_/Users/BenjaminWoerfel/.pico-sdk/sdk/2.0.0/src/rp2_common/hardware_watchdog/watchdog.c.obj
                0x10001988                watchdog_reboot
 .text.tick_start
                0x100019d0       0x10 CMakeFiles/capture_edge_c11b39f.dir/C_/Users/BenjaminWoerfel/.pico-sdk/sdk/2.0.0/src/rp2_common/hardware_ticks/ticks.c.obj
                0x100019d0                tick_start
 .text.xosc_init
                0x100019e0       0x2c CMakeFiles/capture_edge_c11b39f.dir/C_/Users/BenjaminWoerfel/.pico-sdk/sdk/2.0.0/src/rp2_common/hardware_xosc/xosc.c.obj
                0x100019e0                xosc_init
 .text.runtime_run_initializers_from
                0x10001a0c       0x18 CMakeFiles/capture_edge_c11b39f.dir/C_/Users/BenjaminWoerfel/.pico-sdk/sdk/2.0.0/src/rp2_common/pico_runtime/runtime.c.obj
 .text.first_per_core_initializer
                0x10001a24        0x2 CMakeFiles/capture_edge_c11b39f.dir/C_/Users/BenjaminWoerfel/.pico-sdk/sdk/2.0.0/src/rp2_common/pico_runtime/runtime.c.obj
 *fill*         0x10001a26        0x2 
 .text.runtime_run_initializers
                0x10001a28       0x10 CMakeFiles/capture_edge_c11b39f.dir/C_/Users/BenjaminWoerfel/.pico-sdk/sdk/2.0.0/src/rp2_common/pico_runtime/runtime.c.obj
                0x10001a28                runtime_run_initializers
 .text.runtime_init_early_resets
                0x10001a38       0x2c CMakeFiles/capture_edge_c11b39f.dir/C_/Users/BenjaminWoerfel/.pico-sdk/sdk/2.0.0/src/rp2_common/pico_runtime_init/runtime_init.c.obj
                0x10001a38                runtime_init_early_resets
 .text.runtime_init_usb_power_down
                0x10001a64       0x1c CMakeFiles/capture_edge_c11b39f.dir/C_/Users/BenjaminWoerfel/.pico-sdk/sdk/2.0.0/src/rp2_common/pico_runtime_init/runtime_init.c.obj
                0x10001a64                runtime_init_usb_power_down
 .text.runtime_init_post_clock_resets
                0x10001a80       0x20 CMakeFiles/capture_edge_c11b39f.dir/C_/Users/BenjaminWoerfel/.pico-sdk/sdk/2.0.0/src/rp2_common/pico_runtime_init/runtime_init.c.obj
                0x10001a80                runtime_init_post_clock_resets
 .text.runtime_init_rp2040_gpio_ie_disable
                0x10001aa0       0x14 CMakeFiles/capture_edge_c11b39f.dir/C_/Users/BenjaminWoerfel/.pico-sdk/sdk/2.0.0/src/rp2_common/pico_runtime_init/runtime_init.c.obj
                0x10001aa0                runtime_init_rp2040_gpio_ie_disable
 .text.runtime_init_spin_locks_reset
                0x10001ab4        0x8 CMakeFiles/capture_edge_c11b39f.dir/C_/Users/BenjaminWoerfel/.pico-sdk/sdk/2.0.0/src/rp2_common/pico_runtime_init/runtime_init.c.obj
                0x10001ab4                runtime_init_spin_locks_reset
 .text.runtime_init_install_ram_vector_table
                0x10001abc       0x1c CMakeFiles/capture_edge_c11b39f.dir/C_/Users/BenjaminWoerfel/.pico-sdk/sdk/2.0.0/src/rp2_common/pico_runtime_init/runtime_init.c.obj
                0x10001abc                runtime_init_install_ram_vector_table
 .text.start_all_ticks
                0x10001ad8       0x28 CMakeFiles/capture_edge_c11b39f.dir/C_/Users/BenjaminWoerfel/.pico-sdk/sdk/2.0.0/src/rp2_common/pico_runtime_init/runtime_init_clocks.c.obj
 .text.runtime_init_clocks
                0x10001b00       0xcc CMakeFiles/capture_edge_c11b39f.dir/C_/Users/BenjaminWoerfel/.pico-sdk/sdk/2.0.0/src/rp2_common/pico_runtime_init/runtime_init_clocks.c.obj
                0x10001b00                runtime_init_clocks
 .text          0x10001bcc       0x10 CMakeFiles/capture_edge_c11b39f.dir/C_/Users/BenjaminWoerfel/.pico-sdk/sdk/2.0.0/src/rp2_common/pico_bit_ops/bit_ops_aeabi.S.obj
 .text.rom_func_lookup
                0x10001bdc       0x10 CMakeFiles/capture_edge_c11b39f.dir/C_/Users/BenjaminWoerfel/.pico-sdk/sdk/2.0.0/src/rp2_common/pico_bootrom/bootrom.c.obj
                0x10001bdc                rom_func_lookup
 .text.rom_data_lookup
                0x10001bec       0x10 CMakeFiles/capture_edge_c11b39f.dir/C_/Users/BenjaminWoerfel/.pico-sdk/sdk/2.0.0/src/rp2_common/pico_bootrom/bootrom.c.obj
                0x10001bec                rom_data_lookup
 .text.rom_funcs_lookup
                0x10001bfc       0x36 CMakeFiles/capture_edge_c11b39f.dir/C_/Users/BenjaminWoerfel/.pico-sdk/sdk/2.0.0/src/rp2_common/pico_bootrom/bootrom.c.obj
                0x10001bfc                rom_funcs_lookup
 *fill*         0x10001c32        0x2 
 .text.rom_reset_usb_boot
                0x10001c34       0x18 CMakeFiles/capture_edge_c11b39f.dir/C_/Users/BenjaminWoerfel/.pico-sdk/sdk/2.0.0/src/rp2_common/pico_bootrom/bootrom.c.obj
                0x10001c34                rom_reset_usb_boot
 .text.__wrap___aeabi_idiv
                0x10001c4c       0x50 CMakeFiles/capture_edge_c11b39f.dir/C_/Users/BenjaminWoerfel/.pico-sdk/sdk/2.0.0/src/rp2_common/pico_divider/divider_hardware.S.obj
                0x10001c4c                __wrap___aeabi_idivmod
                0x10001c4c                divmod_s32s32
                0x10001c4c                div_s32s32
                0x10001c4c                __wrap___aeabi_idiv
                0x10001c54                divmod_s32s32_unsafe
                0x10001c80                divmod_s32s32_savestate
 .text.__wrap___aeabi_uidiv
                0x10001c9c       0x4c CMakeFiles/capture_edge_c11b39f.dir/C_/Users/BenjaminWoerfel/.pico-sdk/sdk/2.0.0/src/rp2_common/pico_divider/divider_hardware.S.obj
                0x10001c9c                __wrap___aeabi_uidiv
                0x10001c9c                __wrap___aeabi_uidivmod
                0x10001c9c                div_u32u32
                0x10001c9c                divmod_u32u32
                0x10001ca4                divmod_u32u32_unsafe
                0x10001ccc                divmod_u32u32_savestate
 .text.__wrap___aeabi_ldiv
                0x10001ce8      0x424 CMakeFiles/capture_edge_c11b39f.dir/C_/Users/BenjaminWoerfel/.pico-sdk/sdk/2.0.0/src/rp2_common/pico_divider/divider_hardware.S.obj
                0x10001ce8                div_s64s64
                0x10001ce8                divmod_s64s64
                0x10001ce8                __wrap___aeabi_ldivmod
                0x10001d18                divmod_u64u64
                0x10001d18                div_u64u64
                0x10001d18                __wrap___aeabi_uldivmod
                0x10001d28                divmod_u64u64_savestate
                0x10001d48                divmod_s64s64_unsafe
                0x10001dd0                divmod_u64u64_unsafe
 .text.__wrap___aeabi_darithmetic
                0x1000210c       0x60 CMakeFiles/capture_edge_c11b39f.dir/C_/Users/BenjaminWoerfel/.pico-sdk/sdk/2.0.0/src/rp2_common/pico_double/double_aeabi_rp2040.S.obj
                0x1000210c                __wrap___aeabi_drsub
                0x10002112                __wrap___aeabi_dsub
                0x1000211c                __wrap___aeabi_dadd
                0x10002126                __wrap___aeabi_ddiv
                0x1000215a                __wrap___aeabi_dmul
 .text.__wrap___aeabi_cdcmple
                0x1000216c       0x6c CMakeFiles/capture_edge_c11b39f.dir/C_/Users/BenjaminWoerfel/.pico-sdk/sdk/2.0.0/src/rp2_common/pico_double/double_aeabi_rp2040.S.obj
                0x1000216c                __wrap___aeabi_cdrcmple
                0x1000217c                __wrap___aeabi_cdcmpeq
                0x1000217c                __wrap___aeabi_cdcmple
 .text.__wrap___aeabi_dcmplt
                0x100021d8        0xc CMakeFiles/capture_edge_c11b39f.dir/C_/Users/BenjaminWoerfel/.pico-sdk/sdk/2.0.0/src/rp2_common/pico_double/double_aeabi_rp2040.S.obj
                0x100021d8                __wrap___aeabi_dcmplt
 .text.__wrap___aeabi_dcmple
                0x100021e4       0x10 CMakeFiles/capture_edge_c11b39f.dir/C_/Users/BenjaminWoerfel/.pico-sdk/sdk/2.0.0/src/rp2_common/pico_double/double_aeabi_rp2040.S.obj
                0x100021e4                __wrap___aeabi_dcmple
 .text.__wrap___aeabi_dcmpge
                0x100021f4       0x10 CMakeFiles/capture_edge_c11b39f.dir/C_/Users/BenjaminWoerfel/.pico-sdk/sdk/2.0.0/src/rp2_common/pico_double/double_aeabi_rp2040.S.obj
                0x100021f4                __wrap___aeabi_dcmpge
 .text.__wrap___aeabi_dcmpgt
                0x10002204        0xa CMakeFiles/capture_edge_c11b39f.dir/C_/Users/BenjaminWoerfel/.pico-sdk/sdk/2.0.0/src/rp2_common/pico_double/double_aeabi_rp2040.S.obj
                0x10002204                __wrap___aeabi_dcmpgt
 .text.__wrap___aeabi_dcmpun
                0x1000220e       0x18 CMakeFiles/capture_edge_c11b39f.dir/C_/Users/BenjaminWoerfel/.pico-sdk/sdk/2.0.0/src/rp2_common/pico_double/double_aeabi_rp2040.S.obj
                0x1000220e                __wrap___aeabi_dcmpun
 *fill*         0x10002226        0x2 
 .text.__wrap___aeabi_i2d
                0x10002228       0x38 CMakeFiles/capture_edge_c11b39f.dir/C_/Users/BenjaminWoerfel/.pico-sdk/sdk/2.0.0/src/rp2_common/pico_double/double_aeabi_rp2040.S.obj
                0x10002228                __wrap___aeabi_ui2d
                0x10002230                __wrap___aeabi_i2d
 .text.__wrap___aeabi_d2iz
                0x10002260       0x48 CMakeFiles/capture_edge_c11b39f.dir/C_/Users/BenjaminWoerfel/.pico-sdk/sdk/2.0.0/src/rp2_common/pico_double/double_aeabi_rp2040.S.obj
                0x10002260                double2int_z
                0x10002260                __wrap___aeabi_d2iz
 .text.__wrap___aeabi_d2uiz
                0x100022a8       0x10 CMakeFiles/capture_edge_c11b39f.dir/C_/Users/BenjaminWoerfel/.pico-sdk/sdk/2.0.0/src/rp2_common/pico_double/double_aeabi_rp2040.S.obj
                0x100022a8                __wrap___aeabi_d2uiz
                0x100022a8                double2uint
 .text.missing_double_func_shim
                0x100022b8        0xc CMakeFiles/capture_edge_c11b39f.dir/C_/Users/BenjaminWoerfel/.pico-sdk/sdk/2.0.0/src/rp2_common/pico_double/double_init_rom_rp2040.c.obj
 .text.__aeabi_double_init
                0x100022c4       0xd0 CMakeFiles/capture_edge_c11b39f.dir/C_/Users/BenjaminWoerfel/.pico-sdk/sdk/2.0.0/src/rp2_common/pico_double/double_init_rom_rp2040.c.obj
                0x100022c4                __aeabi_double_init
 .text.double_table_shim_on_use_helper
                0x10002394       0x34 CMakeFiles/capture_edge_c11b39f.dir/C_/Users/BenjaminWoerfel/.pico-sdk/sdk/2.0.0/src/rp2_common/pico_double/double_v1_rom_shim_rp2040.S.obj
                0x10002394                double_table_shim_on_use_helper
 .text.__aeabi_lmul
                0x100023c8       0x32 CMakeFiles/capture_edge_c11b39f.dir/C_/Users/BenjaminWoerfel/.pico-sdk/sdk/2.0.0/src/rp2_common/pico_int64_ops/pico_int64_ops_aeabi.S.obj
                0x100023c8                __wrap___aeabi_lmul
 *fill*         0x100023fa        0x2 
 .text.__wrap___aeabi_farithmetic
                0x100023fc       0x48 CMakeFiles/capture_edge_c11b39f.dir/C_/Users/BenjaminWoerfel/.pico-sdk/sdk/2.0.0/src/rp2_common/pico_float/float_aeabi_rp2040.S.obj
                0x100023fc                __wrap___aeabi_frsub
                0x10002402                __wrap___aeabi_fsub
                0x10002408                __wrap___aeabi_fadd
                0x1000240e                __wrap___aeabi_fdiv
                0x10002436                __wrap___aeabi_fmul
 .text.__wrap___aeabi_ui2f
                0x10002444        0xa CMakeFiles/capture_edge_c11b39f.dir/C_/Users/BenjaminWoerfel/.pico-sdk/sdk/2.0.0/src/rp2_common/pico_float/float_aeabi_rp2040.S.obj
                0x10002444                __wrap___aeabi_ui2f
                0x10002444                uint2float
 *fill*         0x1000244e        0x2 
 .text.__wrap___aeabi_i2f
                0x10002450       0x44 CMakeFiles/capture_edge_c11b39f.dir/C_/Users/BenjaminWoerfel/.pico-sdk/sdk/2.0.0/src/rp2_common/pico_float/float_aeabi_rp2040.S.obj
                0x10002450                __wrap___aeabi_i2f
                0x10002450                int2float
 .text.__wrap___aeabi_f2uiz
                0x10002494        0xc CMakeFiles/capture_edge_c11b39f.dir/C_/Users/BenjaminWoerfel/.pico-sdk/sdk/2.0.0/src/rp2_common/pico_float/float_aeabi_rp2040.S.obj
                0x10002494                __wrap___aeabi_f2uiz
                0x10002494                float2uint_z
 .text.__wrap___aeabi_f2d
                0x100024a0        0xc CMakeFiles/capture_edge_c11b39f.dir/C_/Users/BenjaminWoerfel/.pico-sdk/sdk/2.0.0/src/rp2_common/pico_float/float_aeabi_rp2040.S.obj
                0x100024a0                __wrap___aeabi_f2d
 .text.missing_float_func_shim
                0x100024ac        0xc CMakeFiles/capture_edge_c11b39f.dir/C_/Users/BenjaminWoerfel/.pico-sdk/sdk/2.0.0/src/rp2_common/pico_float/float_init_rom_rp2040.c.obj
 .text.__aeabi_float_init
                0x100024b8       0x88 CMakeFiles/capture_edge_c11b39f.dir/C_/Users/BenjaminWoerfel/.pico-sdk/sdk/2.0.0/src/rp2_common/pico_float/float_init_rom_rp2040.c.obj
                0x100024b8                __aeabi_float_init
 .text          0x10002540       0x10 CMakeFiles/capture_edge_c11b39f.dir/C_/Users/BenjaminWoerfel/.pico-sdk/sdk/2.0.0/src/rp2_common/pico_mem_ops/mem_ops_aeabi.S.obj
                0x10002540                __aeabi_mem_init
 .text.memset   0x10002550        0xc CMakeFiles/capture_edge_c11b39f.dir/C_/Users/BenjaminWoerfel/.pico-sdk/sdk/2.0.0/src/rp2_common/pico_mem_ops/mem_ops_aeabi.S.obj
                0x10002550                __wrap_memset
 .text.memcpy   0x1000255c        0xc CMakeFiles/capture_edge_c11b39f.dir/C_/Users/BenjaminWoerfel/.pico-sdk/sdk/2.0.0/src/rp2_common/pico_mem_ops/mem_ops_aeabi.S.obj
                0x1000255c                __wrap_memcpy
                0x1000255c                __wrap___aeabi_memcpy
 .text._out_null
                0x10002568        0x2 CMakeFiles/capture_edge_c11b39f.dir/C_/Users/BenjaminWoerfel/.pico-sdk/sdk/2.0.0/src/rp2_common/pico_printf/printf.c.obj
 .text._out_fct
                0x1000256a        0xe CMakeFiles/capture_edge_c11b39f.dir/C_/Users/BenjaminWoerfel/.pico-sdk/sdk/2.0.0/src/rp2_common/pico_printf/printf.c.obj
 .text._atoi    0x10002578       0x24 CMakeFiles/capture_edge_c11b39f.dir/C_/Users/BenjaminWoerfel/.pico-sdk/sdk/2.0.0/src/rp2_common/pico_printf/printf.c.obj
 .text._out_rev
                0x1000259c       0xae CMakeFiles/capture_edge_c11b39f.dir/C_/Users/BenjaminWoerfel/.pico-sdk/sdk/2.0.0/src/rp2_common/pico_printf/printf.c.obj
 .text._ntoa_format
                0x1000264a      0x110 CMakeFiles/capture_edge_c11b39f.dir/C_/Users/BenjaminWoerfel/.pico-sdk/sdk/2.0.0/src/rp2_common/pico_printf/printf.c.obj
 .text._ntoa_long
                0x1000275a       0xbc CMakeFiles/capture_edge_c11b39f.dir/C_/Users/BenjaminWoerfel/.pico-sdk/sdk/2.0.0/src/rp2_common/pico_printf/printf.c.obj
 .text._ntoa_long_long
                0x10002816      0x10e CMakeFiles/capture_edge_c11b39f.dir/C_/Users/BenjaminWoerfel/.pico-sdk/sdk/2.0.0/src/rp2_common/pico_printf/printf.c.obj
 .text._etoa    0x10002924      0x420 CMakeFiles/capture_edge_c11b39f.dir/C_/Users/BenjaminWoerfel/.pico-sdk/sdk/2.0.0/src/rp2_common/pico_printf/printf.c.obj
 .text._ftoa    0x10002d44      0x354 CMakeFiles/capture_edge_c11b39f.dir/C_/Users/BenjaminWoerfel/.pico-sdk/sdk/2.0.0/src/rp2_common/pico_printf/printf.c.obj
 .text._vsnprintf
                0x10003098      0x668 CMakeFiles/capture_edge_c11b39f.dir/C_/Users/BenjaminWoerfel/.pico-sdk/sdk/2.0.0/src/rp2_common/pico_printf/printf.c.obj
 .text.vfctprintf
                0x10003700       0x20 CMakeFiles/capture_edge_c11b39f.dir/C_/Users/BenjaminWoerfel/.pico-sdk/sdk/2.0.0/src/rp2_common/pico_printf/printf.c.obj
                0x10003700                vfctprintf
 .text._exit    0x10003720        0x4 CMakeFiles/capture_edge_c11b39f.dir/C_/Users/BenjaminWoerfel/.pico-sdk/sdk/2.0.0/src/rp2_common/pico_clib_interface/newlib_interface.c.obj
                0x10003720                _exit
 .text.exit     0x10003724        0x6 CMakeFiles/capture_edge_c11b39f.dir/C_/Users/BenjaminWoerfel/.pico-sdk/sdk/2.0.0/src/rp2_common/pico_clib_interface/newlib_interface.c.obj
                0x10003724                exit
 *fill*         0x1000372a        0x2 
 .text.__assert_func
                0x1000372c       0x38 CMakeFiles/capture_edge_c11b39f.dir/C_/Users/BenjaminWoerfel/.pico-sdk/sdk/2.0.0/src/rp2_common/pico_clib_interface/newlib_interface.c.obj
                0x1000372c                __assert_func
 .text.runtime_init
                0x10003764       0x28 CMakeFiles/capture_edge_c11b39f.dir/C_/Users/BenjaminWoerfel/.pico-sdk/sdk/2.0.0/src/rp2_common/pico_clib_interface/newlib_interface.c.obj
                0x10003764                runtime_init
 .text.stdio_out_chars_no_crlf
                0x1000378c        0xe CMakeFiles/capture_edge_c11b39f.dir/C_/Users/BenjaminWoerfel/.pico-sdk/sdk/2.0.0/src/rp2_common/pico_stdio/stdio.c.obj
 *fill*         0x1000379a        0x2 
 .text.stdio_out_chars_crlf
                0x1000379c       0x80 CMakeFiles/capture_edge_c11b39f.dir/C_/Users/BenjaminWoerfel/.pico-sdk/sdk/2.0.0/src/rp2_common/pico_stdio/stdio.c.obj
 .text.stdio_stack_buffer_flush
                0x1000381c       0x44 CMakeFiles/capture_edge_c11b39f.dir/C_/Users/BenjaminWoerfel/.pico-sdk/sdk/2.0.0/src/rp2_common/pico_stdio/stdio.c.obj
 .text.stdio_buffered_printer
                0x10003860       0x20 CMakeFiles/capture_edge_c11b39f.dir/C_/Users/BenjaminWoerfel/.pico-sdk/sdk/2.0.0/src/rp2_common/pico_stdio/stdio.c.obj
 .text.stdout_serialize_begin
                0x10003880       0x30 CMakeFiles/capture_edge_c11b39f.dir/C_/Users/BenjaminWoerfel/.pico-sdk/sdk/2.0.0/src/rp2_common/pico_stdio/stdio.c.obj
                0x10003880                stdout_serialize_begin
 .text.stdout_serialize_end
                0x100038b0       0x10 CMakeFiles/capture_edge_c11b39f.dir/C_/Users/BenjaminWoerfel/.pico-sdk/sdk/2.0.0/src/rp2_common/pico_stdio/stdio.c.obj
                0x100038b0                stdout_serialize_end
 .text.stdio_put_string
                0x100038c0       0x94 CMakeFiles/capture_edge_c11b39f.dir/C_/Users/BenjaminWoerfel/.pico-sdk/sdk/2.0.0/src/rp2_common/pico_stdio/stdio.c.obj
                0x100038c0                stdio_put_string
 .text.stdio_set_driver_enabled
                0x10003954       0x2c CMakeFiles/capture_edge_c11b39f.dir/C_/Users/BenjaminWoerfel/.pico-sdk/sdk/2.0.0/src/rp2_common/pico_stdio/stdio.c.obj
                0x10003954                stdio_set_driver_enabled
 .text.stdio_flush
                0x10003980       0x20 CMakeFiles/capture_edge_c11b39f.dir/C_/Users/BenjaminWoerfel/.pico-sdk/sdk/2.0.0/src/rp2_common/pico_stdio/stdio.c.obj
                0x10003980                stdio_flush
 .text.stdio_init_all
                0x100039a0        0x8 CMakeFiles/capture_edge_c11b39f.dir/C_/Users/BenjaminWoerfel/.pico-sdk/sdk/2.0.0/src/rp2_common/pico_stdio/stdio.c.obj
                0x100039a0                stdio_init_all
 .text.__wrap_puts
                0x100039a8       0x1e CMakeFiles/capture_edge_c11b39f.dir/C_/Users/BenjaminWoerfel/.pico-sdk/sdk/2.0.0/src/rp2_common/pico_stdio/stdio.c.obj
                0x100039a8                stdio_puts
                0x100039a8                __wrap_puts
 *fill*         0x100039c6        0x2 
 .text.__wrap_vprintf
                0x100039c8       0x40 CMakeFiles/capture_edge_c11b39f.dir/C_/Users/BenjaminWoerfel/.pico-sdk/sdk/2.0.0/src/rp2_common/pico_stdio/stdio.c.obj
                0x100039c8                stdio_vprintf
                0x100039c8                __wrap_vprintf
 .text.__wrap_printf
                0x10003a08       0x18 CMakeFiles/capture_edge_c11b39f.dir/C_/Users/BenjaminWoerfel/.pico-sdk/sdk/2.0.0/src/rp2_common/pico_stdio/stdio.c.obj
                0x10003a08                __wrap_printf
                0x10003a08                stdio_printf
 .text.resetd_init
                0x10003a20        0x2 CMakeFiles/capture_edge_c11b39f.dir/C_/Users/BenjaminWoerfel/.pico-sdk/sdk/2.0.0/src/rp2_common/pico_stdio_usb/reset_interface.c.obj
 *fill*         0x10003a22        0x2 
 .text.resetd_reset
                0x10003a24        0xc CMakeFiles/capture_edge_c11b39f.dir/C_/Users/BenjaminWoerfel/.pico-sdk/sdk/2.0.0/src/rp2_common/pico_stdio_usb/reset_interface.c.obj
 .text.resetd_open
                0x10003a30       0x34 CMakeFiles/capture_edge_c11b39f.dir/C_/Users/BenjaminWoerfel/.pico-sdk/sdk/2.0.0/src/rp2_common/pico_stdio_usb/reset_interface.c.obj
 .text.resetd_xfer_cb
                0x10003a64        0x4 CMakeFiles/capture_edge_c11b39f.dir/C_/Users/BenjaminWoerfel/.pico-sdk/sdk/2.0.0/src/rp2_common/pico_stdio_usb/reset_interface.c.obj
 .text.resetd_control_xfer_cb
                0x10003a68       0x5c CMakeFiles/capture_edge_c11b39f.dir/C_/Users/BenjaminWoerfel/.pico-sdk/sdk/2.0.0/src/rp2_common/pico_stdio_usb/reset_interface.c.obj
 .text.tud_descriptor_bos_cb
                0x10003ac4        0x8 CMakeFiles/capture_edge_c11b39f.dir/C_/Users/BenjaminWoerfel/.pico-sdk/sdk/2.0.0/src/rp2_common/pico_stdio_usb/reset_interface.c.obj
                0x10003ac4                tud_descriptor_bos_cb
 .text.tud_vendor_control_xfer_cb
                0x10003acc       0x38 CMakeFiles/capture_edge_c11b39f.dir/C_/Users/BenjaminWoerfel/.pico-sdk/sdk/2.0.0/src/rp2_common/pico_stdio_usb/reset_interface.c.obj
                0x10003acc                tud_vendor_control_xfer_cb
 .text.usbd_app_driver_get_cb
                0x10003b04        0xc CMakeFiles/capture_edge_c11b39f.dir/C_/Users/BenjaminWoerfel/.pico-sdk/sdk/2.0.0/src/rp2_common/pico_stdio_usb/reset_interface.c.obj
                0x10003b04                usbd_app_driver_get_cb
 .text.tud_cdc_line_coding_cb
                0x10003b10       0x28 CMakeFiles/capture_edge_c11b39f.dir/C_/Users/BenjaminWoerfel/.pico-sdk/sdk/2.0.0/src/rp2_common/pico_stdio_usb/reset_interface.c.obj
                0x10003b10                tud_cdc_line_coding_cb
 .text.stdio_usb_set_chars_available_callback
                0x10003b38       0x14 CMakeFiles/capture_edge_c11b39f.dir/C_/Users/BenjaminWoerfel/.pico-sdk/sdk/2.0.0/src/rp2_common/pico_stdio_usb/stdio_usb.c.obj
                0x10003b38                stdio_usb_set_chars_available_callback
 .text.stdio_usb_out_flush
                0x10003b4c       0x4c CMakeFiles/capture_edge_c11b39f.dir/C_/Users/BenjaminWoerfel/.pico-sdk/sdk/2.0.0/src/rp2_common/pico_stdio_usb/stdio_usb.c.obj
 .text.usb_irq  0x10003b98       0x10 CMakeFiles/capture_edge_c11b39f.dir/C_/Users/BenjaminWoerfel/.pico-sdk/sdk/2.0.0/src/rp2_common/pico_stdio_usb/stdio_usb.c.obj
 .text.critical_section_enter_blocking
                0x10003ba8       0x16 CMakeFiles/capture_edge_c11b39f.dir/C_/Users/BenjaminWoerfel/.pico-sdk/sdk/2.0.0/src/rp2_common/pico_stdio_usb/stdio_usb.c.obj
 *fill*         0x10003bbe        0x2 
 .text.timer_task
                0x10003bc0       0x60 CMakeFiles/capture_edge_c11b39f.dir/C_/Users/BenjaminWoerfel/.pico-sdk/sdk/2.0.0/src/rp2_common/pico_stdio_usb/stdio_usb.c.obj
 .text.alarm_pool_add_alarm_in_us
                0x10003c20       0x40 CMakeFiles/capture_edge_c11b39f.dir/C_/Users/BenjaminWoerfel/.pico-sdk/sdk/2.0.0/src/rp2_common/pico_stdio_usb/stdio_usb.c.obj
 .text.add_alarm_in_us
                0x10003c60       0x2e CMakeFiles/capture_edge_c11b39f.dir/C_/Users/BenjaminWoerfel/.pico-sdk/sdk/2.0.0/src/rp2_common/pico_stdio_usb/stdio_usb.c.obj
 *fill*         0x10003c8e        0x2 
 .text.low_priority_worker_irq
                0x10003c90       0xa0 CMakeFiles/capture_edge_c11b39f.dir/C_/Users/BenjaminWoerfel/.pico-sdk/sdk/2.0.0/src/rp2_common/pico_stdio_usb/stdio_usb.c.obj
 .text.stdio_usb_init
                0x10003d30       0xdc CMakeFiles/capture_edge_c11b39f.dir/C_/Users/BenjaminWoerfel/.pico-sdk/sdk/2.0.0/src/rp2_common/pico_stdio_usb/stdio_usb.c.obj
                0x10003d30                stdio_usb_init
 .text.stdio_usb_connected
                0x10003e0c        0xa CMakeFiles/capture_edge_c11b39f.dir/C_/Users/BenjaminWoerfel/.pico-sdk/sdk/2.0.0/src/rp2_common/pico_stdio_usb/stdio_usb.c.obj
                0x10003e0c                stdio_usb_connected
 *fill*         0x10003e16        0x2 
 .text.stdio_usb_in_chars
                0x10003e18       0x98 CMakeFiles/capture_edge_c11b39f.dir/C_/Users/BenjaminWoerfel/.pico-sdk/sdk/2.0.0/src/rp2_common/pico_stdio_usb/stdio_usb.c.obj
                0x10003e18                stdio_usb_in_chars
 .text.stdio_usb_out_chars
                0x10003eb0       0xe8 CMakeFiles/capture_edge_c11b39f.dir/C_/Users/BenjaminWoerfel/.pico-sdk/sdk/2.0.0/src/rp2_common/pico_stdio_usb/stdio_usb.c.obj
 .text.tud_descriptor_device_cb
                0x10003f98        0x8 CMakeFiles/capture_edge_c11b39f.dir/C_/Users/BenjaminWoerfel/.pico-sdk/sdk/2.0.0/src/rp2_common/pico_stdio_usb/stdio_usb_descriptors.c.obj
                0x10003f98                tud_descriptor_device_cb
 .text.tud_descriptor_configuration_cb
                0x10003fa0        0x8 CMakeFiles/capture_edge_c11b39f.dir/C_/Users/BenjaminWoerfel/.pico-sdk/sdk/2.0.0/src/rp2_common/pico_stdio_usb/stdio_usb_descriptors.c.obj
                0x10003fa0                tud_descriptor_configuration_cb
 .text.tud_descriptor_string_cb
                0x10003fa8       0x6c CMakeFiles/capture_edge_c11b39f.dir/C_/Users/BenjaminWoerfel/.pico-sdk/sdk/2.0.0/src/rp2_common/pico_stdio_usb/stdio_usb_descriptors.c.obj
                0x10003fa8                tud_descriptor_string_cb
 .text._retrieve_unique_id_on_boot
                0x10004014       0x10 CMakeFiles/capture_edge_c11b39f.dir/C_/Users/BenjaminWoerfel/.pico-sdk/sdk/2.0.0/src/rp2_common/pico_unique_id/unique_id.c.obj
 .text.pico_get_unique_board_id_string
                0x10004024       0x5c CMakeFiles/capture_edge_c11b39f.dir/C_/Users/BenjaminWoerfel/.pico-sdk/sdk/2.0.0/src/rp2_common/pico_unique_id/unique_id.c.obj
                0x10004024                pico_get_unique_board_id_string
 .text.flash_get_unique_id
                0x10004080       0x40 CMakeFiles/capture_edge_c11b39f.dir/C_/Users/BenjaminWoerfel/.pico-sdk/sdk/2.0.0/src/rp2_common/hardware_flash/flash.c.obj
                0x10004080                flash_get_unique_id
 .text._hw_endpoint_alloc
                0x100040c0       0x70 CMakeFiles/capture_edge_c11b39f.dir/C_/Users/BenjaminWoerfel/.pico-sdk/sdk/2.0.0/lib/tinyusb/src/portable/raspberrypi/rp2040/dcd_rp2040.c.obj
 .text.hw_endpoint_init
                0x10004130       0xbc CMakeFiles/capture_edge_c11b39f.dir/C_/Users/BenjaminWoerfel/.pico-sdk/sdk/2.0.0/lib/tinyusb/src/portable/raspberrypi/rp2040/dcd_rp2040.c.obj
 .text.hw_endpoint_xfer
                0x100041ec       0x20 CMakeFiles/capture_edge_c11b39f.dir/C_/Users/BenjaminWoerfel/.pico-sdk/sdk/2.0.0/lib/tinyusb/src/portable/raspberrypi/rp2040/dcd_rp2040.c.obj
 .text.dcd_int_enable
                0x1000420c       0x2c CMakeFiles/capture_edge_c11b39f.dir/C_/Users/BenjaminWoerfel/.pico-sdk/sdk/2.0.0/lib/tinyusb/src/portable/raspberrypi/rp2040/dcd_rp2040.c.obj
                0x1000420c                dcd_int_enable
 .text.dcd_set_address
                0x10004238       0x2c CMakeFiles/capture_edge_c11b39f.dir/C_/Users/BenjaminWoerfel/.pico-sdk/sdk/2.0.0/lib/tinyusb/src/portable/raspberrypi/rp2040/dcd_rp2040.c.obj
                0x10004238                dcd_set_address
 .text.dcd_connect
                0x10004264       0x10 CMakeFiles/capture_edge_c11b39f.dir/C_/Users/BenjaminWoerfel/.pico-sdk/sdk/2.0.0/lib/tinyusb/src/portable/raspberrypi/rp2040/dcd_rp2040.c.obj
                0x10004264                dcd_connect
 .text.dcd_init
                0x10004274       0x80 CMakeFiles/capture_edge_c11b39f.dir/C_/Users/BenjaminWoerfel/.pico-sdk/sdk/2.0.0/lib/tinyusb/src/portable/raspberrypi/rp2040/dcd_rp2040.c.obj
                0x10004274                dcd_init
 .text.dcd_sof_enable
                0x100042f4       0x1c CMakeFiles/capture_edge_c11b39f.dir/C_/Users/BenjaminWoerfel/.pico-sdk/sdk/2.0.0/lib/tinyusb/src/portable/raspberrypi/rp2040/dcd_rp2040.c.obj
                0x100042f4                dcd_sof_enable
 .text.dcd_edpt0_status_complete
                0x10004310       0x1c CMakeFiles/capture_edge_c11b39f.dir/C_/Users/BenjaminWoerfel/.pico-sdk/sdk/2.0.0/lib/tinyusb/src/portable/raspberrypi/rp2040/dcd_rp2040.c.obj
                0x10004310                dcd_edpt0_status_complete
 .text.dcd_edpt_open
                0x1000432c       0x40 CMakeFiles/capture_edge_c11b39f.dir/C_/Users/BenjaminWoerfel/.pico-sdk/sdk/2.0.0/lib/tinyusb/src/portable/raspberrypi/rp2040/dcd_rp2040.c.obj
                0x1000432c                dcd_edpt_open
 .text.dcd_edpt_close_all
                0x1000436c        0x8 CMakeFiles/capture_edge_c11b39f.dir/C_/Users/BenjaminWoerfel/.pico-sdk/sdk/2.0.0/lib/tinyusb/src/portable/raspberrypi/rp2040/dcd_rp2040.c.obj
                0x1000436c                dcd_edpt_close_all
 .text.dcd_edpt_xfer
                0x10004374       0x30 CMakeFiles/capture_edge_c11b39f.dir/C_/Users/BenjaminWoerfel/.pico-sdk/sdk/2.0.0/lib/tinyusb/src/portable/raspberrypi/rp2040/dcd_rp2040.c.obj
                0x10004374                dcd_edpt_xfer
 .text.dcd_edpt_stall
                0x100043a4       0x3c CMakeFiles/capture_edge_c11b39f.dir/C_/Users/BenjaminWoerfel/.pico-sdk/sdk/2.0.0/lib/tinyusb/src/portable/raspberrypi/rp2040/dcd_rp2040.c.obj
                0x100043a4                dcd_edpt_stall
 .text.dcd_edpt_clear_stall
                0x100043e0       0x30 CMakeFiles/capture_edge_c11b39f.dir/C_/Users/BenjaminWoerfel/.pico-sdk/sdk/2.0.0/lib/tinyusb/src/portable/raspberrypi/rp2040/dcd_rp2040.c.obj
                0x100043e0                dcd_edpt_clear_stall
 .text.unaligned_memcpy
                0x10004410       0x14 CMakeFiles/capture_edge_c11b39f.dir/C_/Users/BenjaminWoerfel/.pico-sdk/sdk/2.0.0/lib/tinyusb/src/portable/raspberrypi/rp2040/rp2040_usb.c.obj
 .text.rp2040_usb_init
                0x10004424       0x44 CMakeFiles/capture_edge_c11b39f.dir/C_/Users/BenjaminWoerfel/.pico-sdk/sdk/2.0.0/lib/tinyusb/src/portable/raspberrypi/rp2040/rp2040_usb.c.obj
                0x10004424                rp2040_usb_init
 .text.hw_endpoint_xfer_start
                0x10004468       0x60 CMakeFiles/capture_edge_c11b39f.dir/C_/Users/BenjaminWoerfel/.pico-sdk/sdk/2.0.0/lib/tinyusb/src/portable/raspberrypi/rp2040/rp2040_usb.c.obj
                0x10004468                hw_endpoint_xfer_start
 .text.configuration_reset
                0x100044c8       0x84 CMakeFiles/capture_edge_c11b39f.dir/C_/Users/BenjaminWoerfel/.pico-sdk/sdk/2.0.0/lib/tinyusb/src/device/usbd.c.obj
 .text.critical_section_enter_blocking
                0x1000454c       0x16 CMakeFiles/capture_edge_c11b39f.dir/C_/Users/BenjaminWoerfel/.pico-sdk/sdk/2.0.0/lib/tinyusb/src/device/usbd.c.obj
 .text.usbd_reset
                0x10004562        0xc CMakeFiles/capture_edge_c11b39f.dir/C_/Users/BenjaminWoerfel/.pico-sdk/sdk/2.0.0/lib/tinyusb/src/device/usbd.c.obj
 .text.invoke_class_control
                0x1000456e       0x1a CMakeFiles/capture_edge_c11b39f.dir/C_/Users/BenjaminWoerfel/.pico-sdk/sdk/2.0.0/lib/tinyusb/src/device/usbd.c.obj
 .text.process_set_config
                0x10004588      0x1b0 CMakeFiles/capture_edge_c11b39f.dir/C_/Users/BenjaminWoerfel/.pico-sdk/sdk/2.0.0/lib/tinyusb/src/device/usbd.c.obj
 .text.tud_event_hook_cb
                0x10004738        0x2 CMakeFiles/capture_edge_c11b39f.dir/C_/Users/BenjaminWoerfel/.pico-sdk/sdk/2.0.0/lib/tinyusb/src/device/usbd.c.obj
                0x10004738                tud_event_hook_cb
 .text.tud_sof_cb
                0x1000473a        0x2 CMakeFiles/capture_edge_c11b39f.dir/C_/Users/BenjaminWoerfel/.pico-sdk/sdk/2.0.0/lib/tinyusb/src/device/usbd.c.obj
                0x1000473a                tud_sof_cb
 .text.tud_descriptor_device_qualifier_cb
                0x1000473c        0x4 CMakeFiles/capture_edge_c11b39f.dir/C_/Users/BenjaminWoerfel/.pico-sdk/sdk/2.0.0/lib/tinyusb/src/device/usbd.c.obj
                0x1000473c                tud_descriptor_device_qualifier_cb
 .text.tud_descriptor_other_speed_configuration_cb
                0x10004740        0x4 CMakeFiles/capture_edge_c11b39f.dir/C_/Users/BenjaminWoerfel/.pico-sdk/sdk/2.0.0/lib/tinyusb/src/device/usbd.c.obj
                0x10004740                tud_descriptor_other_speed_configuration_cb
 .text.process_get_descriptor
                0x10004744       0xe0 CMakeFiles/capture_edge_c11b39f.dir/C_/Users/BenjaminWoerfel/.pico-sdk/sdk/2.0.0/lib/tinyusb/src/device/usbd.c.obj
 .text.tud_mount_cb
                0x10004824        0x2 CMakeFiles/capture_edge_c11b39f.dir/C_/Users/BenjaminWoerfel/.pico-sdk/sdk/2.0.0/lib/tinyusb/src/device/usbd.c.obj
                0x10004824                tud_mount_cb
 .text.tud_umount_cb
                0x10004826        0x2 CMakeFiles/capture_edge_c11b39f.dir/C_/Users/BenjaminWoerfel/.pico-sdk/sdk/2.0.0/lib/tinyusb/src/device/usbd.c.obj
                0x10004826                tud_umount_cb
 .text.tud_suspend_cb
                0x10004828        0x2 CMakeFiles/capture_edge_c11b39f.dir/C_/Users/BenjaminWoerfel/.pico-sdk/sdk/2.0.0/lib/tinyusb/src/device/usbd.c.obj
                0x10004828                tud_suspend_cb
 .text.tud_resume_cb
                0x1000482a        0x2 CMakeFiles/capture_edge_c11b39f.dir/C_/Users/BenjaminWoerfel/.pico-sdk/sdk/2.0.0/lib/tinyusb/src/device/usbd.c.obj
                0x1000482a                tud_resume_cb
 .text.tud_mounted
                0x1000482c       0x10 CMakeFiles/capture_edge_c11b39f.dir/C_/Users/BenjaminWoerfel/.pico-sdk/sdk/2.0.0/lib/tinyusb/src/device/usbd.c.obj
                0x1000482c                tud_mounted
 .text.tud_suspended
                0x1000483c       0x10 CMakeFiles/capture_edge_c11b39f.dir/C_/Users/BenjaminWoerfel/.pico-sdk/sdk/2.0.0/lib/tinyusb/src/device/usbd.c.obj
                0x1000483c                tud_suspended
 .text.tud_inited
                0x1000484c       0x14 CMakeFiles/capture_edge_c11b39f.dir/C_/Users/BenjaminWoerfel/.pico-sdk/sdk/2.0.0/lib/tinyusb/src/device/usbd.c.obj
                0x1000484c                tud_inited
 .text.tud_init
                0x10004860       0xdc CMakeFiles/capture_edge_c11b39f.dir/C_/Users/BenjaminWoerfel/.pico-sdk/sdk/2.0.0/lib/tinyusb/src/device/usbd.c.obj
                0x10004860                tud_init
 .text.usbd_edpt_open
                0x1000493c       0x60 CMakeFiles/capture_edge_c11b39f.dir/C_/Users/BenjaminWoerfel/.pico-sdk/sdk/2.0.0/lib/tinyusb/src/device/usbd.c.obj
                0x1000493c                usbd_edpt_open
 .text.usbd_open_edpt_pair
                0x1000499c       0x8c CMakeFiles/capture_edge_c11b39f.dir/C_/Users/BenjaminWoerfel/.pico-sdk/sdk/2.0.0/lib/tinyusb/src/device/usbd.c.obj
                0x1000499c                usbd_open_edpt_pair
 .text.usbd_edpt_claim
                0x10004a28       0x28 CMakeFiles/capture_edge_c11b39f.dir/C_/Users/BenjaminWoerfel/.pico-sdk/sdk/2.0.0/lib/tinyusb/src/device/usbd.c.obj
                0x10004a28                usbd_edpt_claim
 .text.usbd_edpt_release
                0x10004a50       0x28 CMakeFiles/capture_edge_c11b39f.dir/C_/Users/BenjaminWoerfel/.pico-sdk/sdk/2.0.0/lib/tinyusb/src/device/usbd.c.obj
                0x10004a50                usbd_edpt_release
 .text.usbd_edpt_xfer
                0x10004a78       0x88 CMakeFiles/capture_edge_c11b39f.dir/C_/Users/BenjaminWoerfel/.pico-sdk/sdk/2.0.0/lib/tinyusb/src/device/usbd.c.obj
                0x10004a78                usbd_edpt_xfer
 .text.usbd_edpt_stall
                0x10004b00       0x34 CMakeFiles/capture_edge_c11b39f.dir/C_/Users/BenjaminWoerfel/.pico-sdk/sdk/2.0.0/lib/tinyusb/src/device/usbd.c.obj
                0x10004b00                usbd_edpt_stall
 .text.usbd_edpt_clear_stall
                0x10004b34       0x34 CMakeFiles/capture_edge_c11b39f.dir/C_/Users/BenjaminWoerfel/.pico-sdk/sdk/2.0.0/lib/tinyusb/src/device/usbd.c.obj
                0x10004b34                usbd_edpt_clear_stall
 .text.usbd_edpt_stalled
                0x10004b68       0x1c CMakeFiles/capture_edge_c11b39f.dir/C_/Users/BenjaminWoerfel/.pico-sdk/sdk/2.0.0/lib/tinyusb/src/device/usbd.c.obj
                0x10004b68                usbd_edpt_stalled
 .text.process_control_request
                0x10004b84      0x390 CMakeFiles/capture_edge_c11b39f.dir/C_/Users/BenjaminWoerfel/.pico-sdk/sdk/2.0.0/lib/tinyusb/src/device/usbd.c.obj
 .text.tud_task_ext
                0x10004f14      0x1c8 CMakeFiles/capture_edge_c11b39f.dir/C_/Users/BenjaminWoerfel/.pico-sdk/sdk/2.0.0/lib/tinyusb/src/device/usbd.c.obj
                0x10004f14                tud_task_ext
 .text._status_stage_xact
                0x100050dc       0x1a CMakeFiles/capture_edge_c11b39f.dir/C_/Users/BenjaminWoerfel/.pico-sdk/sdk/2.0.0/lib/tinyusb/src/device/usbd_control.c.obj
 *fill*         0x100050f6        0x2 
 .text._data_stage_xact
                0x100050f8       0x60 CMakeFiles/capture_edge_c11b39f.dir/C_/Users/BenjaminWoerfel/.pico-sdk/sdk/2.0.0/lib/tinyusb/src/device/usbd_control.c.obj
 .text.tud_control_status
                0x10005158       0x28 CMakeFiles/capture_edge_c11b39f.dir/C_/Users/BenjaminWoerfel/.pico-sdk/sdk/2.0.0/lib/tinyusb/src/device/usbd_control.c.obj
                0x10005158                tud_control_status
 .text.tud_control_xfer
                0x10005180       0x98 CMakeFiles/capture_edge_c11b39f.dir/C_/Users/BenjaminWoerfel/.pico-sdk/sdk/2.0.0/lib/tinyusb/src/device/usbd_control.c.obj
                0x10005180                tud_control_xfer
 .text.usbd_control_reset
                0x10005218       0x14 CMakeFiles/capture_edge_c11b39f.dir/C_/Users/BenjaminWoerfel/.pico-sdk/sdk/2.0.0/lib/tinyusb/src/device/usbd_control.c.obj
                0x10005218                usbd_control_reset
 .text.usbd_control_set_complete_callback
                0x1000522c        0xc CMakeFiles/capture_edge_c11b39f.dir/C_/Users/BenjaminWoerfel/.pico-sdk/sdk/2.0.0/lib/tinyusb/src/device/usbd_control.c.obj
                0x1000522c                usbd_control_set_complete_callback
 .text.usbd_control_set_request
                0x10005238       0x1c CMakeFiles/capture_edge_c11b39f.dir/C_/Users/BenjaminWoerfel/.pico-sdk/sdk/2.0.0/lib/tinyusb/src/device/usbd_control.c.obj
                0x10005238                usbd_control_set_request
 .text.usbd_control_xfer_cb
                0x10005254       0xe0 CMakeFiles/capture_edge_c11b39f.dir/C_/Users/BenjaminWoerfel/.pico-sdk/sdk/2.0.0/lib/tinyusb/src/device/usbd_control.c.obj
                0x10005254                usbd_control_xfer_cb
 .text._prep_out_transaction
                0x10005334       0x72 CMakeFiles/capture_edge_c11b39f.dir/C_/Users/BenjaminWoerfel/.pico-sdk/sdk/2.0.0/lib/tinyusb/src/class/cdc/cdc_device.c.obj
 *fill*         0x100053a6        0x2 
 .text.tud_cdc_n_connected
                0x100053a8       0x38 CMakeFiles/capture_edge_c11b39f.dir/C_/Users/BenjaminWoerfel/.pico-sdk/sdk/2.0.0/lib/tinyusb/src/class/cdc/cdc_device.c.obj
                0x100053a8                tud_cdc_n_connected
 .text.tud_cdc_n_available
                0x100053e0       0x18 CMakeFiles/capture_edge_c11b39f.dir/C_/Users/BenjaminWoerfel/.pico-sdk/sdk/2.0.0/lib/tinyusb/src/class/cdc/cdc_device.c.obj
                0x100053e0                tud_cdc_n_available
 .text.tud_cdc_n_read
                0x100053f8       0x38 CMakeFiles/capture_edge_c11b39f.dir/C_/Users/BenjaminWoerfel/.pico-sdk/sdk/2.0.0/lib/tinyusb/src/class/cdc/cdc_device.c.obj
                0x100053f8                tud_cdc_n_read
 .text.tud_cdc_n_write_flush
                0x10005430       0xcc CMakeFiles/capture_edge_c11b39f.dir/C_/Users/BenjaminWoerfel/.pico-sdk/sdk/2.0.0/lib/tinyusb/src/class/cdc/cdc_device.c.obj
                0x10005430                tud_cdc_n_write_flush
 .text.tud_cdc_n_write
                0x100054fc       0x48 CMakeFiles/capture_edge_c11b39f.dir/C_/Users/BenjaminWoerfel/.pico-sdk/sdk/2.0.0/lib/tinyusb/src/class/cdc/cdc_device.c.obj
                0x100054fc                tud_cdc_n_write
 .text.tud_cdc_n_write_available
                0x10005544       0x1c CMakeFiles/capture_edge_c11b39f.dir/C_/Users/BenjaminWoerfel/.pico-sdk/sdk/2.0.0/lib/tinyusb/src/class/cdc/cdc_device.c.obj
                0x10005544                tud_cdc_n_write_available
 .text.cdcd_init
                0x10005560       0xc0 CMakeFiles/capture_edge_c11b39f.dir/C_/Users/BenjaminWoerfel/.pico-sdk/sdk/2.0.0/lib/tinyusb/src/class/cdc/cdc_device.c.obj
                0x10005560                cdcd_init
 .text.cdcd_deinit
                0x10005620       0x50 CMakeFiles/capture_edge_c11b39f.dir/C_/Users/BenjaminWoerfel/.pico-sdk/sdk/2.0.0/lib/tinyusb/src/class/cdc/cdc_device.c.obj
                0x10005620                cdcd_deinit
 .text.cdcd_reset
                0x10005670       0x78 CMakeFiles/capture_edge_c11b39f.dir/C_/Users/BenjaminWoerfel/.pico-sdk/sdk/2.0.0/lib/tinyusb/src/class/cdc/cdc_device.c.obj
                0x10005670                cdcd_reset
 .text.cdcd_open
                0x100056e8       0xf0 CMakeFiles/capture_edge_c11b39f.dir/C_/Users/BenjaminWoerfel/.pico-sdk/sdk/2.0.0/lib/tinyusb/src/class/cdc/cdc_device.c.obj
                0x100056e8                cdcd_open
 .text.cdcd_control_xfer_cb
                0x100057d8      0x138 CMakeFiles/capture_edge_c11b39f.dir/C_/Users/BenjaminWoerfel/.pico-sdk/sdk/2.0.0/lib/tinyusb/src/class/cdc/cdc_device.c.obj
                0x100057d8                cdcd_control_xfer_cb
 .text.cdcd_xfer_cb
                0x10005910      0x144 CMakeFiles/capture_edge_c11b39f.dir/C_/Users/BenjaminWoerfel/.pico-sdk/sdk/2.0.0/lib/tinyusb/src/class/cdc/cdc_device.c.obj
                0x10005910                cdcd_xfer_cb
 .text._prep_out_transaction
                0x10005a54       0x3a CMakeFiles/capture_edge_c11b39f.dir/C_/Users/BenjaminWoerfel/.pico-sdk/sdk/2.0.0/lib/tinyusb/src/class/vendor/vendor_device.c.obj
 *fill*         0x10005a8e        0x2 
 .text.tud_vendor_n_write_flush
                0x10005a90       0xcc CMakeFiles/capture_edge_c11b39f.dir/C_/Users/BenjaminWoerfel/.pico-sdk/sdk/2.0.0/lib/tinyusb/src/class/vendor/vendor_device.c.obj
                0x10005a90                tud_vendor_n_write_flush
 .text.vendord_init
                0x10005b5c       0xa0 CMakeFiles/capture_edge_c11b39f.dir/C_/Users/BenjaminWoerfel/.pico-sdk/sdk/2.0.0/lib/tinyusb/src/class/vendor/vendor_device.c.obj
                0x10005b5c                vendord_init
 .text.vendord_deinit
                0x10005bfc       0x50 CMakeFiles/capture_edge_c11b39f.dir/C_/Users/BenjaminWoerfel/.pico-sdk/sdk/2.0.0/lib/tinyusb/src/class/vendor/vendor_device.c.obj
                0x10005bfc                vendord_deinit
 .text.vendord_reset
                0x10005c4c       0x38 CMakeFiles/capture_edge_c11b39f.dir/C_/Users/BenjaminWoerfel/.pico-sdk/sdk/2.0.0/lib/tinyusb/src/class/vendor/vendor_device.c.obj
                0x10005c4c                vendord_reset
 .text.vendord_open
                0x10005c84       0xd0 CMakeFiles/capture_edge_c11b39f.dir/C_/Users/BenjaminWoerfel/.pico-sdk/sdk/2.0.0/lib/tinyusb/src/class/vendor/vendor_device.c.obj
                0x10005c84                vendord_open
 .text.vendord_xfer_cb
                0x10005d54       0xc8 CMakeFiles/capture_edge_c11b39f.dir/C_/Users/BenjaminWoerfel/.pico-sdk/sdk/2.0.0/lib/tinyusb/src/class/vendor/vendor_device.c.obj
                0x10005d54                vendord_xfer_cb
 .text.tusb_init
                0x10005e1c       0x24 CMakeFiles/capture_edge_c11b39f.dir/C_/Users/BenjaminWoerfel/.pico-sdk/sdk/2.0.0/lib/tinyusb/src/tusb.c.obj
                0x10005e1c                tusb_init
 .text.tu_edpt_claim
                0x10005e40       0x50 CMakeFiles/capture_edge_c11b39f.dir/C_/Users/BenjaminWoerfel/.pico-sdk/sdk/2.0.0/lib/tinyusb/src/tusb.c.obj
                0x10005e40                tu_edpt_claim
 .text.tu_edpt_release
                0x10005e90       0x38 CMakeFiles/capture_edge_c11b39f.dir/C_/Users/BenjaminWoerfel/.pico-sdk/sdk/2.0.0/lib/tinyusb/src/tusb.c.obj
                0x10005e90                tu_edpt_release
 .text.tu_edpt_validate
                0x10005ec8       0xac CMakeFiles/capture_edge_c11b39f.dir/C_/Users/BenjaminWoerfel/.pico-sdk/sdk/2.0.0/lib/tinyusb/src/tusb.c.obj
                0x10005ec8                tu_edpt_validate
 .text.tu_edpt_bind_driver
                0x10005f74       0x26 CMakeFiles/capture_edge_c11b39f.dir/C_/Users/BenjaminWoerfel/.pico-sdk/sdk/2.0.0/lib/tinyusb/src/tusb.c.obj
                0x10005f74                tu_edpt_bind_driver
 .text.advance_index
                0x10005f9a       0x1a CMakeFiles/capture_edge_c11b39f.dir/C_/Users/BenjaminWoerfel/.pico-sdk/sdk/2.0.0/lib/tinyusb/src/common/tusb_fifo.c.obj
 .text._tu_fifo_peek
                0x10005fb4       0x56 CMakeFiles/capture_edge_c11b39f.dir/C_/Users/BenjaminWoerfel/.pico-sdk/sdk/2.0.0/lib/tinyusb/src/common/tusb_fifo.c.obj
 .text._ff_pull_n
                0x1000600a       0x68 CMakeFiles/capture_edge_c11b39f.dir/C_/Users/BenjaminWoerfel/.pico-sdk/sdk/2.0.0/lib/tinyusb/src/common/tusb_fifo.c.obj
 .text._tu_fifo_peek_n
                0x10006072       0x6a CMakeFiles/capture_edge_c11b39f.dir/C_/Users/BenjaminWoerfel/.pico-sdk/sdk/2.0.0/lib/tinyusb/src/common/tusb_fifo.c.obj
 .text._tu_fifo_read_n
                0x100060dc       0x4e CMakeFiles/capture_edge_c11b39f.dir/C_/Users/BenjaminWoerfel/.pico-sdk/sdk/2.0.0/lib/tinyusb/src/common/tusb_fifo.c.obj
 .text._ff_push_n
                0x1000612a       0x68 CMakeFiles/capture_edge_c11b39f.dir/C_/Users/BenjaminWoerfel/.pico-sdk/sdk/2.0.0/lib/tinyusb/src/common/tusb_fifo.c.obj
 .text._tu_fifo_write_n
                0x10006192       0xf0 CMakeFiles/capture_edge_c11b39f.dir/C_/Users/BenjaminWoerfel/.pico-sdk/sdk/2.0.0/lib/tinyusb/src/common/tusb_fifo.c.obj
 .text.tu_fifo_config
                0x10006282       0x7c CMakeFiles/capture_edge_c11b39f.dir/C_/Users/BenjaminWoerfel/.pico-sdk/sdk/2.0.0/lib/tinyusb/src/common/tusb_fifo.c.obj
                0x10006282                tu_fifo_config
 .text.tu_fifo_count
                0x100062fe       0x2a CMakeFiles/capture_edge_c11b39f.dir/C_/Users/BenjaminWoerfel/.pico-sdk/sdk/2.0.0/lib/tinyusb/src/common/tusb_fifo.c.obj
                0x100062fe                tu_fifo_count
 .text.tu_fifo_empty
                0x10006328        0xe CMakeFiles/capture_edge_c11b39f.dir/C_/Users/BenjaminWoerfel/.pico-sdk/sdk/2.0.0/lib/tinyusb/src/common/tusb_fifo.c.obj
                0x10006328                tu_fifo_empty
 .text.tu_fifo_full
                0x10006336       0x28 CMakeFiles/capture_edge_c11b39f.dir/C_/Users/BenjaminWoerfel/.pico-sdk/sdk/2.0.0/lib/tinyusb/src/common/tusb_fifo.c.obj
                0x10006336                tu_fifo_full
 .text.tu_fifo_remaining
                0x1000635e       0x2c CMakeFiles/capture_edge_c11b39f.dir/C_/Users/BenjaminWoerfel/.pico-sdk/sdk/2.0.0/lib/tinyusb/src/common/tusb_fifo.c.obj
                0x1000635e                tu_fifo_remaining
 .text.tu_fifo_read
                0x1000638a       0x42 CMakeFiles/capture_edge_c11b39f.dir/C_/Users/BenjaminWoerfel/.pico-sdk/sdk/2.0.0/lib/tinyusb/src/common/tusb_fifo.c.obj
                0x1000638a                tu_fifo_read
 .text.tu_fifo_read_n
                0x100063cc        0xa CMakeFiles/capture_edge_c11b39f.dir/C_/Users/BenjaminWoerfel/.pico-sdk/sdk/2.0.0/lib/tinyusb/src/common/tusb_fifo.c.obj
                0x100063cc                tu_fifo_read_n
 .text.tu_fifo_write
                0x100063d6       0x64 CMakeFiles/capture_edge_c11b39f.dir/C_/Users/BenjaminWoerfel/.pico-sdk/sdk/2.0.0/lib/tinyusb/src/common/tusb_fifo.c.obj
                0x100063d6                tu_fifo_write
 .text.tu_fifo_write_n
                0x1000643a        0xa CMakeFiles/capture_edge_c11b39f.dir/C_/Users/BenjaminWoerfel/.pico-sdk/sdk/2.0.0/lib/tinyusb/src/common/tusb_fifo.c.obj
                0x1000643a                tu_fifo_write_n
 .text.tu_fifo_clear
                0x10006444       0x3e CMakeFiles/capture_edge_c11b39f.dir/C_/Users/BenjaminWoerfel/.pico-sdk/sdk/2.0.0/lib/tinyusb/src/common/tusb_fifo.c.obj
                0x10006444                tu_fifo_clear
 .text.tu_fifo_set_overwritable
                0x10006482       0x46 CMakeFiles/capture_edge_c11b39f.dir/C_/Users/BenjaminWoerfel/.pico-sdk/sdk/2.0.0/lib/tinyusb/src/common/tusb_fifo.c.obj
                0x10006482                tu_fifo_set_overwritable
 .text.pio_get_default_sm_config
                0x100064c8       0x28 CMakeFiles/capture_edge_c11b39f.dir/C_/Users/BenjaminWoerfel/.pico-sdk/sdk/2.0.0/src/rp2_common/hardware_pio/pio.c.obj
 .text.is_program_gpio_compatible
                0x100064f0        0x4 CMakeFiles/capture_edge_c11b39f.dir/C_/Users/BenjaminWoerfel/.pico-sdk/sdk/2.0.0/src/rp2_common/hardware_pio/pio.c.obj
 .text.add_program_at_offset_check
                0x100064f4       0x64 CMakeFiles/capture_edge_c11b39f.dir/C_/Users/BenjaminWoerfel/.pico-sdk/sdk/2.0.0/src/rp2_common/hardware_pio/pio.c.obj
 .text.add_program_at_offset
                0x10006558       0x60 CMakeFiles/capture_edge_c11b39f.dir/C_/Users/BenjaminWoerfel/.pico-sdk/sdk/2.0.0/src/rp2_common/hardware_pio/pio.c.obj
 .text.find_offset_for_program
                0x100065b8       0x7c CMakeFiles/capture_edge_c11b39f.dir/C_/Users/BenjaminWoerfel/.pico-sdk/sdk/2.0.0/src/rp2_common/hardware_pio/pio.c.obj
 .text.pio_claim_unused_sm
                0x10006634       0x38 CMakeFiles/capture_edge_c11b39f.dir/C_/Users/BenjaminWoerfel/.pico-sdk/sdk/2.0.0/src/rp2_common/hardware_pio/pio.c.obj
                0x10006634                pio_claim_unused_sm
 .text.pio_add_program
                0x1000666c       0x30 CMakeFiles/capture_edge_c11b39f.dir/C_/Users/BenjaminWoerfel/.pico-sdk/sdk/2.0.0/src/rp2_common/hardware_pio/pio.c.obj
                0x1000666c                pio_add_program
 .text.pio_sm_set_consecutive_pindirs
                0x1000669c       0xb4 CMakeFiles/capture_edge_c11b39f.dir/C_/Users/BenjaminWoerfel/.pico-sdk/sdk/2.0.0/src/rp2_common/hardware_pio/pio.c.obj
                0x1000669c                pio_sm_set_consecutive_pindirs
 .text.pio_sm_init
                0x10006750       0xb4 CMakeFiles/capture_edge_c11b39f.dir/C_/Users/BenjaminWoerfel/.pico-sdk/sdk/2.0.0/src/rp2_common/hardware_pio/pio.c.obj
                0x10006750                pio_sm_init
 .text.strlen   0x10006804       0x5c C:/Users/BenjaminWoerfel/.pico-sdk/toolchain/13_2_Rel1/bin/../lib/gcc/arm-none-eabi/13.2.1/thumb/v6-m/nofp\libg.a(libc_a-strlen-stub.o)
                0x10006804                strlen
 *(.fini)
 .fini          0x10006860        0x4 C:/Users/BenjaminWoerfel/.pico-sdk/toolchain/13_2_Rel1/bin/../lib/gcc/arm-none-eabi/13.2.1/thumb/v6-m/nofp/crti.o
                0x10006860                _fini
 *fill*         0x10006864        0x4 
 .fini.__stub   0x10006868       0xd0 linker stubs
 *crtbegin.o(.ctors)
 *crtbegin?.o(.ctors)
 *(EXCLUDE_FILE(*crtend.o *crtend?.o) .ctors)
 *(SORT_BY_NAME(.ctors.*))
 *(.ctors)
 *crtbegin.o(.dtors)
 *crtbegin?.o(.dtors)
 *(EXCLUDE_FILE(*crtend.o *crtend?.o) .dtors)
 *(SORT_BY_NAME(.dtors.*))
 *(.dtors)
                0x10006938                        . = ALIGN (0x4)
                0x10006938                        PROVIDE (__preinit_array_start = .)
 *(SORT_BY_NAME(.preinit_array.*))
 .preinit_array.00100
                0x10006938        0x4 CMakeFiles/capture_edge_c11b39f.dir/C_/Users/BenjaminWoerfel/.pico-sdk/sdk/2.0.0/src/rp2_common/pico_runtime_init/runtime_init.c.obj
                0x10006938                __pre_init_runtime_init_early_resets
 .preinit_array.00101
                0x1000693c        0x4 CMakeFiles/capture_edge_c11b39f.dir/C_/Users/BenjaminWoerfel/.pico-sdk/sdk/2.0.0/src/rp2_common/pico_runtime_init/runtime_init.c.obj
                0x1000693c                __pre_init_runtime_init_usb_power_down
 .preinit_array.00275
                0x10006940        0x4 CMakeFiles/capture_edge_c11b39f.dir/C_/Users/BenjaminWoerfel/.pico-sdk/sdk/2.0.0/src/rp2_common/pico_bit_ops/bit_ops_aeabi.S.obj
 .preinit_array.00300
                0x10006944        0x4 CMakeFiles/capture_edge_c11b39f.dir/C_/Users/BenjaminWoerfel/.pico-sdk/sdk/2.0.0/src/rp2_common/pico_mem_ops/mem_ops_aeabi.S.obj
 .preinit_array.00350
                0x10006948        0x4 CMakeFiles/capture_edge_c11b39f.dir/C_/Users/BenjaminWoerfel/.pico-sdk/sdk/2.0.0/src/rp2_common/pico_double/double_aeabi_rp2040.S.obj
 .preinit_array.00350
                0x1000694c        0x4 CMakeFiles/capture_edge_c11b39f.dir/C_/Users/BenjaminWoerfel/.pico-sdk/sdk/2.0.0/src/rp2_common/pico_float/float_aeabi_rp2040.S.obj
 .preinit_array.00500
                0x10006950        0x4 CMakeFiles/capture_edge_c11b39f.dir/C_/Users/BenjaminWoerfel/.pico-sdk/sdk/2.0.0/src/rp2_common/pico_runtime_init/runtime_init.c.obj
                0x10006950                __pre_init_runtime_init_clocks
 .preinit_array.00600
                0x10006954        0x4 CMakeFiles/capture_edge_c11b39f.dir/C_/Users/BenjaminWoerfel/.pico-sdk/sdk/2.0.0/src/rp2_common/pico_runtime_init/runtime_init.c.obj
                0x10006954                __pre_init_runtime_init_post_clock_resets
 .preinit_array.00700
                0x10006958        0x4 CMakeFiles/capture_edge_c11b39f.dir/C_/Users/BenjaminWoerfel/.pico-sdk/sdk/2.0.0/src/rp2_common/pico_runtime_init/runtime_init.c.obj
                0x10006958                __pre_init_runtime_init_rp2040_gpio_ie_disable
 .preinit_array.01000
                0x1000695c        0x4 CMakeFiles/capture_edge_c11b39f.dir/C_/Users/BenjaminWoerfel/.pico-sdk/sdk/2.0.0/src/rp2_common/pico_runtime_init/runtime_init.c.obj
                0x1000695c                __pre_init_runtime_init_spin_locks_reset
 .preinit_array.01100
                0x10006960        0x4 CMakeFiles/capture_edge_c11b39f.dir/C_/Users/BenjaminWoerfel/.pico-sdk/sdk/2.0.0/src/common/pico_sync/mutex.c.obj
                0x10006960                __pre_init_runtime_init_mutex
 .preinit_array.10080
                0x10006964        0x4 CMakeFiles/capture_edge_c11b39f.dir/C_/Users/BenjaminWoerfel/.pico-sdk/sdk/2.0.0/src/rp2_common/pico_runtime_init/runtime_init.c.obj
                0x10006964                __pre_init_runtime_init_install_ram_vector_table
 .preinit_array.11000
                0x10006968        0x4 CMakeFiles/capture_edge_c11b39f.dir/C_/Users/BenjaminWoerfel/.pico-sdk/sdk/2.0.0/src/common/pico_time/time.c.obj
                0x10006968                __pre_init_runtime_init_default_alarm_pool
 .preinit_array.YYYYY
                0x1000696c        0x4 CMakeFiles/capture_edge_c11b39f.dir/C_/Users/BenjaminWoerfel/.pico-sdk/sdk/2.0.0/src/rp2_common/pico_runtime/runtime.c.obj
                0x1000696c                __pre_init_first_per_core_initializer
 .preinit_array.ZZZZZ.01200
                0x10006970        0x4 CMakeFiles/capture_edge_c11b39f.dir/C_/Users/BenjaminWoerfel/.pico-sdk/sdk/2.0.0/src/rp2_common/hardware_irq/irq.c.obj
                0x10006970                __pre_init_runtime_init_per_core_irq_priorities
 *(.preinit_array)
                0x10006974                        PROVIDE (__preinit_array_end = .)
                0x10006974                        . = ALIGN (0x4)
                0x10006974                        PROVIDE (__init_array_start = .)
 *(SORT_BY_NAME(.init_array.*))
 *(.init_array)
 .init_array    0x10006974        0x4 C:/Users/BenjaminWoerfel/.pico-sdk/toolchain/13_2_Rel1/bin/../lib/gcc/arm-none-eabi/13.2.1/thumb/v6-m/nofp/crtbegin.o
 .init_array    0x10006978        0x4 CMakeFiles/capture_edge_c11b39f.dir/C_/Users/BenjaminWoerfel/.pico-sdk/sdk/2.0.0/src/rp2_common/pico_unique_id/unique_id.c.obj
                0x1000697c                        PROVIDE (__init_array_end = .)
                0x1000697c                        . = ALIGN (0x4)
                [!provide]                        PROVIDE (__fini_array_start = .)
 *(SORT_BY_NAME(.fini_array.*))
 *(.fini_array)
                [!provide]                        PROVIDE (__fini_array_end = .)
 *(.eh_frame*)
 .eh_frame      0x1000697c        0x0 C:/Users/BenjaminWoerfel/.pico-sdk/toolchain/13_2_Rel1/bin/../lib/gcc/arm-none-eabi/13.2.1/thumb/v6-m/nofp/crtbegin.o
                0x1000697c                        . = ALIGN (0x4)

.glue_7         0x1000697c        0x0
 .glue_7        0x1000697c        0x0 linker stubs

.glue_7t        0x1000697c        0x0
 .glue_7t       0x1000697c        0x0 linker stubs

.vfp11_veneer   0x1000697c        0x0
 .vfp11_veneer  0x1000697c        0x0 linker stubs

.v4_bx          0x1000697c        0x0
 .v4_bx         0x1000697c        0x0 linker stubs

.iplt           0x1000697c        0x0
 .iplt          0x1000697c        0x0 C:/Users/BenjaminWoerfel/.pico-sdk/toolchain/13_2_Rel1/bin/../lib/gcc/arm-none-eabi/13.2.1/thumb/v6-m/nofp/crtbegin.o

.rodata         0x10006980     0x15a4
 *(EXCLUDE_FILE(*libm.a: *libc.a:*lib_a-mem*.o *libgcc.a:) .rodata*)
 .rodata.main.str1.4
                0x10006980      0xd88 CMakeFiles/capture_edge_c11b39f.dir/main.c.obj
                                 0x67 (size before relaxing)
 .rodata.capture_edge_program
                0x10007708        0x8 CMakeFiles/capture_edge_c11b39f.dir/capture_edge.c.obj
 .rodata.capture_edge_program_instructions
                0x10007710       0x28 CMakeFiles/capture_edge_c11b39f.dir/capture_edge.c.obj
 .rodata.rp2040_chip_version.str1.4
                0x10007738       0x89 CMakeFiles/capture_edge_c11b39f.dir/C_/Users/BenjaminWoerfel/.pico-sdk/sdk/2.0.0/src/rp2040/pico_platform/platform.c.obj
 .rodata.__func__.0
                0x10007738       0x14 CMakeFiles/capture_edge_c11b39f.dir/C_/Users/BenjaminWoerfel/.pico-sdk/sdk/2.0.0/src/rp2040/pico_platform/platform.c.obj
 .rodata.panic.str1.4
                0x1000774c       0x12 CMakeFiles/capture_edge_c11b39f.dir/C_/Users/BenjaminWoerfel/.pico-sdk/sdk/2.0.0/src/rp2_common/pico_platform_panic/panic.c.obj
 .rodata.spin_lock_claim_unused.str1.4
                0x1000774c       0x1b CMakeFiles/capture_edge_c11b39f.dir/C_/Users/BenjaminWoerfel/.pico-sdk/sdk/2.0.0/src/rp2_common/hardware_sync/sync.c.obj
 .rodata.resolve_j_16.str1.4
                0x1000774c       0x67 CMakeFiles/capture_edge_c11b39f.dir/C_/Users/BenjaminWoerfel/.pico-sdk/sdk/2.0.0/src/rp2_common/hardware_irq/irq.c.obj
 .rodata.make_j_16.str1.4
                0x1000774c       0x30 CMakeFiles/capture_edge_c11b39f.dir/C_/Users/BenjaminWoerfel/.pico-sdk/sdk/2.0.0/src/rp2_common/hardware_irq/irq.c.obj
 .rodata.irq_set_exclusive_handler.str1.4
                0x1000774c       0x36 CMakeFiles/capture_edge_c11b39f.dir/C_/Users/BenjaminWoerfel/.pico-sdk/sdk/2.0.0/src/rp2_common/hardware_irq/irq.c.obj
 .rodata.irq_add_shared_handler.str1.4
                0x1000774c       0xd2 CMakeFiles/capture_edge_c11b39f.dir/C_/Users/BenjaminWoerfel/.pico-sdk/sdk/2.0.0/src/rp2_common/hardware_irq/irq.c.obj
 .rodata.irq_add_tail_to_free_list.str1.4
                0x1000774c       0x3a CMakeFiles/capture_edge_c11b39f.dir/C_/Users/BenjaminWoerfel/.pico-sdk/sdk/2.0.0/src/rp2_common/hardware_irq/irq.c.obj
 .rodata.user_irq_claim_unused.str1.4
                0x1000774c       0x1b CMakeFiles/capture_edge_c11b39f.dir/C_/Users/BenjaminWoerfel/.pico-sdk/sdk/2.0.0/src/rp2_common/hardware_irq/irq.c.obj
 .rodata.__func__.0
                0x1000774c       0x1a CMakeFiles/capture_edge_c11b39f.dir/C_/Users/BenjaminWoerfel/.pico-sdk/sdk/2.0.0/src/rp2_common/hardware_irq/irq.c.obj
 *fill*         0x10007766        0x2 
 .rodata.__func__.3
                0x10007768        0xa CMakeFiles/capture_edge_c11b39f.dir/C_/Users/BenjaminWoerfel/.pico-sdk/sdk/2.0.0/src/rp2_common/hardware_irq/irq.c.obj
 *fill*         0x10007772        0x2 
 .rodata.__func__.4
                0x10007774        0xd CMakeFiles/capture_edge_c11b39f.dir/C_/Users/BenjaminWoerfel/.pico-sdk/sdk/2.0.0/src/rp2_common/hardware_irq/irq.c.obj
 *fill*         0x10007781        0x3 
 .rodata.__func__.5
                0x10007784       0x17 CMakeFiles/capture_edge_c11b39f.dir/C_/Users/BenjaminWoerfel/.pico-sdk/sdk/2.0.0/src/rp2_common/hardware_irq/irq.c.obj
 *fill*         0x1000779b        0x1 
 .rodata.__func__.6
                0x1000779c       0x1a CMakeFiles/capture_edge_c11b39f.dir/C_/Users/BenjaminWoerfel/.pico-sdk/sdk/2.0.0/src/rp2_common/hardware_irq/irq.c.obj
 .rodata.runtime_init_mutex.str1.4
                0x100077b6       0x6a CMakeFiles/capture_edge_c11b39f.dir/C_/Users/BenjaminWoerfel/.pico-sdk/sdk/2.0.0/src/common/pico_sync/mutex.c.obj
 .rodata.str1.4
                0x100077b6       0x51 CMakeFiles/capture_edge_c11b39f.dir/C_/Users/BenjaminWoerfel/.pico-sdk/sdk/2.0.0/src/common/pico_sync/mutex.c.obj
 *fill*         0x100077b6        0x2 
 .rodata.__func__.1
                0x100077b8        0xb CMakeFiles/capture_edge_c11b39f.dir/C_/Users/BenjaminWoerfel/.pico-sdk/sdk/2.0.0/src/common/pico_sync/mutex.c.obj
 *fill*         0x100077c3        0x1 
 .rodata.__func__.3
                0x100077c4       0x18 CMakeFiles/capture_edge_c11b39f.dir/C_/Users/BenjaminWoerfel/.pico-sdk/sdk/2.0.0/src/common/pico_sync/mutex.c.obj
 .rodata.__func__.6
                0x100077dc       0x13 CMakeFiles/capture_edge_c11b39f.dir/C_/Users/BenjaminWoerfel/.pico-sdk/sdk/2.0.0/src/common/pico_sync/mutex.c.obj
 .rodata.alarm_pool_irq_handler.str1.4
                0x100077ef       0x75 CMakeFiles/capture_edge_c11b39f.dir/C_/Users/BenjaminWoerfel/.pico-sdk/sdk/2.0.0/src/common/pico_time/time.c.obj
 .rodata.alarm_pool_get_default.str1.4
                0x100077ef       0x21 CMakeFiles/capture_edge_c11b39f.dir/C_/Users/BenjaminWoerfel/.pico-sdk/sdk/2.0.0/src/common/pico_time/time.c.obj
 .rodata.sleep_until.str1.4
                0x100077ef       0x4d CMakeFiles/capture_edge_c11b39f.dir/C_/Users/BenjaminWoerfel/.pico-sdk/sdk/2.0.0/src/common/pico_time/time.c.obj
 *fill*         0x100077ef        0x1 
 .rodata.__func__.1
                0x100077f0       0x17 CMakeFiles/capture_edge_c11b39f.dir/C_/Users/BenjaminWoerfel/.pico-sdk/sdk/2.0.0/src/common/pico_time/time.c.obj
 *fill*         0x10007807        0x1 
 .rodata.__func__.2
                0x10007808       0x17 CMakeFiles/capture_edge_c11b39f.dir/C_/Users/BenjaminWoerfel/.pico-sdk/sdk/2.0.0/src/common/pico_time/time.c.obj
 .rodata.timer_hardware_alarm_claim.str1.4
                0x1000781f       0x22 CMakeFiles/capture_edge_c11b39f.dir/C_/Users/BenjaminWoerfel/.pico-sdk/sdk/2.0.0/src/rp2_common/hardware_timer/timer.c.obj
 .rodata.pll_init.str1.4
                0x1000781f      0x124 CMakeFiles/capture_edge_c11b39f.dir/C_/Users/BenjaminWoerfel/.pico-sdk/sdk/2.0.0/src/rp2_common/hardware_pll/pll.c.obj
 *fill*         0x1000781f        0x1 
 .rodata.__func__.0
                0x10007820        0x9 CMakeFiles/capture_edge_c11b39f.dir/C_/Users/BenjaminWoerfel/.pico-sdk/sdk/2.0.0/src/rp2_common/hardware_pll/pll.c.obj
 .rodata.missing_double_func_shim.str1.4
                0x10007829       0x18 CMakeFiles/capture_edge_c11b39f.dir/C_/Users/BenjaminWoerfel/.pico-sdk/sdk/2.0.0/src/rp2_common/pico_double/double_init_rom_rp2040.c.obj
 .rodata.__aeabi_double_init.str1.4
                0x10007829       0xa5 CMakeFiles/capture_edge_c11b39f.dir/C_/Users/BenjaminWoerfel/.pico-sdk/sdk/2.0.0/src/rp2_common/pico_double/double_init_rom_rp2040.c.obj
 *fill*         0x10007829        0x3 
 .rodata.__func__.0
                0x1000782c       0x14 CMakeFiles/capture_edge_c11b39f.dir/C_/Users/BenjaminWoerfel/.pico-sdk/sdk/2.0.0/src/rp2_common/pico_double/double_init_rom_rp2040.c.obj
 .rodata.missing_float_func_shim.str1.4
                0x10007840        0x1 CMakeFiles/capture_edge_c11b39f.dir/C_/Users/BenjaminWoerfel/.pico-sdk/sdk/2.0.0/src/rp2_common/pico_float/float_init_rom_rp2040.c.obj
 .rodata.__aeabi_float_init.str1.4
                0x10007840       0x93 CMakeFiles/capture_edge_c11b39f.dir/C_/Users/BenjaminWoerfel/.pico-sdk/sdk/2.0.0/src/rp2_common/pico_float/float_init_rom_rp2040.c.obj
 .rodata.__func__.0
                0x10007840       0x13 CMakeFiles/capture_edge_c11b39f.dir/C_/Users/BenjaminWoerfel/.pico-sdk/sdk/2.0.0/src/rp2_common/pico_float/float_init_rom_rp2040.c.obj
 .rodata.str1.4
                0x10007853       0x58 CMakeFiles/capture_edge_c11b39f.dir/C_/Users/BenjaminWoerfel/.pico-sdk/sdk/2.0.0/src/rp2_common/pico_standard_binary_info/standard_binary_info.c.obj
 *fill*         0x10007853        0x1 
 .rodata.__bi_84
                0x10007854        0xc CMakeFiles/capture_edge_c11b39f.dir/C_/Users/BenjaminWoerfel/.pico-sdk/sdk/2.0.0/src/rp2_common/pico_standard_binary_info/standard_binary_info.c.obj
 .rodata.__bi_60
                0x10007860        0xc CMakeFiles/capture_edge_c11b39f.dir/C_/Users/BenjaminWoerfel/.pico-sdk/sdk/2.0.0/src/rp2_common/pico_standard_binary_info/standard_binary_info.c.obj
 .rodata.__bi_54
                0x1000786c        0xc CMakeFiles/capture_edge_c11b39f.dir/C_/Users/BenjaminWoerfel/.pico-sdk/sdk/2.0.0/src/rp2_common/pico_standard_binary_info/standard_binary_info.c.obj
 .rodata.__bi_48
                0x10007878        0xc CMakeFiles/capture_edge_c11b39f.dir/C_/Users/BenjaminWoerfel/.pico-sdk/sdk/2.0.0/src/rp2_common/pico_standard_binary_info/standard_binary_info.c.obj
 .rodata.__bi_42
                0x10007884        0xc CMakeFiles/capture_edge_c11b39f.dir/C_/Users/BenjaminWoerfel/.pico-sdk/sdk/2.0.0/src/rp2_common/pico_standard_binary_info/standard_binary_info.c.obj
 .rodata.__bi_34
                0x10007890        0xc CMakeFiles/capture_edge_c11b39f.dir/C_/Users/BenjaminWoerfel/.pico-sdk/sdk/2.0.0/src/rp2_common/pico_standard_binary_info/standard_binary_info.c.obj
 .rodata.__bi_26
                0x1000789c        0xc CMakeFiles/capture_edge_c11b39f.dir/C_/Users/BenjaminWoerfel/.pico-sdk/sdk/2.0.0/src/rp2_common/pico_standard_binary_info/standard_binary_info.c.obj
 .rodata._ftoa.str1.4
                0x100078a8       0x15 CMakeFiles/capture_edge_c11b39f.dir/C_/Users/BenjaminWoerfel/.pico-sdk/sdk/2.0.0/src/rp2_common/pico_printf/printf.c.obj
 .rodata._vsnprintf
                0x100078a8      0x19c CMakeFiles/capture_edge_c11b39f.dir/C_/Users/BenjaminWoerfel/.pico-sdk/sdk/2.0.0/src/rp2_common/pico_printf/printf.c.obj
 *fill*         0x10007a44        0x4 
 .rodata.pow10.0
                0x10007a48       0x50 CMakeFiles/capture_edge_c11b39f.dir/C_/Users/BenjaminWoerfel/.pico-sdk/sdk/2.0.0/src/rp2_common/pico_printf/printf.c.obj
 .rodata.__assert_func.str1.4
                0x10007a98       0x43 CMakeFiles/capture_edge_c11b39f.dir/C_/Users/BenjaminWoerfel/.pico-sdk/sdk/2.0.0/src/rp2_common/pico_clib_interface/newlib_interface.c.obj
 .rodata.crlf_str.0
                0x10007a98        0x2 CMakeFiles/capture_edge_c11b39f.dir/C_/Users/BenjaminWoerfel/.pico-sdk/sdk/2.0.0/src/rp2_common/pico_stdio/stdio.c.obj
 *fill*         0x10007a9a        0x2 
 .rodata._resetd_driver
                0x10007a9c       0x20 CMakeFiles/capture_edge_c11b39f.dir/C_/Users/BenjaminWoerfel/.pico-sdk/sdk/2.0.0/src/rp2_common/pico_stdio_usb/reset_interface.c.obj
 .rodata.desc_ms_os_20
                0x10007abc       0xa6 CMakeFiles/capture_edge_c11b39f.dir/C_/Users/BenjaminWoerfel/.pico-sdk/sdk/2.0.0/src/rp2_common/pico_stdio_usb/reset_interface.c.obj
 *fill*         0x10007b62        0x2 
 .rodata.desc_bos
                0x10007b64       0x21 CMakeFiles/capture_edge_c11b39f.dir/C_/Users/BenjaminWoerfel/.pico-sdk/sdk/2.0.0/src/rp2_common/pico_stdio_usb/reset_interface.c.obj
                0x10007b64                desc_bos
 .rodata.stdio_usb_init.str1.4
                0x10007b85       0x5f CMakeFiles/capture_edge_c11b39f.dir/C_/Users/BenjaminWoerfel/.pico-sdk/sdk/2.0.0/src/rp2_common/pico_stdio_usb/stdio_usb.c.obj
 .rodata.str1.4
                0x10007b85       0x13 CMakeFiles/capture_edge_c11b39f.dir/C_/Users/BenjaminWoerfel/.pico-sdk/sdk/2.0.0/src/rp2_common/pico_stdio_usb/stdio_usb.c.obj
 *fill*         0x10007b85        0x3 
 .rodata.__bi_197.1
                0x10007b88        0xc CMakeFiles/capture_edge_c11b39f.dir/C_/Users/BenjaminWoerfel/.pico-sdk/sdk/2.0.0/src/rp2_common/pico_stdio_usb/stdio_usb.c.obj
 .rodata.__func__.2
                0x10007b94        0xf CMakeFiles/capture_edge_c11b39f.dir/C_/Users/BenjaminWoerfel/.pico-sdk/sdk/2.0.0/src/rp2_common/pico_stdio_usb/stdio_usb.c.obj
 .rodata.str1.4
                0x10007ba3       0x2a CMakeFiles/capture_edge_c11b39f.dir/C_/Users/BenjaminWoerfel/.pico-sdk/sdk/2.0.0/src/rp2_common/pico_stdio_usb/stdio_usb_descriptors.c.obj
 *fill*         0x10007ba3        0x1 
 .rodata.usbd_desc_str
                0x10007ba4       0x18 CMakeFiles/capture_edge_c11b39f.dir/C_/Users/BenjaminWoerfel/.pico-sdk/sdk/2.0.0/src/rp2_common/pico_stdio_usb/stdio_usb_descriptors.c.obj
 .rodata.usbd_desc_cfg
                0x10007bbc       0x54 CMakeFiles/capture_edge_c11b39f.dir/C_/Users/BenjaminWoerfel/.pico-sdk/sdk/2.0.0/src/rp2_common/pico_stdio_usb/stdio_usb_descriptors.c.obj
 .rodata.usbd_desc_device
                0x10007c10       0x12 CMakeFiles/capture_edge_c11b39f.dir/C_/Users/BenjaminWoerfel/.pico-sdk/sdk/2.0.0/src/rp2_common/pico_stdio_usb/stdio_usb_descriptors.c.obj
 .rodata.pico_get_unique_board_id_string.str1.4
                0x10007c22       0x5f CMakeFiles/capture_edge_c11b39f.dir/C_/Users/BenjaminWoerfel/.pico-sdk/sdk/2.0.0/src/rp2_common/pico_unique_id/unique_id.c.obj
 *fill*         0x10007c22        0x2 
 .rodata.__func__.0
                0x10007c24       0x20 CMakeFiles/capture_edge_c11b39f.dir/C_/Users/BenjaminWoerfel/.pico-sdk/sdk/2.0.0/src/rp2_common/pico_unique_id/unique_id.c.obj
 .rodata.str1.4
                0x10007c44      0x1a1 CMakeFiles/capture_edge_c11b39f.dir/C_/Users/BenjaminWoerfel/.pico-sdk/sdk/2.0.0/src/rp2_common/hardware_flash/flash.c.obj
 .rodata.__func__.0
                0x10007c44        0xd CMakeFiles/capture_edge_c11b39f.dir/C_/Users/BenjaminWoerfel/.pico-sdk/sdk/2.0.0/src/rp2_common/hardware_flash/flash.c.obj
 .rodata._hw_endpoint_alloc.str1.4
                0x10007c51       0xc9 CMakeFiles/capture_edge_c11b39f.dir/C_/Users/BenjaminWoerfel/.pico-sdk/sdk/2.0.0/lib/tinyusb/src/portable/raspberrypi/rp2040/dcd_rp2040.c.obj
 .rodata.str1.4
                0x10007c51       0x14 CMakeFiles/capture_edge_c11b39f.dir/C_/Users/BenjaminWoerfel/.pico-sdk/sdk/2.0.0/lib/tinyusb/src/portable/raspberrypi/rp2040/dcd_rp2040.c.obj
 .rodata.dcd_int_enable.str1.4
                0x10007c51        0xc CMakeFiles/capture_edge_c11b39f.dir/C_/Users/BenjaminWoerfel/.pico-sdk/sdk/2.0.0/lib/tinyusb/src/portable/raspberrypi/rp2040/dcd_rp2040.c.obj
 *fill*         0x10007c51        0x3 
 .rodata.__func__.0
                0x10007c54        0xe CMakeFiles/capture_edge_c11b39f.dir/C_/Users/BenjaminWoerfel/.pico-sdk/sdk/2.0.0/lib/tinyusb/src/portable/raspberrypi/rp2040/dcd_rp2040.c.obj
 *fill*         0x10007c62        0x2 
 .rodata.__func__.1
                0x10007c64        0xe CMakeFiles/capture_edge_c11b39f.dir/C_/Users/BenjaminWoerfel/.pico-sdk/sdk/2.0.0/lib/tinyusb/src/portable/raspberrypi/rp2040/dcd_rp2040.c.obj
 *fill*         0x10007c72        0x2 
 .rodata.__func__.3
                0x10007c74       0x10 CMakeFiles/capture_edge_c11b39f.dir/C_/Users/BenjaminWoerfel/.pico-sdk/sdk/2.0.0/lib/tinyusb/src/portable/raspberrypi/rp2040/dcd_rp2040.c.obj
 .rodata.__func__.5
                0x10007c84        0xf CMakeFiles/capture_edge_c11b39f.dir/C_/Users/BenjaminWoerfel/.pico-sdk/sdk/2.0.0/lib/tinyusb/src/portable/raspberrypi/rp2040/dcd_rp2040.c.obj
 *fill*         0x10007c93        0x1 
 .rodata.__func__.6
                0x10007c94       0x13 CMakeFiles/capture_edge_c11b39f.dir/C_/Users/BenjaminWoerfel/.pico-sdk/sdk/2.0.0/lib/tinyusb/src/portable/raspberrypi/rp2040/dcd_rp2040.c.obj
 *fill*         0x10007ca7        0x1 
 .rodata.__func__.7
                0x10007ca8        0x9 CMakeFiles/capture_edge_c11b39f.dir/C_/Users/BenjaminWoerfel/.pico-sdk/sdk/2.0.0/lib/tinyusb/src/portable/raspberrypi/rp2040/dcd_rp2040.c.obj
 .rodata.str1.4
                0x10007cb1       0xf0 CMakeFiles/capture_edge_c11b39f.dir/C_/Users/BenjaminWoerfel/.pico-sdk/sdk/2.0.0/lib/tinyusb/src/portable/raspberrypi/rp2040/rp2040_usb.c.obj
 .rodata.hw_endpoint_xfer_start.str1.4
                0x10007cb1       0x38 CMakeFiles/capture_edge_c11b39f.dir/C_/Users/BenjaminWoerfel/.pico-sdk/sdk/2.0.0/lib/tinyusb/src/portable/raspberrypi/rp2040/rp2040_usb.c.obj
 *fill*         0x10007cb1        0x3 
 .rodata.__func__.0
                0x10007cb4        0xf CMakeFiles/capture_edge_c11b39f.dir/C_/Users/BenjaminWoerfel/.pico-sdk/sdk/2.0.0/lib/tinyusb/src/portable/raspberrypi/rp2040/rp2040_usb.c.obj
 .rodata.configuration_reset.str1.4
                0x10007cc3       0x17 CMakeFiles/capture_edge_c11b39f.dir/C_/Users/BenjaminWoerfel/.pico-sdk/sdk/2.0.0/lib/tinyusb/src/device/usbd.c.obj
 *fill*         0x10007cc3        0x1 
 .rodata.process_get_descriptor
                0x10007cc4       0x40 CMakeFiles/capture_edge_c11b39f.dir/C_/Users/BenjaminWoerfel/.pico-sdk/sdk/2.0.0/lib/tinyusb/src/device/usbd.c.obj
 .rodata        0x10007d04       0x1c CMakeFiles/capture_edge_c11b39f.dir/C_/Users/BenjaminWoerfel/.pico-sdk/sdk/2.0.0/lib/tinyusb/src/device/usbd.c.obj
 .rodata.process_control_request
                0x10007d20       0x28 CMakeFiles/capture_edge_c11b39f.dir/C_/Users/BenjaminWoerfel/.pico-sdk/sdk/2.0.0/lib/tinyusb/src/device/usbd.c.obj
 .rodata.tud_task_ext
                0x10007d48       0x24 CMakeFiles/capture_edge_c11b39f.dir/C_/Users/BenjaminWoerfel/.pico-sdk/sdk/2.0.0/lib/tinyusb/src/device/usbd.c.obj
 .rodata.__func__.4
                0x10007d6c        0xf CMakeFiles/capture_edge_c11b39f.dir/C_/Users/BenjaminWoerfel/.pico-sdk/sdk/2.0.0/lib/tinyusb/src/device/usbd.c.obj
 *fill*         0x10007d7b        0x1 
 .rodata.__func__.5
                0x10007d7c        0xf CMakeFiles/capture_edge_c11b39f.dir/C_/Users/BenjaminWoerfel/.pico-sdk/sdk/2.0.0/lib/tinyusb/src/device/usbd.c.obj
 *fill*         0x10007d8b        0x1 
 .rodata.__func__.6
                0x10007d8c       0x14 CMakeFiles/capture_edge_c11b39f.dir/C_/Users/BenjaminWoerfel/.pico-sdk/sdk/2.0.0/lib/tinyusb/src/device/usbd.c.obj
 .rodata.__func__.7