Archive member included to satisfy reference by file (symbol)

C:/Users/BenjaminWoerfel/.pico-sdk/toolchain/13_2_Rel1/bin/../lib/gcc/arm-none-eabi/13.2.1/thumb/v6-m/nofp\libgcc.a(_dvmd_tls.o)
                              CMakeFiles/rp2040_rc_control.dir/C_/Users/BenjaminWoerfel/.pico-sdk/sdk/2.0.0/src/rp2_common/pico_divider/divider_hardware.S.obj (__aeabi_idiv0)
C:/Users/BenjaminWoerfel/.pico-sdk/toolchain/13_2_Rel1/bin/../lib/gcc/arm-none-eabi/13.2.1/thumb/v6-m/nofp\libgcc.a(unwind-arm.o)
                              CMakeFiles/rp2040_rc_control.dir/rp2040_rc_control.cpp.obj (__aeabi_unwind_cpp_pr0)
C:/Users/BenjaminWoerfel/.pico-sdk/toolchain/13_2_Rel1/bin/../lib/gcc/arm-none-eabi/13.2.1/thumb/v6-m/nofp\libgcc.a(libunwind.o)
                              C:/Users/BenjaminWoerfel/.pico-sdk/toolchain/13_2_Rel1/bin/../lib/gcc/arm-none-eabi/13.2.1/thumb/v6-m/nofp\libgcc.a(unwind-arm.o) (restore_core_regs)
C:/Users/BenjaminWoerfel/.pico-sdk/toolchain/13_2_Rel1/bin/../lib/gcc/arm-none-eabi/13.2.1/thumb/v6-m/nofp\libgcc.a(pr-support.o)
                              C:/Users/BenjaminWoerfel/.pico-sdk/toolchain/13_2_Rel1/bin/../lib/gcc/arm-none-eabi/13.2.1/thumb/v6-m/nofp\libgcc.a(unwind-arm.o) (__gnu_unwind_execute)
C:/Users/BenjaminWoerfel/.pico-sdk/toolchain/13_2_Rel1/bin/../lib/gcc/arm-none-eabi/13.2.1/thumb/v6-m/nofp\libg.a(libc_a-abort.o)
                              C:/Users/BenjaminWoerfel/.pico-sdk/toolchain/13_2_Rel1/bin/../lib/gcc/arm-none-eabi/13.2.1/thumb/v6-m/nofp\libgcc.a(unwind-arm.o) (abort)
C:/Users/BenjaminWoerfel/.pico-sdk/toolchain/13_2_Rel1/bin/../lib/gcc/arm-none-eabi/13.2.1/thumb/v6-m/nofp\libg.a(libc_a-calloc.o)
                              CMakeFiles/rp2040_rc_control.dir/C_/Users/BenjaminWoerfel/.pico-sdk/sdk/2.0.0/src/rp2_common/pico_malloc/malloc.c.obj (calloc)
C:/Users/BenjaminWoerfel/.pico-sdk/toolchain/13_2_Rel1/bin/../lib/gcc/arm-none-eabi/13.2.1/thumb/v6-m/nofp\libg.a(libc_a-callocr.o)
                              C:/Users/BenjaminWoerfel/.pico-sdk/toolchain/13_2_Rel1/bin/../lib/gcc/arm-none-eabi/13.2.1/thumb/v6-m/nofp\libg.a(libc_a-calloc.o) (_calloc_r)
C:/Users/BenjaminWoerfel/.pico-sdk/toolchain/13_2_Rel1/bin/../lib/gcc/arm-none-eabi/13.2.1/thumb/v6-m/nofp\libg.a(libc_a-malloc.o)
                              CMakeFiles/rp2040_rc_control.dir/C_/Users/BenjaminWoerfel/.pico-sdk/sdk/2.0.0/src/rp2_common/pico_malloc/malloc.c.obj (malloc)
C:/Users/BenjaminWoerfel/.pico-sdk/toolchain/13_2_Rel1/bin/../lib/gcc/arm-none-eabi/13.2.1/thumb/v6-m/nofp\libg.a(libc_a-mallocr.o)
                              C:/Users/BenjaminWoerfel/.pico-sdk/toolchain/13_2_Rel1/bin/../lib/gcc/arm-none-eabi/13.2.1/thumb/v6-m/nofp\libg.a(libc_a-callocr.o) (_malloc_r)
C:/Users/BenjaminWoerfel/.pico-sdk/toolchain/13_2_Rel1/bin/../lib/gcc/arm-none-eabi/13.2.1/thumb/v6-m/nofp\libg.a(libc_a-mlock.o)
                              C:/Users/BenjaminWoerfel/.pico-sdk/toolchain/13_2_Rel1/bin/../lib/gcc/arm-none-eabi/13.2.1/thumb/v6-m/nofp\libg.a(libc_a-mallocr.o) (__malloc_lock)
C:/Users/BenjaminWoerfel/.pico-sdk/toolchain/13_2_Rel1/bin/../lib/gcc/arm-none-eabi/13.2.1/thumb/v6-m/nofp\libg.a(libc_a-realloc.o)
                              CMakeFiles/rp2040_rc_control.dir/C_/Users/BenjaminWoerfel/.pico-sdk/sdk/2.0.0/src/rp2_common/pico_malloc/malloc.c.obj (realloc)
C:/Users/BenjaminWoerfel/.pico-sdk/toolchain/13_2_Rel1/bin/../lib/gcc/arm-none-eabi/13.2.1/thumb/v6-m/nofp\libg.a(libc_a-reallocr.o)
                              C:/Users/BenjaminWoerfel/.pico-sdk/toolchain/13_2_Rel1/bin/../lib/gcc/arm-none-eabi/13.2.1/thumb/v6-m/nofp\libg.a(libc_a-realloc.o) (_realloc_r)
C:/Users/BenjaminWoerfel/.pico-sdk/toolchain/13_2_Rel1/bin/../lib/gcc/arm-none-eabi/13.2.1/thumb/v6-m/nofp\libg.a(libc_a-ctype_.o)
                              CMakeFiles/rp2040_rc_control.dir/C_/Users/BenjaminWoerfel/.pico-sdk/sdk/2.0.0/lib/tinyusb/src/tusb.c.obj (_ctype_)
C:/Users/BenjaminWoerfel/.pico-sdk/toolchain/13_2_Rel1/bin/../lib/gcc/arm-none-eabi/13.2.1/thumb/v6-m/nofp\libg.a(libc_a-memcmp.o)
                              CMakeFiles/rp2040_rc_control.dir/C_/Users/BenjaminWoerfel/.pico-sdk/sdk/2.0.0/src/rp2_common/pico_atomic/atomic.c.obj (memcmp)
C:/Users/BenjaminWoerfel/.pico-sdk/toolchain/13_2_Rel1/bin/../lib/gcc/arm-none-eabi/13.2.1/thumb/v6-m/nofp\libg.a(libc_a-memmove.o)
                              C:/Users/BenjaminWoerfel/.pico-sdk/toolchain/13_2_Rel1/bin/../lib/gcc/arm-none-eabi/13.2.1/thumb/v6-m/nofp\libg.a(libc_a-reallocr.o) (memmove)
C:/Users/BenjaminWoerfel/.pico-sdk/toolchain/13_2_Rel1/bin/../lib/gcc/arm-none-eabi/13.2.1/thumb/v6-m/nofp\libg.a(libc_a-signal.o)
                              C:/Users/BenjaminWoerfel/.pico-sdk/toolchain/13_2_Rel1/bin/../lib/gcc/arm-none-eabi/13.2.1/thumb/v6-m/nofp\libg.a(libc_a-abort.o) (raise)
C:/Users/BenjaminWoerfel/.pico-sdk/toolchain/13_2_Rel1/bin/../lib/gcc/arm-none-eabi/13.2.1/thumb/v6-m/nofp\libg.a(libc_a-lcltime_r.o)
[...]
Memory Configuration

Name             Origin             Length             Attributes
FLASH            0x10000000         0x00800000         xr
RAM              0x20000000         0x00040000         xrw
SCRATCH_X        0x20040000         0x00001000         xrw
SCRATCH_Y        0x20041000         0x00001000         xrw
*default*        0x00000000         0xffffffff

Linker script and memory map

LOAD C:/Users/BenjaminWoerfel/.pico-sdk/toolchain/13_2_Rel1/bin/../lib/gcc/arm-none-eabi/13.2.1/thumb/v6-m/nofp/crti.o
LOAD C:/Users/BenjaminWoerfel/.pico-sdk/toolchain/13_2_Rel1/bin/../lib/gcc/arm-none-eabi/13.2.1/thumb/v6-m/nofp/crtbegin.o
LOAD C:/Users/BenjaminWoerfel/.pico-sdk/toolchain/13_2_Rel1/bin/../lib/gcc/arm-none-eabi/13.2.1/thumb/v6-m/nofp/crt0.o

.flash_begin    0x10000000        0x0
                0x10000000                        __flash_binary_start = .

.boot2          0x10000000      0x100
                0x10000000                        __boot2_start__ = .
 *(.boot2)
 .boot2         0x10000000      0x100 C:\Users\BENJAM~1\AppData\Local\Temp\ccC91DPD.o
                0x10000100                        __boot2_end__ = .
                0x00000001                        ASSERT (((__boot2_end__ - __boot2_start__) == 0x100), ERROR: Pico second stage bootloader must be 256 bytes in size)

.text           0x10000100     0x7544
                0x10000100                        __logical_binary_start = .
 *(.vectors)
 .vectors       0x10000100       0xd4 CMakeFiles/rp2040_rc_control.dir/C_/Users/BenjaminWoerfel/.pico-sdk/sdk/2.0.0/src/rp2_common/pico_crt0/crt0.S.obj
                0x10000100                __VECTOR_TABLE
                0x10000100                __vectors
                0x100001c0                isr_invalid
                0x100001c0                __default_isrs_start
                0x100001c2                isr_nmi
                0x100001c4                isr_hardfault
                0x100001c6                isr_svcall
                0x100001c8                isr_pendsv
                0x100001ca                isr_systick
                0x100001cc                isr_irq23
                0x100001cc                isr_irq18
                0x100001cc                isr_irq11
                0x100001cc                isr_irq28
                0x100001cc                isr_irq19
                0x100001cc                isr_irq0
                0x100001cc                isr_irq6
                0x100001cc                isr_irq5
                0x100001cc                isr_irq12
                0x100001cc                isr_irq22
                0x100001cc                isr_irq31
                0x100001cc                isr_irq17
                0x100001cc                isr_irq27
                0x100001cc                isr_irq30
                0x100001cc                isr_irq2
                0x100001cc                isr_irq10
                0x100001cc                isr_irq8
                0x100001cc                isr_irq24
                0x100001cc                isr_irq1
                0x100001cc                isr_irq7
                0x100001cc                isr_irq21
                0x100001cc                isr_irq20
                0x100001cc                isr_irq15
                0x100001cc                isr_irq25
                0x100001cc                isr_irq13
                0x100001cc                __unhandled_user_irq
                0x100001cc                isr_irq4
                0x100001cc                isr_irq16
                0x100001cc                isr_irq29
                0x100001cc                isr_irq26
                0x100001cc                __default_isrs_end
                0x100001cc                isr_irq3
                0x100001cc                isr_irq14
                0x100001cc                isr_irq9
                0x100001d2                unhandled_user_irq_num_in_r0
 *(.binary_info_header)
 .binary_info_header
                0x100001d4       0x14 CMakeFiles/rp2040_rc_control.dir/C_/Users/BenjaminWoerfel/.pico-sdk/sdk/2.0.0/src/rp2_common/pico_crt0/crt0.S.obj
                0x100001e8                        __binary_info_header_end = .
 *(.embedded_block)
                0x100001e8                        __embedded_block_end = .
 *(.reset)
 .reset         0x100001e8       0x9c CMakeFiles/rp2040_rc_control.dir/C_/Users/BenjaminWoerfel/.pico-sdk/sdk/2.0.0/src/rp2_common/pico_crt0/crt0.S.obj
                0x100001e8                _entry_point
 *(.init)
 .init          0x10000284        0x4 C:/Users/BenjaminWoerfel/.pico-sdk/toolchain/13_2_Rel1/bin/../lib/gcc/arm-none-eabi/13.2.1/thumb/v6-m/nofp/crti.o
                0x10000284                _init
 *(EXCLUDE_FILE(*libm.a: *libc.a:*lib_a-mem*.o *libgcc.a:) .text*)
 .text.register_tm_clones
                0x10000288       0x28 C:/Users/BenjaminWoerfel/.pico-sdk/toolchain/13_2_Rel1/bin/../lib/gcc/arm-none-eabi/13.2.1/thumb/v6-m/nofp/crtbegin.o
 .text.frame_dummy
                0x100002b0       0x24 C:/Users/BenjaminWoerfel/.pico-sdk/toolchain/13_2_Rel1/bin/../lib/gcc/arm-none-eabi/13.2.1/thumb/v6-m/nofp/crtbegin.o
 .text.check_pio_param
                0x100002d4       0x30 CMakeFiles/rp2040_rc_control.dir/rp2040_rc_control.cpp.obj
 .text.sm_config_set_clkdiv_int_frac
                0x10000304       0x30 CMakeFiles/rp2040_rc_control.dir/rp2040_rc_control.cpp.obj
 .text.sm_config_set_out_shift
                0x10000334       0x44 CMakeFiles/rp2040_rc_control.dir/rp2040_rc_control.cpp.obj
 .text.sm_config_set_wrap
                0x10000378       0x50 CMakeFiles/rp2040_rc_control.dir/rp2040_rc_control.cpp.obj
 .text._ZL33ws2812_program_get_default_configj
                0x100003c8       0x50 CMakeFiles/rp2040_rc_control.dir/rp2040_rc_control.cpp.obj
 .text.check_pio_pin_param
                0x10000418       0x24 CMakeFiles/rp2040_rc_control.dir/rp2040_rc_control.cpp.obj
 .text.sm_config_set_sideset_pin_base
                0x1000043c       0x24 CMakeFiles/rp2040_rc_control.dir/rp2040_rc_control.cpp.obj
 .text.check_sm_param
                0x10000460       0x20 CMakeFiles/rp2040_rc_control.dir/rp2040_rc_control.cpp.obj
 .text.pio_sm_is_tx_fifo_full
                0x10000480       0x22 CMakeFiles/rp2040_rc_control.dir/rp2040_rc_control.cpp.obj
 .text.pio_sm_set_enabled
                0x100004a2       0x22 CMakeFiles/rp2040_rc_control.dir/rp2040_rc_control.cpp.obj
 .text.pio_sm_put_blocking
                0x100004c4       0x32 CMakeFiles/rp2040_rc_control.dir/rp2040_rc_control.cpp.obj
 *fill*         0x100004f6        0x2 
 .text._ZL9put_pixelm
                0x100004f8       0x1c CMakeFiles/rp2040_rc_control.dir/rp2040_rc_control.cpp.obj
 .text.pio_calculate_clkdiv_from_float
                0x10000514       0x6c CMakeFiles/rp2040_rc_control.dir/rp2040_rc_control.cpp.obj
 .text.sm_config_set_clkdiv
                0x10000580       0x24 CMakeFiles/rp2040_rc_control.dir/rp2040_rc_control.cpp.obj
 .text.pio_gpio_init
                0x100005a4       0x44 CMakeFiles/rp2040_rc_control.dir/rp2040_rc_control.cpp.obj
 .text._ZL21capture_pin_1_handlerj11edge_type_t
                0x100005e8       0xc4 CMakeFiles/rp2040_rc_control.dir/rp2040_rc_control.cpp.obj
 .text._ZL21capture_pin_0_handlerj11edge_type_t
                0x100006ac       0xc8 CMakeFiles/rp2040_rc_control.dir/rp2040_rc_control.cpp.obj
 .text._ZL19ws2812_program_initP8pio_hw_tjjjjfb
                0x10000774       0xbc CMakeFiles/rp2040_rc_control.dir/rp2040_rc_control.cpp.obj
 .text.main     0x10000830      0x1b4 CMakeFiles/rp2040_rc_control.dir/rp2040_rc_control.cpp.obj
                0x10000830                main
 .text.pio_get_default_sm_config
                0x100009e4       0x28 CMakeFiles/rp2040_rc_control.dir/capture_edge.c.obj
 .text.sm_config_set_clkdiv_int_frac
                0x10000a0c       0x30 CMakeFiles/rp2040_rc_control.dir/capture_edge.c.obj
 .text.sm_config_set_wrap
                0x10000a3c       0x50 CMakeFiles/rp2040_rc_control.dir/capture_edge.c.obj
 .text.capture_edge_program_get_default_config
                0x10000a8c       0x2a CMakeFiles/rp2040_rc_control.dir/capture_edge.c.obj
 *fill*         0x10000ab6        0x2 
 .text.pio_calculate_clkdiv_from_float
                0x10000ab8       0x6c CMakeFiles/rp2040_rc_control.dir/capture_edge.c.obj
 .text.sm_config_set_clkdiv
                0x10000b24       0x24 CMakeFiles/rp2040_rc_control.dir/capture_edge.c.obj
 .text.check_pio_pin_param
                0x10000b48       0x24 CMakeFiles/rp2040_rc_control.dir/capture_edge.c.obj
 .text.sm_config_set_in_pin_base
                0x10000b6c       0x24 CMakeFiles/rp2040_rc_control.dir/capture_edge.c.obj
 .text.check_pio_param
                0x10000b90       0x30 CMakeFiles/rp2040_rc_control.dir/capture_edge.c.obj
 .text.check_sm_param
                0x10000bc0       0x20 CMakeFiles/rp2040_rc_control.dir/capture_edge.c.obj
 .text.pio_get_dreq
                0x10000be0       0x30 CMakeFiles/rp2040_rc_control.dir/capture_edge.c.obj
 .text.pio_sm_set_enabled
                0x10000c10       0x22 CMakeFiles/rp2040_rc_control.dir/capture_edge.c.obj
 *fill*         0x10000c32        0x2 
 .text.handler_pio
                0x10000c34       0xd8 CMakeFiles/rp2040_rc_control.dir/capture_edge.c.obj
 .text.channel_config_set_dreq
                0x10000d0c       0x30 CMakeFiles/rp2040_rc_control.dir/capture_edge.c.obj
 .text.channel_config_set_chain_to
                0x10000d3c       0x30 CMakeFiles/rp2040_rc_control.dir/capture_edge.c.obj
 .text.dma_channel_get_default_config
                0x10000d6c       0x74 CMakeFiles/rp2040_rc_control.dir/capture_edge.c.obj
 .text.capture_edge_init
                0x10000de0      0x320 CMakeFiles/rp2040_rc_control.dir/capture_edge.c.obj
                0x10000de0                capture_edge_init
 .text.capture_edge_set_handler
                0x10001100       0x10 CMakeFiles/rp2040_rc_control.dir/capture_edge.c.obj
                0x10001100                capture_edge_set_handler
 .text.gpio_set_function
                0x10001110       0x34 CMakeFiles/rp2040_rc_control.dir/C_/Users/BenjaminWoerfel/.pico-sdk/sdk/2.0.0/src/rp2_common/hardware_gpio/gpio.c.obj
                0x10001110                gpio_set_function
 .text.gpio_init
                0x10001144       0x16 CMakeFiles/rp2040_rc_control.dir/C_/Users/BenjaminWoerfel/.pico-sdk/sdk/2.0.0/src/rp2_common/hardware_gpio/gpio.c.obj
                0x10001144                gpio_init
 *fill*         0x1000115a        0x2 
 .text.rp2040_chip_version
                0x1000115c       0x54 CMakeFiles/rp2040_rc_control.dir/C_/Users/BenjaminWoerfel/.pico-sdk/sdk/2.0.0/src/rp2040/pico_platform/platform.c.obj
                0x1000115c                rp2040_chip_version
 .text.panic    0x100011b0       0x30 CMakeFiles/rp2040_rc_control.dir/C_/Users/BenjaminWoerfel/.pico-sdk/sdk/2.0.0/src/rp2_common/pico_platform_panic/panic.c.obj
                0x100011b0                panic
 .text.hw_claim_lock
                0x100011e0       0x18 CMakeFiles/rp2040_rc_control.dir/C_/Users/BenjaminWoerfel/.pico-sdk/sdk/2.0.0/src/common/hardware_claim/claim.c.obj
                0x100011e0                hw_claim_lock
 .text.hw_claim_unlock
                0x100011f8       0x14 CMakeFiles/rp2040_rc_control.dir/C_/Users/BenjaminWoerfel/.pico-sdk/sdk/2.0.0/src/common/hardware_claim/claim.c.obj
                0x100011f8                hw_claim_unlock
 .text.hw_claim_or_assert
                0x1000120c       0x32 CMakeFiles/rp2040_rc_control.dir/C_/Users/BenjaminWoerfel/.pico-sdk/sdk/2.0.0/src/common/hardware_claim/claim.c.obj
                0x1000120c                hw_claim_or_assert
 .text.hw_claim_unused_from_range
                0x1000123e       0x50 CMakeFiles/rp2040_rc_control.dir/C_/Users/BenjaminWoerfel/.pico-sdk/sdk/2.0.0/src/common/hardware_claim/claim.c.obj
                0x1000123e                hw_claim_unused_from_range
 *fill*         0x1000128e        0x2 
 .text.next_striped_spin_lock_num
                0x10001290       0x1c CMakeFiles/rp2040_rc_control.dir/C_/Users/BenjaminWoerfel/.pico-sdk/sdk/2.0.0/src/rp2_common/hardware_sync/sync.c.obj
                0x10001290                next_striped_spin_lock_num
 .text.spin_lock_claim_unused
                0x100012ac       0x24 CMakeFiles/rp2040_rc_control.dir/C_/Users/BenjaminWoerfel/.pico-sdk/sdk/2.0.0/src/rp2_common/hardware_sync/sync.c.obj
                0x100012ac                spin_lock_claim_unused
 .text.spin_locks_reset
                0x100012d0       0x20 CMakeFiles/rp2040_rc_control.dir/C_/Users/BenjaminWoerfel/.pico-sdk/sdk/2.0.0/src/rp2_common/hardware_sync_spin_lock/sync_spin_lock.c.obj
                0x100012d0                spin_locks_reset
 .text.set_raw_irq_handler_and_unlock
                0x100012f0       0x28 CMakeFiles/rp2040_rc_control.dir/C_/Users/BenjaminWoerfel/.pico-sdk/sdk/2.0.0/src/rp2_common/hardware_irq/irq.c.obj
 .text.nvic_ipr0
                0x10001318        0x8 CMakeFiles/rp2040_rc_control.dir/C_/Users/BenjaminWoerfel/.pico-sdk/sdk/2.0.0/src/rp2_common/hardware_irq/irq.c.obj
 .text.runtime_init_per_core_irq_priorities
                0x10001320       0x1c CMakeFiles/rp2040_rc_control.dir/C_/Users/BenjaminWoerfel/.pico-sdk/sdk/2.0.0/src/rp2_common/hardware_irq/irq.c.obj
                0x10001320                runtime_init_per_core_irq_priorities
 .text.resolve_j_16
                0x1000133c       0x30 CMakeFiles/rp2040_rc_control.dir/C_/Users/BenjaminWoerfel/.pico-sdk/sdk/2.0.0/src/rp2_common/hardware_irq/irq.c.obj
 .text.make_j_16
                0x1000136c       0x48 CMakeFiles/rp2040_rc_control.dir/C_/Users/BenjaminWoerfel/.pico-sdk/sdk/2.0.0/src/rp2_common/hardware_irq/irq.c.obj
 .text.irq_is_enabled
                0x100013b4       0x18 CMakeFiles/rp2040_rc_control.dir/C_/Users/BenjaminWoerfel/.pico-sdk/sdk/2.0.0/src/rp2_common/hardware_irq/irq.c.obj
                0x100013b4                irq_is_enabled
 .text.irq_set_mask_n_enabled
                0x100013cc       0x1c CMakeFiles/rp2040_rc_control.dir/C_/Users/BenjaminWoerfel/.pico-sdk/sdk/2.0.0/src/rp2_common/hardware_irq/irq.c.obj
                0x100013cc                irq_set_mask_n_enabled
 .text.irq_set_enabled
                0x100013e8       0x14 CMakeFiles/rp2040_rc_control.dir/C_/Users/BenjaminWoerfel/.pico-sdk/sdk/2.0.0/src/rp2_common/hardware_irq/irq.c.obj
                0x100013e8                irq_set_enabled
 .text.irq_set_pending
                0x100013fc       0x10 CMakeFiles/rp2040_rc_control.dir/C_/Users/BenjaminWoerfel/.pico-sdk/sdk/2.0.0/src/rp2_common/hardware_irq/irq.c.obj
                0x100013fc                irq_set_pending
 .text.irq_get_vtable_handler
                0x1000140c       0x10 CMakeFiles/rp2040_rc_control.dir/C_/Users/BenjaminWoerfel/.pico-sdk/sdk/2.0.0/src/rp2_common/hardware_irq/irq.c.obj
                0x1000140c                irq_get_vtable_handler
 .text.irq_has_shared_handler
                0x1000141c       0x24 CMakeFiles/rp2040_rc_control.dir/C_/Users/BenjaminWoerfel/.pico-sdk/sdk/2.0.0/src/rp2_common/hardware_irq/irq.c.obj
                0x1000141c                irq_has_shared_handler
 .text.irq_set_exclusive_handler
                0x10001440       0x54 CMakeFiles/rp2040_rc_control.dir/C_/Users/BenjaminWoerfel/.pico-sdk/sdk/2.0.0/src/rp2_common/hardware_irq/irq.c.obj
                0x10001440                irq_set_exclusive_handler
 .text.irq_add_shared_handler
                0x10001494      0x218 CMakeFiles/rp2040_rc_control.dir/C_/Users/BenjaminWoerfel/.pico-sdk/sdk/2.0.0/src/rp2_common/hardware_irq/irq.c.obj
                0x10001494                irq_add_shared_handler
 .text.irq_add_tail_to_free_list
                0x100016ac       0xf4 CMakeFiles/rp2040_rc_control.dir/C_/Users/BenjaminWoerfel/.pico-sdk/sdk/2.0.0/src/rp2_common/hardware_irq/irq.c.obj
                0x100016ac                irq_add_tail_to_free_list
 .text.user_irq_claim_unused
                0x100017a0       0x2c CMakeFiles/rp2040_rc_control.dir/C_/Users/BenjaminWoerfel/.pico-sdk/sdk/2.0.0/src/rp2_common/hardware_irq/irq.c.obj
                0x100017a0                user_irq_claim_unused
 .text.lock_init
                0x100017cc       0x10 CMakeFiles/rp2040_rc_control.dir/C_/Users/BenjaminWoerfel/.pico-sdk/sdk/2.0.0/src/common/pico_sync/lock_core.c.obj
                0x100017cc                lock_init
 .text.mutex_init
                0x100017dc       0x1a CMakeFiles/rp2040_rc_control.dir/C_/Users/BenjaminWoerfel/.pico-sdk/sdk/2.0.0/src/common/pico_sync/mutex.c.obj
                0x100017dc                mutex_init
 .text.recursive_mutex_init
                0x100017f6       0x1e CMakeFiles/rp2040_rc_control.dir/C_/Users/BenjaminWoerfel/.pico-sdk/sdk/2.0.0/src/common/pico_sync/mutex.c.obj
                0x100017f6                recursive_mutex_init
 .text.runtime_init_mutex
                0x10001814       0x4c CMakeFiles/rp2040_rc_control.dir/C_/Users/BenjaminWoerfel/.pico-sdk/sdk/2.0.0/src/common/pico_sync/mutex.c.obj
                0x10001814                runtime_init_mutex
 .text.critical_section_init_with_lock_num
                0x10001860       0x14 CMakeFiles/rp2040_rc_control.dir/C_/Users/BenjaminWoerfel/.pico-sdk/sdk/2.0.0/src/common/pico_sync/critical_section.c.obj
                0x10001860                critical_section_init_with_lock_num
 .text.critical_section_init
                0x10001874       0x14 CMakeFiles/rp2040_rc_control.dir/C_/Users/BenjaminWoerfel/.pico-sdk/sdk/2.0.0/src/common/pico_sync/critical_section.c.obj
                0x10001874                critical_section_init
 .text.make_alarm_id
                0x10001888        0x6 CMakeFiles/rp2040_rc_control.dir/C_/Users/BenjaminWoerfel/.pico-sdk/sdk/2.0.0/src/common/pico_time/time.c.obj
 *fill*         0x1000188e        0x2 
 .text.sleep_until_callback
                0x10001890       0x30 CMakeFiles/rp2040_rc_control.dir/C_/Users/BenjaminWoerfel/.pico-sdk/sdk/2.0.0/src/common/pico_time/time.c.obj
 .text.alarm_pool_irq_handler
                0x100018c0      0x2e0 CMakeFiles/rp2040_rc_control.dir/C_/Users/BenjaminWoerfel/.pico-sdk/sdk/2.0.0/src/common/pico_time/time.c.obj
 .text.ta_enable_irq_handler
                0x10001ba0       0x2c CMakeFiles/rp2040_rc_control.dir/C_/Users/BenjaminWoerfel/.pico-sdk/sdk/2.0.0/src/common/pico_time/time.c.obj
 .text.alarm_pool_post_alloc_init
                0x10001bcc       0x78 CMakeFiles/rp2040_rc_control.dir/C_/Users/BenjaminWoerfel/.pico-sdk/sdk/2.0.0/src/common/pico_time/time.c.obj
 .text.alarm_pool_get_default
                0x10001c44       0x2c CMakeFiles/rp2040_rc_control.dir/C_/Users/BenjaminWoerfel/.pico-sdk/sdk/2.0.0/src/common/pico_time/time.c.obj
                0x10001c44                alarm_pool_get_default
 .text.alarm_pool_add_alarm_at_force_in_context
                0x10001c70       0xa4 CMakeFiles/rp2040_rc_control.dir/C_/Users/BenjaminWoerfel/.pico-sdk/sdk/2.0.0/src/common/pico_time/time.c.obj
                0x10001c70                alarm_pool_add_alarm_at_force_in_context
 .text.alarm_pool_add_alarm_at
                0x10001d14       0x3c CMakeFiles/rp2040_rc_control.dir/C_/Users/BenjaminWoerfel/.pico-sdk/sdk/2.0.0/src/common/pico_time/time.c.obj
                0x10001d14                alarm_pool_add_alarm_at
 .text.add_alarm_at
                0x10001d50       0x2e CMakeFiles/rp2040_rc_control.dir/C_/Users/BenjaminWoerfel/.pico-sdk/sdk/2.0.0/src/common/pico_time/time.c.obj
 *fill*         0x10001d7e        0x2 
 .text.alarm_pool_cancel_alarm
                0x10001d80       0x78 CMakeFiles/rp2040_rc_control.dir/C_/Users/BenjaminWoerfel/.pico-sdk/sdk/2.0.0/src/common/pico_time/time.c.obj
                0x10001d80                alarm_pool_cancel_alarm
 .text.cancel_alarm
                0x10001df8       0x10 CMakeFiles/rp2040_rc_control.dir/C_/Users/BenjaminWoerfel/.pico-sdk/sdk/2.0.0/src/common/pico_time/time.c.obj
 .text.alarm_pool_core_num
                0x10001e08        0x4 CMakeFiles/rp2040_rc_control.dir/C_/Users/BenjaminWoerfel/.pico-sdk/sdk/2.0.0/src/common/pico_time/time.c.obj
                0x10001e08                alarm_pool_core_num
 .text.sleep_until
                0x10001e0c       0xc0 CMakeFiles/rp2040_rc_control.dir/C_/Users/BenjaminWoerfel/.pico-sdk/sdk/2.0.0/src/common/pico_time/time.c.obj
                0x10001e0c                sleep_until
 .text.sleep_us
                0x10001ecc       0x24 CMakeFiles/rp2040_rc_control.dir/C_/Users/BenjaminWoerfel/.pico-sdk/sdk/2.0.0/src/common/pico_time/time.c.obj
                0x10001ecc                sleep_us
 .text.sleep_ms
                0x10001ef0       0x14 CMakeFiles/rp2040_rc_control.dir/C_/Users/BenjaminWoerfel/.pico-sdk/sdk/2.0.0/src/common/pico_time/time.c.obj
                0x10001ef0                sleep_ms
 .text.best_effort_wfe_or_timeout
                0x10001f04       0xc4 CMakeFiles/rp2040_rc_control.dir/C_/Users/BenjaminWoerfel/.pico-sdk/sdk/2.0.0/src/common/pico_time/time.c.obj
                0x10001f04                best_effort_wfe_or_timeout
 .text.alarm_pool_get_default_timer
                0x10001fc8        0x8 CMakeFiles/rp2040_rc_control.dir/C_/Users/BenjaminWoerfel/.pico-sdk/sdk/2.0.0/src/common/pico_time/time.c.obj
                0x10001fc8                alarm_pool_get_default_timer
 .text.runtime_init_default_alarm_pool
                0x10001fd0       0x38 CMakeFiles/rp2040_rc_control.dir/C_/Users/BenjaminWoerfel/.pico-sdk/sdk/2.0.0/src/common/pico_time/time.c.obj
                0x10001fd0                runtime_init_default_alarm_pool
 .text.timer_hardware_alarm_claim
                0x10002008       0x14 CMakeFiles/rp2040_rc_control.dir/C_/Users/BenjaminWoerfel/.pico-sdk/sdk/2.0.0/src/rp2_common/hardware_timer/timer.c.obj
                0x10002008                timer_hardware_alarm_claim
 .text.timer_time_us_64
                0x1000201c       0x10 CMakeFiles/rp2040_rc_control.dir/C_/Users/BenjaminWoerfel/.pico-sdk/sdk/2.0.0/src/rp2_common/hardware_timer/timer.c.obj
                0x1000201c                timer_time_us_64
 .text.timer_busy_wait_until
                0x1000202c       0x1a CMakeFiles/rp2040_rc_control.dir/C_/Users/BenjaminWoerfel/.pico-sdk/sdk/2.0.0/src/rp2_common/hardware_timer/timer.c.obj
                0x1000202c                timer_busy_wait_until
 *fill*         0x10002046        0x2 
 .text.time_us_64
                0x10002048       0x10 CMakeFiles/rp2040_rc_control.dir/C_/Users/BenjaminWoerfel/.pico-sdk/sdk/2.0.0/src/rp2_common/hardware_timer/timer.c.obj
                0x10002048                time_us_64
 .text.busy_wait_until
                0x10002058       0x14 CMakeFiles/rp2040_rc_control.dir/C_/Users/BenjaminWoerfel/.pico-sdk/sdk/2.0.0/src/rp2_common/hardware_timer/timer.c.obj
                0x10002058                busy_wait_until
 .text.clock_configure_internal
                0x1000206c       0xc4 CMakeFiles/rp2040_rc_control.dir/C_/Users/BenjaminWoerfel/.pico-sdk/sdk/2.0.0/src/rp2_common/hardware_clocks/clocks.c.obj
 .text.clock_configure_int_divider
                0x10002130       0x28 CMakeFiles/rp2040_rc_control.dir/C_/Users/BenjaminWoerfel/.pico-sdk/sdk/2.0.0/src/rp2_common/hardware_clocks/clocks.c.obj
                0x10002130                clock_configure_int_divider
 .text.clock_configure_undivided
                0x10002158       0x12 CMakeFiles/rp2040_rc_control.dir/C_/Users/BenjaminWoerfel/.pico-sdk/sdk/2.0.0/src/rp2_common/hardware_clocks/clocks.c.obj
                0x10002158                clock_configure_undivided
 *fill*         0x1000216a        0x2 
 .text.clock_get_hz
                0x1000216c        0xc CMakeFiles/rp2040_rc_control.dir/C_/Users/BenjaminWoerfel/.pico-sdk/sdk/2.0.0/src/rp2_common/hardware_clocks/clocks.c.obj
                0x1000216c                clock_get_hz
 .text.pll_init
                0x10002178      0x124 CMakeFiles/rp2040_rc_control.dir/C_/Users/BenjaminWoerfel/.pico-sdk/sdk/2.0.0/src/rp2_common/hardware_pll/pll.c.obj
                0x10002178                pll_init
 .text.watchdog_update
                0x1000229c       0x14 CMakeFiles/rp2040_rc_control.dir/C_/Users/BenjaminWoerfel/.pico-sdk/sdk/2.0.0/src/rp2_common/hardware_watchdog/watchdog.c.obj
                0x1000229c                watchdog_update
 .text._watchdog_enable
                0x100022b0       0x7c CMakeFiles/rp2040_rc_control.dir/C_/Users/BenjaminWoerfel/.pico-sdk/sdk/2.0.0/src/rp2_common/hardware_watchdog/watchdog.c.obj
                0x100022b0                _watchdog_enable
 .text.watchdog_enable
                0x1000232c       0x18 CMakeFiles/rp2040_rc_control.dir/C_/Users/BenjaminWoerfel/.pico-sdk/sdk/2.0.0/src/rp2_common/hardware_watchdog/watchdog.c.obj
                0x1000232c                watchdog_enable
 .text.watchdog_reboot
                0x10002344       0x48 CMakeFiles/rp2040_rc_control.dir/C_/Users/BenjaminWoerfel/.pico-sdk/sdk/2.0.0/src/rp2_common/hardware_watchdog/watchdog.c.obj
                0x10002344                watchdog_reboot
 .text.watchdog_caused_reboot
                0x1000238c       0x10 CMakeFiles/rp2040_rc_control.dir/C_/Users/BenjaminWoerfel/.pico-sdk/sdk/2.0.0/src/rp2_common/hardware_watchdog/watchdog.c.obj
                0x1000238c                watchdog_caused_reboot
 .text.tick_start
                0x1000239c       0x10 CMakeFiles/rp2040_rc_control.dir/C_/Users/BenjaminWoerfel/.pico-sdk/sdk/2.0.0/src/rp2_common/hardware_ticks/ticks.c.obj
                0x1000239c                tick_start
 .text.xosc_init
                0x100023ac       0x2c CMakeFiles/rp2040_rc_control.dir/C_/Users/BenjaminWoerfel/.pico-sdk/sdk/2.0.0/src/rp2_common/hardware_xosc/xosc.c.obj
                0x100023ac                xosc_init
 .text.runtime_run_initializers_from
                0x100023d8       0x18 CMakeFiles/rp2040_rc_control.dir/C_/Users/BenjaminWoerfel/.pico-sdk/sdk/2.0.0/src/rp2_common/pico_runtime/runtime.c.obj
 .text.first_per_core_initializer
                0x100023f0        0x2 CMakeFiles/rp2040_rc_control.dir/C_/Users/BenjaminWoerfel/.pico-sdk/sdk/2.0.0/src/rp2_common/pico_runtime/runtime.c.obj
 *fill*         0x100023f2        0x2 
 .text.runtime_run_initializers
                0x100023f4       0x10 CMakeFiles/rp2040_rc_control.dir/C_/Users/BenjaminWoerfel/.pico-sdk/sdk/2.0.0/src/rp2_common/pico_runtime/runtime.c.obj
                0x100023f4                runtime_run_initializers
 .text.runtime_init_early_resets
                0x10002404       0x2c CMakeFiles/rp2040_rc_control.dir/C_/Users/BenjaminWoerfel/.pico-sdk/sdk/2.0.0/src/rp2_common/pico_runtime_init/runtime_init.c.obj
                0x10002404                runtime_init_early_resets
 .text.runtime_init_usb_power_down
                0x10002430       0x1c CMakeFiles/rp2040_rc_control.dir/C_/Users/BenjaminWoerfel/.pico-sdk/sdk/2.0.0/src/rp2_common/pico_runtime_init/runtime_init.c.obj
                0x10002430                runtime_init_usb_power_down
 .text.runtime_init_post_clock_resets
                0x1000244c       0x20 CMakeFiles/rp2040_rc_control.dir/C_/Users/BenjaminWoerfel/.pico-sdk/sdk/2.0.0/src/rp2_common/pico_runtime_init/runtime_init.c.obj
                0x1000244c                runtime_init_post_clock_resets
 .text.runtime_init_rp2040_gpio_ie_disable
                0x1000246c       0x14 CMakeFiles/rp2040_rc_control.dir/C_/Users/BenjaminWoerfel/.pico-sdk/sdk/2.0.0/src/rp2_common/pico_runtime_init/runtime_init.c.obj
                0x1000246c                runtime_init_rp2040_gpio_ie_disable
 .text.runtime_init_spin_locks_reset
                0x10002480        0x8 CMakeFiles/rp2040_rc_control.dir/C_/Users/BenjaminWoerfel/.pico-sdk/sdk/2.0.0/src/rp2_common/pico_runtime_init/runtime_init.c.obj
                0x10002480                runtime_init_spin_locks_reset
 .text.runtime_init_install_ram_vector_table
                0x10002488       0x1c CMakeFiles/rp2040_rc_control.dir/C_/Users/BenjaminWoerfel/.pico-sdk/sdk/2.0.0/src/rp2_common/pico_runtime_init/runtime_init.c.obj
                0x10002488                runtime_init_install_ram_vector_table
 .text.start_all_ticks
                0x100024a4       0x28 CMakeFiles/rp2040_rc_control.dir/C_/Users/BenjaminWoerfel/.pico-sdk/sdk/2.0.0/src/rp2_common/pico_runtime_init/runtime_init_clocks.c.obj
 .text.runtime_init_clocks
                0x100024cc       0xcc CMakeFiles/rp2040_rc_control.dir/C_/Users/BenjaminWoerfel/.pico-sdk/sdk/2.0.0/src/rp2_common/pico_runtime_init/runtime_init_clocks.c.obj
                0x100024cc                runtime_init_clocks
 .text          0x10002598       0x10 CMakeFiles/rp2040_rc_control.dir/C_/Users/BenjaminWoerfel/.pico-sdk/sdk/2.0.0/src/rp2_common/pico_bit_ops/bit_ops_aeabi.S.obj
 .text.rom_func_lookup
                0x100025a8       0x10 CMakeFiles/rp2040_rc_control.dir/C_/Users/BenjaminWoerfel/.pico-sdk/sdk/2.0.0/src/rp2_common/pico_bootrom/bootrom.c.obj
                0x100025a8                rom_func_lookup
 .text.rom_data_lookup
                0x100025b8       0x10 CMakeFiles/rp2040_rc_control.dir/C_/Users/BenjaminWoerfel/.pico-sdk/sdk/2.0.0/src/rp2_common/pico_bootrom/bootrom.c.obj
                0x100025b8                rom_data_lookup
 .text.rom_funcs_lookup
                0x100025c8       0x36 CMakeFiles/rp2040_rc_control.dir/C_/Users/BenjaminWoerfel/.pico-sdk/sdk/2.0.0/src/rp2_common/pico_bootrom/bootrom.c.obj
                0x100025c8                rom_funcs_lookup
 *fill*         0x100025fe        0x2 
 .text.rom_reset_usb_boot
                0x10002600       0x18 CMakeFiles/rp2040_rc_control.dir/C_/Users/BenjaminWoerfel/.pico-sdk/sdk/2.0.0/src/rp2_common/pico_bootrom/bootrom.c.obj
                0x10002600                rom_reset_usb_boot
 .text.__wrap___aeabi_idiv
                0x10002618       0x50 CMakeFiles/rp2040_rc_control.dir/C_/Users/BenjaminWoerfel/.pico-sdk/sdk/2.0.0/src/rp2_common/pico_divider/divider_hardware.S.obj
                0x10002618                __wrap___aeabi_idivmod
                0x10002618                divmod_s32s32
                0x10002618                div_s32s32
                0x10002618                __wrap___aeabi_idiv
                0x10002620                divmod_s32s32_unsafe
                0x1000264c                divmod_s32s32_savestate
 .text.__wrap___aeabi_uidiv
                0x10002668       0x4c CMakeFiles/rp2040_rc_control.dir/C_/Users/BenjaminWoerfel/.pico-sdk/sdk/2.0.0/src/rp2_common/pico_divider/divider_hardware.S.obj
                0x10002668                __wrap___aeabi_uidiv
                0x10002668                __wrap___aeabi_uidivmod
                0x10002668                div_u32u32
                0x10002668                divmod_u32u32
                0x10002670                divmod_u32u32_unsafe
                0x10002698                divmod_u32u32_savestate
 .text.__wrap___aeabi_ldiv
                0x100026b4      0x424 CMakeFiles/rp2040_rc_control.dir/C_/Users/BenjaminWoerfel/.pico-sdk/sdk/2.0.0/src/rp2_common/pico_divider/divider_hardware.S.obj
                0x100026b4                div_s64s64
                0x100026b4                divmod_s64s64
                0x100026b4                __wrap___aeabi_ldivmod
                0x100026e4                divmod_u64u64
                0x100026e4                div_u64u64
                0x100026e4                __wrap___aeabi_uldivmod
                0x100026f4                divmod_u64u64_savestate
                0x10002714                divmod_s64s64_unsafe
                0x1000279c                divmod_u64u64_unsafe
 .text.__wrap___aeabi_darithmetic
                0x10002ad8       0x60 CMakeFiles/rp2040_rc_control.dir/C_/Users/BenjaminWoerfel/.pico-sdk/sdk/2.0.0/src/rp2_common/pico_double/double_aeabi_rp2040.S.obj
                0x10002ad8                __wrap___aeabi_drsub
                0x10002ade                __wrap___aeabi_dsub
                0x10002ae8                __wrap___aeabi_dadd
                0x10002af2                __wrap___aeabi_ddiv
                0x10002b26                __wrap___aeabi_dmul
 .text.__wrap___aeabi_cdcmple
                0x10002b38       0x6c CMakeFiles/rp2040_rc_control.dir/C_/Users/BenjaminWoerfel/.pico-sdk/sdk/2.0.0/src/rp2_common/pico_double/double_aeabi_rp2040.S.obj
                0x10002b38                __wrap___aeabi_cdrcmple
                0x10002b48                __wrap___aeabi_cdcmpeq
                0x10002b48                __wrap___aeabi_cdcmple
 .text.__wrap___aeabi_dcmplt
                0x10002ba4        0xc CMakeFiles/rp2040_rc_control.dir/C_/Users/BenjaminWoerfel/.pico-sdk/sdk/2.0.0/src/rp2_common/pico_double/double_aeabi_rp2040.S.obj
                0x10002ba4                __wrap___aeabi_dcmplt
 .text.__wrap___aeabi_dcmple
                0x10002bb0       0x10 CMakeFiles/rp2040_rc_control.dir/C_/Users/BenjaminWoerfel/.pico-sdk/sdk/2.0.0/src/rp2_common/pico_double/double_aeabi_rp2040.S.obj
                0x10002bb0                __wrap___aeabi_dcmple
 .text.__wrap___aeabi_dcmpge
                0x10002bc0       0x10 CMakeFiles/rp2040_rc_control.dir/C_/Users/BenjaminWoerfel/.pico-sdk/sdk/2.0.0/src/rp2_common/pico_double/double_aeabi_rp2040.S.obj
                0x10002bc0                __wrap___aeabi_dcmpge
 .text.__wrap___aeabi_dcmpgt
                0x10002bd0        0xa CMakeFiles/rp2040_rc_control.dir/C_/Users/BenjaminWoerfel/.pico-sdk/sdk/2.0.0/src/rp2_common/pico_double/double_aeabi_rp2040.S.obj
                0x10002bd0                __wrap___aeabi_dcmpgt
 .text.__wrap___aeabi_dcmpun
                0x10002bda       0x18 CMakeFiles/rp2040_rc_control.dir/C_/Users/BenjaminWoerfel/.pico-sdk/sdk/2.0.0/src/rp2_common/pico_double/double_aeabi_rp2040.S.obj
                0x10002bda                __wrap___aeabi_dcmpun
 *fill*         0x10002bf2        0x2 
 .text.__wrap___aeabi_i2d
                0x10002bf4       0x38 CMakeFiles/rp2040_rc_control.dir/C_/Users/BenjaminWoerfel/.pico-sdk/sdk/2.0.0/src/rp2_common/pico_double/double_aeabi_rp2040.S.obj
                0x10002bf4                __wrap___aeabi_ui2d
                0x10002bfc                __wrap___aeabi_i2d
 .text.__wrap___aeabi_d2iz
                0x10002c2c       0x48 CMakeFiles/rp2040_rc_control.dir/C_/Users/BenjaminWoerfel/.pico-sdk/sdk/2.0.0/src/rp2_common/pico_double/double_aeabi_rp2040.S.obj
                0x10002c2c                double2int_z
                0x10002c2c                __wrap___aeabi_d2iz
 .text.__wrap___aeabi_d2uiz
                0x10002c74       0x10 CMakeFiles/rp2040_rc_control.dir/C_/Users/BenjaminWoerfel/.pico-sdk/sdk/2.0.0/src/rp2_common/pico_double/double_aeabi_rp2040.S.obj
                0x10002c74                __wrap___aeabi_d2uiz
                0x10002c74                double2uint
 .text.missing_double_func_shim
                0x10002c84        0xc CMakeFiles/rp2040_rc_control.dir/C_/Users/BenjaminWoerfel/.pico-sdk/sdk/2.0.0/src/rp2_common/pico_double/double_init_rom_rp2040.c.obj
 .text.__aeabi_double_init
                0x10002c90       0xd0 CMakeFiles/rp2040_rc_control.dir/C_/Users/BenjaminWoerfel/.pico-sdk/sdk/2.0.0/src/rp2_common/pico_double/double_init_rom_rp2040.c.obj
                0x10002c90                __aeabi_double_init
 .text.double_table_shim_on_use_helper
                0x10002d60       0x34 CMakeFiles/rp2040_rc_control.dir/C_/Users/BenjaminWoerfel/.pico-sdk/sdk/2.0.0/src/rp2_common/pico_double/double_v1_rom_shim_rp2040.S.obj
                0x10002d60                double_table_shim_on_use_helper
 .text.__aeabi_lmul
                0x10002d94       0x32 CMakeFiles/rp2040_rc_control.dir/C_/Users/BenjaminWoerfel/.pico-sdk/sdk/2.0.0/src/rp2_common/pico_int64_ops/pico_int64_ops_aeabi.S.obj
                0x10002d94                __wrap___aeabi_lmul
 *fill*         0x10002dc6        0x2 
 .text.__wrap___aeabi_farithmetic
                0x10002dc8       0x48 CMakeFiles/rp2040_rc_control.dir/C_/Users/BenjaminWoerfel/.pico-sdk/sdk/2.0.0/src/rp2_common/pico_float/float_aeabi_rp2040.S.obj
                0x10002dc8                __wrap___aeabi_frsub
                0x10002dce                __wrap___aeabi_fsub
                0x10002dd4                __wrap___aeabi_fadd
                0x10002dda                __wrap___aeabi_fdiv
                0x10002e02                __wrap___aeabi_fmul
 .text.__wrap___aeabi_cfcmple
                0x10002e10       0x50 CMakeFiles/rp2040_rc_control.dir/C_/Users/BenjaminWoerfel/.pico-sdk/sdk/2.0.0/src/rp2_common/pico_float/float_aeabi_rp2040.S.obj
                0x10002e10                __wrap___aeabi_cfrcmple
                0x10002e1c                __wrap___aeabi_cfcmple
                0x10002e1c                __wrap___aeabi_cfcmpeq
 .text.__wrap___aeabi_fcmple
                0x10002e60       0x10 CMakeFiles/rp2040_rc_control.dir/C_/Users/BenjaminWoerfel/.pico-sdk/sdk/2.0.0/src/rp2_common/pico_float/float_aeabi_rp2040.S.obj
                0x10002e60                __wrap___aeabi_fcmple
 .text.__wrap___aeabi_fcmpge
                0x10002e70       0x10 CMakeFiles/rp2040_rc_control.dir/C_/Users/BenjaminWoerfel/.pico-sdk/sdk/2.0.0/src/rp2_common/pico_float/float_aeabi_rp2040.S.obj
                0x10002e70                __wrap___aeabi_fcmpge
 .text.__wrap___aeabi_ui2f
                0x10002e80        0xa CMakeFiles/rp2040_rc_control.dir/C_/Users/BenjaminWoerfel/.pico-sdk/sdk/2.0.0/src/rp2_common/pico_float/float_aeabi_rp2040.S.obj
                0x10002e80                __wrap___aeabi_ui2f
                0x10002e80                uint2float
 *fill*         0x10002e8a        0x2 
 .text.__wrap___aeabi_i2f
                0x10002e8c       0x44 CMakeFiles/rp2040_rc_control.dir/C_/Users/BenjaminWoerfel/.pico-sdk/sdk/2.0.0/src/rp2_common/pico_float/float_aeabi_rp2040.S.obj
                0x10002e8c                __wrap___aeabi_i2f
                0x10002e8c                int2float
 .text.__wrap___aeabi_f2uiz
                0x10002ed0        0xc CMakeFiles/rp2040_rc_control.dir/C_/Users/BenjaminWoerfel/.pico-sdk/sdk/2.0.0/src/rp2_common/pico_float/float_aeabi_rp2040.S.obj
                0x10002ed0                __wrap___aeabi_f2uiz
                0x10002ed0                float2uint_z
 .text.__wrap___aeabi_f2d
                0x10002edc        0xc CMakeFiles/rp2040_rc_control.dir/C_/Users/BenjaminWoerfel/.pico-sdk/sdk/2.0.0/src/rp2_common/pico_float/float_aeabi_rp2040.S.obj
                0x10002edc                __wrap___aeabi_f2d
 .text.missing_float_func_shim
                0x10002ee8        0xc CMakeFiles/rp2040_rc_control.dir/C_/Users/BenjaminWoerfel/.pico-sdk/sdk/2.0.0/src/rp2_common/pico_float/float_init_rom_rp2040.c.obj
 .text.__aeabi_float_init
                0x10002ef4       0x88 CMakeFiles/rp2040_rc_control.dir/C_/Users/BenjaminWoerfel/.pico-sdk/sdk/2.0.0/src/rp2_common/pico_float/float_init_rom_rp2040.c.obj
                0x10002ef4                __aeabi_float_init
 .text          0x10002f7c       0x10 CMakeFiles/rp2040_rc_control.dir/C_/Users/BenjaminWoerfel/.pico-sdk/sdk/2.0.0/src/rp2_common/pico_mem_ops/mem_ops_aeabi.S.obj
                0x10002f7c                __aeabi_mem_init
 .text.memset   0x10002f8c        0xc CMakeFiles/rp2040_rc_control.dir/C_/Users/BenjaminWoerfel/.pico-sdk/sdk/2.0.0/src/rp2_common/pico_mem_ops/mem_ops_aeabi.S.obj
                0x10002f8c                __wrap_memset
 .text.memcpy   0x10002f98        0xc CMakeFiles/rp2040_rc_control.dir/C_/Users/BenjaminWoerfel/.pico-sdk/sdk/2.0.0/src/rp2_common/pico_mem_ops/mem_ops_aeabi.S.obj
                0x10002f98                __wrap_memcpy
                0x10002f98                __wrap___aeabi_memcpy
 .text._out_null
                0x10002fa4        0x2 CMakeFiles/rp2040_rc_control.dir/C_/Users/BenjaminWoerfel/.pico-sdk/sdk/2.0.0/src/rp2_common/pico_printf/printf.c.obj
 .text._out_fct
                0x10002fa6        0xe CMakeFiles/rp2040_rc_control.dir/C_/Users/BenjaminWoerfel/.pico-sdk/sdk/2.0.0/src/rp2_common/pico_printf/printf.c.obj
 .text._atoi    0x10002fb4       0x24 CMakeFiles/rp2040_rc_control.dir/C_/Users/BenjaminWoerfel/.pico-sdk/sdk/2.0.0/src/rp2_common/pico_printf/printf.c.obj
 .text._out_rev
                0x10002fd8       0xae CMakeFiles/rp2040_rc_control.dir/C_/Users/BenjaminWoerfel/.pico-sdk/sdk/2.0.0/src/rp2_common/pico_printf/printf.c.obj
 .text._ntoa_format
                0x10003086      0x110 CMakeFiles/rp2040_rc_control.dir/C_/Users/BenjaminWoerfel/.pico-sdk/sdk/2.0.0/src/rp2_common/pico_printf/printf.c.obj
 .text._ntoa_long
                0x10003196       0xbc CMakeFiles/rp2040_rc_control.dir/C_/Users/BenjaminWoerfel/.pico-sdk/sdk/2.0.0/src/rp2_common/pico_printf/printf.c.obj
 .text._ntoa_long_long
                0x10003252      0x10e CMakeFiles/rp2040_rc_control.dir/C_/Users/BenjaminWoerfel/.pico-sdk/sdk/2.0.0/src/rp2_common/pico_printf/printf.c.obj
 .text._etoa    0x10003360      0x420 CMakeFiles/rp2040_rc_control.dir/C_/Users/BenjaminWoerfel/.pico-sdk/sdk/2.0.0/src/rp2_common/pico_printf/printf.c.obj
 .text._ftoa    0x10003780      0x354 CMakeFiles/rp2040_rc_control.dir/C_/Users/BenjaminWoerfel/.pico-sdk/sdk/2.0.0/src/rp2_common/pico_printf/printf.c.obj
 .text._vsnprintf
                0x10003ad4      0x668 CMakeFiles/rp2040_rc_control.dir/C_/Users/BenjaminWoerfel/.pico-sdk/sdk/2.0.0/src/rp2_common/pico_printf/printf.c.obj
 .text.vfctprintf
                0x1000413c       0x20 CMakeFiles/rp2040_rc_control.dir/C_/Users/BenjaminWoerfel/.pico-sdk/sdk/2.0.0/src/rp2_common/pico_printf/printf.c.obj
                0x1000413c                vfctprintf
 .text._exit    0x1000415c        0x4 CMakeFiles/rp2040_rc_control.dir/C_/Users/BenjaminWoerfel/.pico-sdk/sdk/2.0.0/src/rp2_common/pico_clib_interface/newlib_interface.c.obj
                0x1000415c                _exit
 .text._getpid  0x10004160        0x4 CMakeFiles/rp2040_rc_control.dir/C_/Users/BenjaminWoerfel/.pico-sdk/sdk/2.0.0/src/rp2_common/pico_clib_interface/newlib_interface.c.obj
                0x10004160                _getpid
 .text._kill    0x10004164        0x6 CMakeFiles/rp2040_rc_control.dir/C_/Users/BenjaminWoerfel/.pico-sdk/sdk/2.0.0/src/rp2_common/pico_clib_interface/newlib_interface.c.obj
                0x10004164                _kill
 .text.exit     0x1000416a        0x6 CMakeFiles/rp2040_rc_control.dir/C_/Users/BenjaminWoerfel/.pico-sdk/sdk/2.0.0/src/rp2_common/pico_clib_interface/newlib_interface.c.obj
                0x1000416a                exit
 .text.__assert_func
                0x10004170       0x38 CMakeFiles/rp2040_rc_control.dir/C_/Users/BenjaminWoerfel/.pico-sdk/sdk/2.0.0/src/rp2_common/pico_clib_interface/newlib_interface.c.obj
                0x10004170                __assert_func
 .text.runtime_init
                0x100041a8       0x28 CMakeFiles/rp2040_rc_control.dir/C_/Users/BenjaminWoerfel/.pico-sdk/sdk/2.0.0/src/rp2_common/pico_clib_interface/newlib_interface.c.obj
                0x100041a8                runtime_init
 .text.stdio_out_chars_no_crlf
                0x100041d0        0xe CMakeFiles/rp2040_rc_control.dir/C_/Users/BenjaminWoerfel/.pico-sdk/sdk/2.0.0/src/rp2_common/pico_stdio/stdio.c.obj
 *fill*         0x100041de        0x2 
 .text.stdio_out_chars_crlf
                0x100041e0       0x80 CMakeFiles/rp2040_rc_control.dir/C_/Users/BenjaminWoerfel/.pico-sdk/sdk/2.0.0/src/rp2_common/pico_stdio/stdio.c.obj
 .text.stdio_stack_buffer_flush
                0x10004260       0x44 CMakeFiles/rp2040_rc_control.dir/C_/Users/BenjaminWoerfel/.pico-sdk/sdk/2.0.0/src/rp2_common/pico_stdio/stdio.c.obj
 .text.stdio_buffered_printer
                0x100042a4       0x20 CMakeFiles/rp2040_rc_control.dir/C_/Users/BenjaminWoerfel/.pico-sdk/sdk/2.0.0/src/rp2_common/pico_stdio/stdio.c.obj
 .text.stdout_serialize_begin
                0x100042c4       0x30 CMakeFiles/rp2040_rc_control.dir/C_/Users/BenjaminWoerfel/.pico-sdk/sdk/2.0.0/src/rp2_common/pico_stdio/stdio.c.obj
                0x100042c4                stdout_serialize_begin
 .text.stdout_serialize_end
                0x100042f4       0x10 CMakeFiles/rp2040_rc_control.dir/C_/Users/BenjaminWoerfel/.pico-sdk/sdk/2.0.0/src/rp2_common/pico_stdio/stdio.c.obj
                0x100042f4                stdout_serialize_end
 .text.stdio_put_string
                0x10004304       0x94 CMakeFiles/rp2040_rc_control.dir/C_/Users/BenjaminWoerfel/.pico-sdk/sdk/2.0.0/src/rp2_common/pico_stdio/stdio.c.obj
                0x10004304                stdio_put_string
 .text.stdio_set_driver_enabled
                0x10004398       0x2c CMakeFiles/rp2040_rc_control.dir/C_/Users/BenjaminWoerfel/.pico-sdk/sdk/2.0.0/src/rp2_common/pico_stdio/stdio.c.obj
                0x10004398                stdio_set_driver_enabled
 .text.stdio_flush
                0x100043c4       0x20 CMakeFiles/rp2040_rc_control.dir/C_/Users/BenjaminWoerfel/.pico-sdk/sdk/2.0.0/src/rp2_common/pico_stdio/stdio.c.obj
                0x100043c4                stdio_flush
 .text.stdio_init_all
                0x100043e4        0x8 CMakeFiles/rp2040_rc_control.dir/C_/Users/BenjaminWoerfel/.pico-sdk/sdk/2.0.0/src/rp2_common/pico_stdio/stdio.c.obj
                0x100043e4                stdio_init_all
 .text.__wrap_puts
                0x100043ec       0x1e CMakeFiles/rp2040_rc_control.dir/C_/Users/BenjaminWoerfel/.pico-sdk/sdk/2.0.0/src/rp2_common/pico_stdio/stdio.c.obj
                0x100043ec                stdio_puts
                0x100043ec                __wrap_puts
 *fill*         0x1000440a        0x2 
 .text.__wrap_vprintf
                0x1000440c       0x40 CMakeFiles/rp2040_rc_control.dir/C_/Users/BenjaminWoerfel/.pico-sdk/sdk/2.0.0/src/rp2_common/pico_stdio/stdio.c.obj
                0x1000440c                stdio_vprintf
                0x1000440c                __wrap_vprintf
 .text.__wrap_printf
                0x1000444c       0x18 CMakeFiles/rp2040_rc_control.dir/C_/Users/BenjaminWoerfel/.pico-sdk/sdk/2.0.0/src/rp2_common/pico_stdio/stdio.c.obj
                0x1000444c                __wrap_printf
                0x1000444c                stdio_printf
 .text.resetd_init
                0x10004464        0x2 CMakeFiles/rp2040_rc_control.dir/C_/Users/BenjaminWoerfel/.pico-sdk/sdk/2.0.0/src/rp2_common/pico_stdio_usb/reset_interface.c.obj
 *fill*         0x10004466        0x2 
 .text.resetd_reset
                0x10004468        0xc CMakeFiles/rp2040_rc_control.dir/C_/Users/BenjaminWoerfel/.pico-sdk/sdk/2.0.0/src/rp2_common/pico_stdio_usb/reset_interface.c.obj
 .text.resetd_open
                0x10004474       0x34 CMakeFiles/rp2040_rc_control.dir/C_/Users/BenjaminWoerfel/.pico-sdk/sdk/2.0.0/src/rp2_common/pico_stdio_usb/reset_interface.c.obj
 .text.resetd_xfer_cb
                0x100044a8        0x4 CMakeFiles/rp2040_rc_control.dir/C_/Users/BenjaminWoerfel/.pico-sdk/sdk/2.0.0/src/rp2_common/pico_stdio_usb/reset_interface.c.obj
 .text.resetd_control_xfer_cb
                0x100044ac       0x5c CMakeFiles/rp2040_rc_control.dir/C_/Users/BenjaminWoerfel/.pico-sdk/sdk/2.0.0/src/rp2_common/pico_stdio_usb/reset_interface.c.obj
 .text.tud_descriptor_bos_cb
                0x10004508        0x8 CMakeFiles/rp2040_rc_control.dir/C_/Users/BenjaminWoerfel/.pico-sdk/sdk/2.0.0/src/rp2_common/pico_stdio_usb/reset_interface.c.obj
                0x10004508                tud_descriptor_bos_cb
 .text.tud_vendor_control_xfer_cb
                0x10004510       0x38 CMakeFiles/rp2040_rc_control.dir/C_/Users/BenjaminWoerfel/.pico-sdk/sdk/2.0.0/src/rp2_common/pico_stdio_usb/reset_interface.c.obj
                0x10004510                tud_vendor_control_xfer_cb
 .text.usbd_app_driver_get_cb
                0x10004548        0xc CMakeFiles/rp2040_rc_control.dir/C_/Users/BenjaminWoerfel/.pico-sdk/sdk/2.0.0/src/rp2_common/pico_stdio_usb/reset_interface.c.obj
                0x10004548                usbd_app_driver_get_cb
 .text.tud_cdc_line_coding_cb
                0x10004554       0x28 CMakeFiles/rp2040_rc_control.dir/C_/Users/BenjaminWoerfel/.pico-sdk/sdk/2.0.0/src/rp2_common/pico_stdio_usb/reset_interface.c.obj
                0x10004554                tud_cdc_line_coding_cb
 .text.stdio_usb_set_chars_available_callback
                0x1000457c       0x14 CMakeFiles/rp2040_rc_control.dir/C_/Users/BenjaminWoerfel/.pico-sdk/sdk/2.0.0/src/rp2_common/pico_stdio_usb/stdio_usb.c.obj
                0x1000457c                stdio_usb_set_chars_available_callback
 .text.stdio_usb_out_flush
                0x10004590       0x4c CMakeFiles/rp2040_rc_control.dir/C_/Users/BenjaminWoerfel/.pico-sdk/sdk/2.0.0/src/rp2_common/pico_stdio_usb/stdio_usb.c.obj
 .text.usb_irq  0x100045dc       0x10 CMakeFiles/rp2040_rc_control.dir/C_/Users/BenjaminWoerfel/.pico-sdk/sdk/2.0.0/src/rp2_common/pico_stdio_usb/stdio_usb.c.obj
 .text.critical_section_enter_blocking
                0x100045ec       0x16 CMakeFiles/rp2040_rc_control.dir/C_/Users/BenjaminWoerfel/.pico-sdk/sdk/2.0.0/src/rp2_common/pico_stdio_usb/stdio_usb.c.obj
 *fill*         0x10004602        0x2 
 .text.timer_task
                0x10004604       0x60 CMakeFiles/rp2040_rc_control.dir/C_/Users/BenjaminWoerfel/.pico-sdk/sdk/2.0.0/src/rp2_common/pico_stdio_usb/stdio_usb.c.obj
 .text.alarm_pool_add_alarm_in_us
                0x10004664       0x40 CMakeFiles/rp2040_rc_control.dir/C_/Users/BenjaminWoerfel/.pico-sdk/sdk/2.0.0/src/rp2_common/pico_stdio_usb/stdio_usb.c.obj
 .text.add_alarm_in_us
                0x100046a4       0x2e CMakeFiles/rp2040_rc_control.dir/C_/Users/BenjaminWoerfel/.pico-sdk/sdk/2.0.0/src/rp2_common/pico_stdio_usb/stdio_usb.c.obj
 *fill*         0x100046d2        0x2 
 .text.low_priority_worker_irq
                0x100046d4       0xa0 CMakeFiles/rp2040_rc_control.dir/C_/Users/BenjaminWoerfel/.pico-sdk/sdk/2.0.0/src/rp2_common/pico_stdio_usb/stdio_usb.c.obj
 .text.stdio_usb_init
                0x10004774       0xdc CMakeFiles/rp2040_rc_control.dir/C_/Users/BenjaminWoerfel/.pico-sdk/sdk/2.0.0/src/rp2_common/pico_stdio_usb/stdio_usb.c.obj
                0x10004774                stdio_usb_init
 .text.stdio_usb_connected
                0x10004850        0xa CMakeFiles/rp2040_rc_control.dir/C_/Users/BenjaminWoerfel/.pico-sdk/sdk/2.0.0/src/rp2_common/pico_stdio_usb/stdio_usb.c.obj
                0x10004850                stdio_usb_connected
 *fill*         0x1000485a        0x2 
 .text.stdio_usb_in_chars
                0x1000485c       0x98 CMakeFiles/rp2040_rc_control.dir/C_/Users/BenjaminWoerfel/.pico-sdk/sdk/2.0.0/src/rp2_common/pico_stdio_usb/stdio_usb.c.obj
                0x1000485c                stdio_usb_in_chars
 .text.stdio_usb_out_chars
                0x100048f4       0xe8 CMakeFiles/rp2040_rc_control.dir/C_/Users/BenjaminWoerfel/.pico-sdk/sdk/2.0.0/src/rp2_common/pico_stdio_usb/stdio_usb.c.obj
 .text.tud_descriptor_device_cb
                0x100049dc        0x8 CMakeFiles/rp2040_rc_control.dir/C_/Users/BenjaminWoerfel/.pico-sdk/sdk/2.0.0/src/rp2_common/pico_stdio_usb/stdio_usb_descriptors.c.obj
                0x100049dc                tud_descriptor_device_cb
 .text.tud_descriptor_configuration_cb
                0x100049e4        0x8 CMakeFiles/rp2040_rc_control.dir/C_/Users/BenjaminWoerfel/.pico-sdk/sdk/2.0.0/src/rp2_common/pico_stdio_usb/stdio_usb_descriptors.c.obj
                0x100049e4                tud_descriptor_configuration_cb
 .text.tud_descriptor_string_cb
                0x100049ec       0x6c CMakeFiles/rp2040_rc_control.dir/C_/Users/BenjaminWoerfel/.pico-sdk/sdk/2.0.0/src/rp2_common/pico_stdio_usb/stdio_usb_descriptors.c.obj
                0x100049ec                tud_descriptor_string_cb
 .text._retrieve_unique_id_on_boot
                0x10004a58       0x10 CMakeFiles/rp2040_rc_control.dir/C_/Users/BenjaminWoerfel/.pico-sdk/sdk/2.0.0/src/rp2_common/pico_unique_id/unique_id.c.obj
 .text.pico_get_unique_board_id_string
                0x10004a68       0x5c CMakeFiles/rp2040_rc_control.dir/C_/Users/BenjaminWoerfel/.pico-sdk/sdk/2.0.0/src/rp2_common/pico_unique_id/unique_id.c.obj
                0x10004a68                pico_get_unique_board_id_string
 .text.flash_get_unique_id
                0x10004ac4       0x40 CMakeFiles/rp2040_rc_control.dir/C_/Users/BenjaminWoerfel/.pico-sdk/sdk/2.0.0/src/rp2_common/hardware_flash/flash.c.obj
                0x10004ac4                flash_get_unique_id
 .text._hw_endpoint_alloc
                0x10004b04       0x70 CMakeFiles/rp2040_rc_control.dir/C_/Users/BenjaminWoerfel/.pico-sdk/sdk/2.0.0/lib/tinyusb/src/portable/raspberrypi/rp2040/dcd_rp2040.c.obj
 .text.hw_endpoint_init
                0x10004b74       0xbc CMakeFiles/rp2040_rc_control.dir/C_/Users/BenjaminWoerfel/.pico-sdk/sdk/2.0.0/lib/tinyusb/src/portable/raspberrypi/rp2040/dcd_rp2040.c.obj
 .text.hw_endpoint_xfer
                0x10004c30       0x20 CMakeFiles/rp2040_rc_control.dir/C_/Users/BenjaminWoerfel/.pico-sdk/sdk/2.0.0/lib/tinyusb/src/portable/raspberrypi/rp2040/dcd_rp2040.c.obj
 .text.dcd_int_enable
                0x10004c50       0x2c CMakeFiles/rp2040_rc_control.dir/C_/Users/BenjaminWoerfel/.pico-sdk/sdk/2.0.0/lib/tinyusb/src/portable/raspberrypi/rp2040/dcd_rp2040.c.obj
                0x10004c50                dcd_int_enable
 .text.dcd_set_address
                0x10004c7c       0x2c CMakeFiles/rp2040_rc_control.dir/C_/Users/BenjaminWoerfel/.pico-sdk/sdk/2.0.0/lib/tinyusb/src/portable/raspberrypi/rp2040/dcd_rp2040.c.obj
                0x10004c7c                dcd_set_address
 .text.dcd_connect
                0x10004ca8       0x10 CMakeFiles/rp2040_rc_control.dir/C_/Users/BenjaminWoerfel/.pico-sdk/sdk/2.0.0/lib/tinyusb/src/portable/raspberrypi/rp2040/dcd_rp2040.c.obj
                0x10004ca8                dcd_connect
 .text.dcd_init
                0x10004cb8       0x80 CMakeFiles/rp2040_rc_control.dir/C_/Users/BenjaminWoerfel/.pico-sdk/sdk/2.0.0/lib/tinyusb/src/portable/raspberrypi/rp2040/dcd_rp2040.c.obj
                0x10004cb8                dcd_init
 .text.dcd_sof_enable
                0x10004d38       0x1c CMakeFiles/rp2040_rc_control.dir/C_/Users/BenjaminWoerfel/.pico-sdk/sdk/2.0.0/lib/tinyusb/src/portable/raspberrypi/rp2040/dcd_rp2040.c.obj
                0x10004d38                dcd_sof_enable
 .text.dcd_edpt0_status_complete
                0x10004d54       0x1c CMakeFiles/rp2040_rc_control.dir/C_/Users/BenjaminWoerfel/.pico-sdk/sdk/2.0.0/lib/tinyusb/src/portable/raspberrypi/rp2040/dcd_rp2040.c.obj
                0x10004d54                dcd_edpt0_status_complete
 .text.dcd_edpt_open
                0x10004d70       0x40 CMakeFiles/rp2040_rc_control.dir/C_/Users/BenjaminWoerfel/.pico-sdk/sdk/2.0.0/lib/tinyusb/src/portable/raspberrypi/rp2040/dcd_rp2040.c.obj
                0x10004d70                dcd_edpt_open
 .text.dcd_edpt_close_all
                0x10004db0        0x8 CMakeFiles/rp2040_rc_control.dir/C_/Users/BenjaminWoerfel/.pico-sdk/sdk/2.0.0/lib/tinyusb/src/portable/raspberrypi/rp2040/dcd_rp2040.c.obj
                0x10004db0                dcd_edpt_close_all
 .text.dcd_edpt_xfer
                0x10004db8       0x30 CMakeFiles/rp2040_rc_control.dir/C_/Users/BenjaminWoerfel/.pico-sdk/sdk/2.0.0/lib/tinyusb/src/portable/raspberrypi/rp2040/dcd_rp2040.c.obj
                0x10004db8                dcd_edpt_xfer
 .text.dcd_edpt_stall
                0x10004de8       0x3c CMakeFiles/rp2040_rc_control.dir/C_/Users/BenjaminWoerfel/.pico-sdk/sdk/2.0.0/lib/tinyusb/src/portable/raspberrypi/rp2040/dcd_rp2040.c.obj
                0x10004de8                dcd_edpt_stall
 .text.dcd_edpt_clear_stall
                0x10004e24       0x30 CMakeFiles/rp2040_rc_control.dir/C_/Users/BenjaminWoerfel/.pico-sdk/sdk/2.0.0/lib/tinyusb/src/portable/raspberrypi/rp2040/dcd_rp2040.c.obj
                0x10004e24                dcd_edpt_clear_stall
 .text.unaligned_memcpy
                0x10004e54       0x14 CMakeFiles/rp2040_rc_control.dir/C_/Users/BenjaminWoerfel/.pico-sdk/sdk/2.0.0/lib/tinyusb/src/portable/raspberrypi/rp2040/rp2040_usb.c.obj
 .text.rp2040_usb_init
                0x10004e68       0x44 CMakeFiles/rp2040_rc_control.dir/C_/Users/BenjaminWoerfel/.pico-sdk/sdk/2.0.0/lib/tinyusb/src/portable/raspberrypi/rp2040/rp2040_usb.c.obj
                0x10004e68                rp2040_usb_init
 .text.hw_endpoint_xfer_start
                0x10004eac       0x60 CMakeFiles/rp2040_rc_control.dir/C_/Users/BenjaminWoerfel/.pico-sdk/sdk/2.0.0/lib/tinyusb/src/portable/raspberrypi/rp2040/rp2040_usb.c.obj
                0x10004eac                hw_endpoint_xfer_start
 .text.configuration_reset
                0x10004f0c       0x84 CMakeFiles/rp2040_rc_control.dir/C_/Users/BenjaminWoerfel/.pico-sdk/sdk/2.0.0/lib/tinyusb/src/device/usbd.c.obj
 .text.critical_section_enter_blocking
                0x10004f90       0x16 CMakeFiles/rp2040_rc_control.dir/C_/Users/BenjaminWoerfel/.pico-sdk/sdk/2.0.0/lib/tinyusb/src/device/usbd.c.obj
 .text.usbd_reset
                0x10004fa6        0xc CMakeFiles/rp2040_rc_control.dir/C_/Users/BenjaminWoerfel/.pico-sdk/sdk/2.0.0/lib/tinyusb/src/device/usbd.c.obj
 .text.invoke_class_control
                0x10004fb2       0x1a CMakeFiles/rp2040_rc_control.dir/C_/Users/BenjaminWoerfel/.pico-sdk/sdk/2.0.0/lib/tinyusb/src/device/usbd.c.obj
 .text.process_set_config
                0x10004fcc      0x1b0 CMakeFiles/rp2040_rc_control.dir/C_/Users/BenjaminWoerfel/.pico-sdk/sdk/2.0.0/lib/tinyusb/src/device/usbd.c.obj
 .text.tud_event_hook_cb
                0x1000517c        0x2 CMakeFiles/rp2040_rc_control.dir/C_/Users/BenjaminWoerfel/.pico-sdk/sdk/2.0.0/lib/tinyusb/src/device/usbd.c.obj
                0x1000517c                tud_event_hook_cb
 .text.tud_sof_cb
                0x1000517e        0x2 CMakeFiles/rp2040_rc_control.dir/C_/Users/BenjaminWoerfel/.pico-sdk/sdk/2.0.0/lib/tinyusb/src/device/usbd.c.obj
                0x1000517e                tud_sof_cb
 .text.tud_descriptor_device_qualifier_cb
                0x10005180        0x4 CMakeFiles/rp2040_rc_control.dir/C_/Users/BenjaminWoerfel/.pico-sdk/sdk/2.0.0/lib/tinyusb/src/device/usbd.c.obj
                0x10005180                tud_descriptor_device_qualifier_cb
 .text.tud_descriptor_other_speed_configuration_cb
                0x10005184        0x4 CMakeFiles/rp2040_rc_control.dir/C_/Users/BenjaminWoerfel/.pico-sdk/sdk/2.0.0/lib/tinyusb/src/device/usbd.c.obj
                0x10005184                tud_descriptor_other_speed_configuration_cb
 .text.process_get_descriptor
                0x10005188       0xe0 CMakeFiles/rp2040_rc_control.dir/C_/Users/BenjaminWoerfel/.pico-sdk/sdk/2.0.0/lib/tinyusb/src/device/usbd.c.obj
 .text.tud_mount_cb
                0x10005268        0x2 CMakeFiles/rp2040_rc_control.dir/C_/Users/BenjaminWoerfel/.pico-sdk/sdk/2.0.0/lib/tinyusb/src/device/usbd.c.obj
                0x10005268                tud_mount_cb
 .text.tud_umount_cb
                0x1000526a        0x2 CMakeFiles/rp2040_rc_control.dir/C_/Users/BenjaminWoerfel/.pico-sdk/sdk/2.0.0/lib/tinyusb/src/device/usbd.c.obj
                0x1000526a                tud_umount_cb
 .text.tud_suspend_cb
                0x1000526c        0x2 CMakeFiles/rp2040_rc_control.dir/C_/Users/BenjaminWoerfel/.pico-sdk/sdk/2.0.0/lib/tinyusb/src/device/usbd.c.obj
                0x1000526c                tud_suspend_cb
 .text.tud_resume_cb
                0x1000526e        0x2 CMakeFiles/rp2040_rc_control.dir/C_/Users/BenjaminWoerfel/.pico-sdk/sdk/2.0.0/lib/tinyusb/src/device/usbd.c.obj
                0x1000526e                tud_resume_cb
 .text.tud_mounted
                0x10005270       0x10 CMakeFiles/rp2040_rc_control.dir/C_/Users/BenjaminWoerfel/.pico-sdk/sdk/2.0.0/lib/tinyusb/src/device/usbd.c.obj
                0x10005270                tud_mounted
 .text.tud_suspended
                0x10005280       0x10 CMakeFiles/rp2040_rc_control.dir/C_/Users/BenjaminWoerfel/.pico-sdk/sdk/2.0.0/lib/tinyusb/src/device/usbd.c.obj
                0x10005280                tud_suspended
 .text.tud_inited
                0x10005290       0x14 CMakeFiles/rp2040_rc_control.dir/C_/Users/BenjaminWoerfel/.pico-sdk/sdk/2.0.0/lib/tinyusb/src/device/usbd.c.obj
                0x10005290                tud_inited
 .text.tud_init
                0x100052a4       0xdc CMakeFiles/rp2040_rc_control.dir/C_/Users/BenjaminWoerfel/.pico-sdk/sdk/2.0.0/lib/tinyusb/src/device/usbd.c.obj
                0x100052a4                tud_init
 .text.usbd_edpt_open
                0x10005380       0x60 CMakeFiles/rp2040_rc_control.dir/C_/Users/BenjaminWoerfel/.pico-sdk/sdk/2.0.0/lib/tinyusb/src/device/usbd.c.obj
                0x10005380                usbd_edpt_open
 .text.usbd_open_edpt_pair
                0x100053e0       0x8c CMakeFiles/rp2040_rc_control.dir/C_/Users/BenjaminWoerfel/.pico-sdk/sdk/2.0.0/lib/tinyusb/src/device/usbd.c.obj
                0x100053e0                usbd_open_edpt_pair
 .text.usbd_edpt_claim
                0x1000546c       0x28 CMakeFiles/rp2040_rc_control.dir/C_/Users/BenjaminWoerfel/.pico-sdk/sdk/2.0.0/lib/tinyusb/src/device/usbd.c.obj
                0x1000546c                usbd_edpt_claim
 .text.usbd_edpt_release
                0x10005494       0x28 CMakeFiles/rp2040_rc_control.dir/C_/Users/BenjaminWoerfel/.pico-sdk/sdk/2.0.0/lib/tinyusb/src/device/usbd.c.obj
                0x10005494                usbd_edpt_release
 .text.usbd_edpt_xfer
                0x100054bc       0x88 CMakeFiles/rp2040_rc_control.dir/C_/Users/BenjaminWoerfel/.pico-sdk/sdk/2.0.0/lib/tinyusb/src/device/usbd.c.obj
                0x100054bc                usbd_edpt_xfer
 .text.usbd_edpt_stall
                0x10005544       0x34 CMakeFiles/rp2040_rc_control.dir/C_/Users/BenjaminWoerfel/.pico-sdk/sdk/2.0.0/lib/tinyusb/src/device/usbd.c.obj
                0x10005544                usbd_edpt_stall
 .text.usbd_edpt_clear_stall
                0x10005578       0x34 CMakeFiles/rp2040_rc_control.dir/C_/Users/BenjaminWoerfel/.pico-sdk/sdk/2.0.0/lib/tinyusb/src/device/usbd.c.obj
                0x10005578                usbd_edpt_clear_stall
 .text.usbd_edpt_stalled
                0x100055ac       0x1c CMakeFiles/rp2040_rc_control.dir/C_/Users/BenjaminWoerfel/.pico-sdk/sdk/2.0.0/lib/tinyusb/src/device/usbd.c.obj
                0x100055ac                usbd_edpt_stalled
 .text.process_control_request
                0x100055c8      0x390 CMakeFiles/rp2040_rc_control.dir/C_/Users/BenjaminWoerfel/.pico-sdk/sdk/2.0.0/lib/tinyusb/src/device/usbd.c.obj
 .text.tud_task_ext
                0x10005958      0x1c8 CMakeFiles/rp2040_rc_control.dir/C_/Users/BenjaminWoerfel/.pico-sdk/sdk/2.0.0/lib/tinyusb/src/device/usbd.c.obj
                0x10005958                tud_task_ext
 .text._status_stage_xact
                0x10005b20       0x1a CMakeFiles/rp2040_rc_control.dir/C_/Users/BenjaminWoerfel/.pico-sdk/sdk/2.0.0/lib/tinyusb/src/device/usbd_control.c.obj
 *fill*         0x10005b3a        0x2 
 .text._data_stage_xact
                0x10005b3c       0x60 CMakeFiles/rp2040_rc_control.dir/C_/Users/BenjaminWoerfel/.pico-sdk/sdk/2.0.0/lib/tinyusb/src/device/usbd_control.c.obj
 .text.tud_control_status
                0x10005b9c       0x28 CMakeFiles/rp2040_rc_control.dir/C_/Users/BenjaminWoerfel/.pico-sdk/sdk/2.0.0/lib/tinyusb/src/device/usbd_control.c.obj
                0x10005b9c                tud_control_status
 .text.tud_control_xfer
                0x10005bc4       0x98 CMakeFiles/rp2040_rc_control.dir/C_/Users/BenjaminWoerfel/.pico-sdk/sdk/2.0.0/lib/tinyusb/src/device/usbd_control.c.obj
                0x10005bc4                tud_control_xfer
 .text.usbd_control_reset
                0x10005c5c       0x14 CMakeFiles/rp2040_rc_control.dir/C_/Users/BenjaminWoerfel/.pico-sdk/sdk/2.0.0/lib/tinyusb/src/device/usbd_control.c.obj
                0x10005c5c                usbd_control_reset
 .text.usbd_control_set_complete_callback
                0x10005c70        0xc CMakeFiles/rp2040_rc_control.dir/C_/Users/BenjaminWoerfel/.pico-sdk/sdk/2.0.0/lib/tinyusb/src/device/usbd_control.c.obj
                0x10005c70                usbd_control_set_complete_callback
 .text.usbd_control_set_request
                0x10005c7c       0x1c CMakeFiles/rp2040_rc_control.dir/C_/Users/BenjaminWoerfel/.pico-sdk/sdk/2.0.0/lib/tinyusb/src/device/usbd_control.c.obj
                0x10005c7c                usbd_control_set_request
 .text.usbd_control_xfer_cb
                0x10005c98       0xe0 CMakeFiles/rp2040_rc_control.dir/C_/Users/BenjaminWoerfel/.pico-sdk/sdk/2.0.0/lib/tinyusb/src/device/usbd_control.c.obj
                0x10005c98                usbd_control_xfer_cb
 .text._prep_out_transaction
                0x10005d78       0x72 CMakeFiles/rp2040_rc_control.dir/C_/Users/BenjaminWoerfel/.pico-sdk/sdk/2.0.0/lib/tinyusb/src/class/cdc/cdc_device.c.obj
 *fill*         0x10005dea        0x2 
 .text.tud_cdc_n_connected
                0x10005dec       0x38 CMakeFiles/rp2040_rc_control.dir/C_/Users/BenjaminWoerfel/.pico-sdk/sdk/2.0.0/lib/tinyusb/src/class/cdc/cdc_device.c.obj
                0x10005dec                tud_cdc_n_connected
 .text.tud_cdc_n_available
                0x10005e24       0x18 CMakeFiles/rp2040_rc_control.dir/C_/Users/BenjaminWoerfel/.pico-sdk/sdk/2.0.0/lib/tinyusb/src/class/cdc/cdc_device.c.obj
                0x10005e24                tud_cdc_n_available
 .text.tud_cdc_n_read
                0x10005e3c       0x38 CMakeFiles/rp2040_rc_control.dir/C_/Users/BenjaminWoerfel/.pico-sdk/sdk/2.0.0/lib/tinyusb/src/class/cdc/cdc_device.c.obj
                0x10005e3c                tud_cdc_n_read
 .text.tud_cdc_n_write_flush
                0x10005e74       0xcc CMakeFiles/rp2040_rc_control.dir/C_/Users/BenjaminWoerfel/.pico-sdk/sdk/2.0.0/lib/tinyusb/src/class/cdc/cdc_device.c.obj
                0x10005e74                tud_cdc_n_write_flush
 .text.tud_cdc_n_write
                0x10005f40       0x48 CMakeFiles/rp2040_rc_control.dir/C_/Users/BenjaminWoerfel/.pico-sdk/sdk/2.0.0/lib/tinyusb/src/class/cdc/cdc_device.c.obj
                0x10005f40                tud_cdc_n_write
 .text.tud_cdc_n_write_available
                0x10005f88       0x1c CMakeFiles/rp2040_rc_control.dir/C_/Users/BenjaminWoerfel/.pico-sdk/sdk/2.0.0/lib/tinyusb/src/class/cdc/cdc_device.c.obj
                0x10005f88                tud_cdc_n_write_available
 .text.cdcd_init
                0x10005fa4       0xc0 CMakeFiles/rp2040_rc_control.dir/C_/Users/BenjaminWoerfel/.pico-sdk/sdk/2.0.0/lib/tinyusb/src/class/cdc/cdc_device.c.obj
                0x10005fa4                cdcd_init
 .text.cdcd_deinit
                0x10006064       0x50 CMakeFiles/rp2040_rc_control.dir/C_/Users/BenjaminWoerfel/.pico-sdk/sdk/2.0.0/lib/tinyusb/src/class/cdc/cdc_device.c.obj
                0x10006064                cdcd_deinit
 .text.cdcd_reset
                0x100060b4       0x78 CMakeFiles/rp2040_rc_control.dir/C_/Users/BenjaminWoerfel/.pico-sdk/sdk/2.0.0/lib/tinyusb/src/class/cdc/cdc_device.c.obj
                0x100060b4                cdcd_reset
 .text.cdcd_open
                0x1000612c       0xf0 CMakeFiles/rp2040_rc_control.dir/C_/Users/BenjaminWoerfel/.pico-sdk/sdk/2.0.0/lib/tinyusb/src/class/cdc/cdc_device.c.obj
                0x1000612c                cdcd_open
 .text.cdcd_control_xfer_cb
                0x1000621c      0x138 CMakeFiles/rp2040_rc_control.dir/C_/Users/BenjaminWoerfel/.pico-sdk/sdk/2.0.0/lib/tinyusb/src/class/cdc/cdc_device.c.obj
                0x1000621c                cdcd_control_xfer_cb
 .text.cdcd_xfer_cb
                0x10006354      0x144 CMakeFiles/rp2040_rc_control.dir/C_/Users/BenjaminWoerfel/.pico-sdk/sdk/2.0.0/lib/tinyusb/src/class/cdc/cdc_device.c.obj
                0x10006354                cdcd_xfer_cb
 .text._prep_out_transaction
                0x10006498       0x3a CMakeFiles/rp2040_rc_control.dir/C_/Users/BenjaminWoerfel/.pico-sdk/sdk/2.0.0/lib/tinyusb/src/class/vendor/vendor_device.c.obj
 *fill*         0x100064d2        0x2 
 .text.tud_vendor_n_write_flush
                0x100064d4       0xcc CMakeFiles/rp2040_rc_control.dir/C_/Users/BenjaminWoerfel/.pico-sdk/sdk/2.0.0/lib/tinyusb/src/class/vendor/vendor_device.c.obj
                0x100064d4                tud_vendor_n_write_flush
 .text.vendord_init
                0x100065a0       0xa0 CMakeFiles/rp2040_rc_control.dir/C_/Users/BenjaminWoerfel/.pico-sdk/sdk/2.0.0/lib/tinyusb/src/class/vendor/vendor_device.c.obj
                0x100065a0                vendord_init
 .text.vendord_deinit
                0x10006640       0x50 CMakeFiles/rp2040_rc_control.dir/C_/Users/BenjaminWoerfel/.pico-sdk/sdk/2.0.0/lib/tinyusb/src/class/vendor/vendor_device.c.obj
                0x10006640                vendord_deinit
 .text.vendord_reset
                0x10006690       0x38 CMakeFiles/rp2040_rc_control.dir/C_/Users/BenjaminWoerfel/.pico-sdk/sdk/2.0.0/lib/tinyusb/src/class/vendor/vendor_device.c.obj
                0x10006690                vendord_reset
 .text.vendord_open
                0x100066c8       0xd0 CMakeFiles/rp2040_rc_control.dir/C_/Users/BenjaminWoerfel/.pico-sdk/sdk/2.0.0/lib/tinyusb/src/class/vendor/vendor_device.c.obj
                0x100066c8                vendord_open
 .text.vendord_xfer_cb
                0x10006798       0xc8 CMakeFiles/rp2040_rc_control.dir/C_/Users/BenjaminWoerfel/.pico-sdk/sdk/2.0.0/lib/tinyusb/src/class/vendor/vendor_device.c.obj
                0x10006798                vendord_xfer_cb
 .text.tusb_init
                0x10006860       0x24 CMakeFiles/rp2040_rc_control.dir/C_/Users/BenjaminWoerfel/.pico-sdk/sdk/2.0.0/lib/tinyusb/src/tusb.c.obj
                0x10006860                tusb_init
 .text.tu_edpt_claim
                0x10006884       0x50 CMakeFiles/rp2040_rc_control.dir/C_/Users/BenjaminWoerfel/.pico-sdk/sdk/2.0.0/lib/tinyusb/src/tusb.c.obj
                0x10006884                tu_edpt_claim
 .text.tu_edpt_release
                0x100068d4       0x38 CMakeFiles/rp2040_rc_control.dir/C_/Users/BenjaminWoerfel/.pico-sdk/sdk/2.0.0/lib/tinyusb/src/tusb.c.obj
                0x100068d4                tu_edpt_release
 .text.tu_edpt_validate
                0x1000690c       0xac CMakeFiles/rp2040_rc_control.dir/C_/Users/BenjaminWoerfel/.pico-sdk/sdk/2.0.0/lib/tinyusb/src/tusb.c.obj
                0x1000690c                tu_edpt_validate
 .text.tu_edpt_bind_driver
                0x100069b8       0x26 CMakeFiles/rp2040_rc_control.dir/C_/Users/BenjaminWoerfel/.pico-sdk/sdk/2.0.0/lib/tinyusb/src/tusb.c.obj
                0x100069b8                tu_edpt_bind_driver
 .text.advance_index
                0x100069de       0x1a CMakeFiles/rp2040_rc_control.dir/C_/Users/BenjaminWoerfel/.pico-sdk/sdk/2.0.0/lib/tinyusb/src/common/tusb_fifo.c.obj
 .text._tu_fifo_peek
                0x100069f8       0x56 CMakeFiles/rp2040_rc_control.dir/C_/Users/BenjaminWoerfel/.pico-sdk/sdk/2.0.0/lib/tinyusb/src/common/tusb_fifo.c.obj
 .text._ff_pull_n
                0x10006a4e       0x68 CMakeFiles/rp2040_rc_control.dir/C_/Users/BenjaminWoerfel/.pico-sdk/sdk/2.0.0/lib/tinyusb/src/common/tusb_fifo.c.obj
 .text._tu_fifo_peek_n
                0x10006ab6       0x6a CMakeFiles/rp2040_rc_control.dir/C_/Users/BenjaminWoerfel/.pico-sdk/sdk/2.0.0/lib/tinyusb/src/common/tusb_fifo.c.obj
 .text._tu_fifo_read_n
                0x10006b20       0x4e CMakeFiles/rp2040_rc_control.dir/C_/Users/BenjaminWoerfel/.pico-sdk/sdk/2.0.0/lib/tinyusb/src/common/tusb_fifo.c.obj
 .text._ff_push_n
                0x10006b6e       0x68 CMakeFiles/rp2040_rc_control.dir/C_/Users/BenjaminWoerfel/.pico-sdk/sdk/2.0.0/lib/tinyusb/src/common/tusb_fifo.c.obj
 .text._tu_fifo_write_n
                0x10006bd6       0xf0 CMakeFiles/rp2040_rc_control.dir/C_/Users/BenjaminWoerfel/.pico-sdk/sdk/2.0.0/lib/tinyusb/src/common/tusb_fifo.c.obj
 .text.tu_fifo_config
                0x10006cc6       0x7c CMakeFiles/rp2040_rc_control.dir/C_/Users/BenjaminWoerfel/.pico-sdk/sdk/2.0.0/lib/tinyusb/src/common/tusb_fifo.c.obj
                0x10006cc6                tu_fifo_config
 .text.tu_fifo_count
                0x10006d42       0x2a CMakeFiles/rp2040_rc_control.dir/C_/Users/BenjaminWoerfel/.pico-sdk/sdk/2.0.0/lib/tinyusb/src/common/tusb_fifo.c.obj
                0x10006d42                tu_fifo_count
 .text.tu_fifo_empty
                0x10006d6c        0xe CMakeFiles/rp2040_rc_control.dir/C_/Users/BenjaminWoerfel/.pico-sdk/sdk/2.0.0/lib/tinyusb/src/common/tusb_fifo.c.obj
                0x10006d6c                tu_fifo_empty
 .text.tu_fifo_full
                0x10006d7a       0x28 CMakeFiles/rp2040_rc_control.dir/C_/Users/BenjaminWoerfel/.pico-sdk/sdk/2.0.0/lib/tinyusb/src/common/tusb_fifo.c.obj
                0x10006d7a                tu_fifo_full
 .text.tu_fifo_remaining
                0x10006da2       0x2c CMakeFiles/rp2040_rc_control.dir/C_/Users/BenjaminWoerfel/.pico-sdk/sdk/2.0.0/lib/tinyusb/src/common/tusb_fifo.c.obj
                0x10006da2                tu_fifo_remaining
 .text.tu_fifo_read
                0x10006dce       0x42 CMakeFiles/rp2040_rc_control.dir/C_/Users/BenjaminWoerfel/.pico-sdk/sdk/2.0.0/lib/tinyusb/src/common/tusb_fifo.c.obj
                0x10006dce                tu_fifo_read
 .text.tu_fifo_read_n
                0x10006e10        0xa CMakeFiles/rp2040_rc_control.dir/C_/Users/BenjaminWoerfel/.pico-sdk/sdk/2.0.0/lib/tinyusb/src/common/tusb_fifo.c.obj
                0x10006e10                tu_fifo_read_n
 .text.tu_fifo_write
                0x10006e1a       0x64 CMakeFiles/rp2040_rc_control.dir/C_/Users/BenjaminWoerfel/.pico-sdk/sdk/2.0.0/lib/tinyusb/src/common/tusb_fifo.c.obj
                0x10006e1a                tu_fifo_write
 .text.tu_fifo_write_n
                0x10006e7e        0xa CMakeFiles/rp2040_rc_control.dir/C_/Users/BenjaminWoerfel/.pico-sdk/sdk/2.0.0/lib/tinyusb/src/common/tusb_fifo.c.obj
                0x10006e7e                tu_fifo_write_n
 .text.tu_fifo_clear
                0x10006e88       0x3e CMakeFiles/rp2040_rc_control.dir/C_/Users/BenjaminWoerfel/.pico-sdk/sdk/2.0.0/lib/tinyusb/src/common/tusb_fifo.c.obj
                0x10006e88                tu_fifo_clear
 .text.tu_fifo_set_overwritable
                0x10006ec6       0x46 CMakeFiles/rp2040_rc_control.dir/C_/Users/BenjaminWoerfel/.pico-sdk/sdk/2.0.0/lib/tinyusb/src/common/tusb_fifo.c.obj
                0x10006ec6                tu_fifo_set_overwritable
 .text.dma_claim_unused_channel
                0x10006f0c       0x24 CMakeFiles/rp2040_rc_control.dir/C_/Users/BenjaminWoerfel/.pico-sdk/sdk/2.0.0/src/rp2_common/hardware_dma/dma.c.obj
                0x10006f0c                dma_claim_unused_channel
 .text.dma_claim_unused_timer
                0x10006f30       0x24 CMakeFiles/rp2040_rc_control.dir/C_/Users/BenjaminWoerfel/.pico-sdk/sdk/2.0.0/src/rp2_common/hardware_dma/dma.c.obj
                0x10006f30                dma_claim_unused_timer
 .text.pio_get_default_sm_config
                0x10006f54       0x28 CMakeFiles/rp2040_rc_control.dir/C_/Users/BenjaminWoerfel/.pico-sdk/sdk/2.0.0/src/rp2_common/hardware_pio/pio.c.obj
 .text.is_program_gpio_compatible
                0x10006f7c        0x4 CMakeFiles/rp2040_rc_control.dir/C_/Users/BenjaminWoerfel/.pico-sdk/sdk/2.0.0/src/rp2_common/hardware_pio/pio.c.obj
 .text.check_sm_param
                0x10006f80       0x20 CMakeFiles/rp2040_rc_control.dir/C_/Users/BenjaminWoerfel/.pico-sdk/sdk/2.0.0/src/rp2_common/hardware_pio/pio.c.obj
 .text.check_pio_param
                0x10006fa0       0x30 CMakeFiles/rp2040_rc_control.dir/C_/Users/BenjaminWoerfel/.pico-sdk/sdk/2.0.0/src/rp2_common/hardware_pio/pio.c.obj
 .text.pio_sm_set_enabled
                0x10006fd0       0x22 CMakeFiles/rp2040_rc_control.dir/C_/Users/BenjaminWoerfel/.pico-sdk/sdk/2.0.0/src/rp2_common/hardware_pio/pio.c.obj
 .text.pio_sm_set_config
                0x10006ff2       0x3e CMakeFiles/rp2040_rc_control.dir/C_/Users/BenjaminWoerfel/.pico-sdk/sdk/2.0.0/src/rp2_common/hardware_pio/pio.c.obj
 .text.pio_sm_clear_fifos
                0x10007030       0x2c CMakeFiles/rp2040_rc_control.dir/C_/Users/BenjaminWoerfel/.pico-sdk/sdk/2.0.0/src/rp2_common/hardware_pio/pio.c.obj
 .text.pio_sm_restart
                0x1000705c       0x22 CMakeFiles/rp2040_rc_control.dir/C_/Users/BenjaminWoerfel/.pico-sdk/sdk/2.0.0/src/rp2_common/hardware_pio/pio.c.obj
 .text.pio_sm_clkdiv_restart
                0x1000707e       0x22 CMakeFiles/rp2040_rc_control.dir/C_/Users/BenjaminWoerfel/.pico-sdk/sdk/2.0.0/src/rp2_common/hardware_pio/pio.c.obj
 .text.find_offset_for_program
                0x100070a0       0x84 CMakeFiles/rp2040_rc_control.dir/C_/Users/BenjaminWoerfel/.pico-sdk/sdk/2.0.0/src/rp2_common/hardware_pio/pio.c.obj
 .text.add_program_at_offset_check
                0x10007124       0x9c CMakeFiles/rp2040_rc_control.dir/C_/Users/BenjaminWoerfel/.pico-sdk/sdk/2.0.0/src/rp2_common/hardware_pio/pio.c.obj
 .text.add_program_at_offset
                0x100071c0       0x64 CMakeFiles/rp2040_rc_control.dir/C_/Users/BenjaminWoerfel/.pico-sdk/sdk/2.0.0/src/rp2_common/hardware_pio/pio.c.obj
 .text.pio_claim_unused_sm
                0x10007224       0x44 CMakeFiles/rp2040_rc_control.dir/C_/Users/BenjaminWoerfel/.pico-sdk/sdk/2.0.0/src/rp2_common/hardware_pio/pio.c.obj
                0x10007224                pio_claim_unused_sm
 .text.pio_add_program
                0x10007268       0x30 CMakeFiles/rp2040_rc_control.dir/C_/Users/BenjaminWoerfel/.pico-sdk/sdk/2.0.0/src/rp2_common/hardware_pio/pio.c.obj
                0x10007268                pio_add_program
 .text.pio_sm_set_consecutive_pindirs
                0x10007298       0xfc CMakeFiles/rp2040_rc_control.dir/C_/Users/BenjaminWoerfel/.pico-sdk/sdk/2.0.0/src/rp2_common/hardware_pio/pio.c.obj
                0x10007298                pio_sm_set_consecutive_pindirs
 .text.pio_sm_init
                0x10007394       0xa0 CMakeFiles/rp2040_rc_control.dir/C_/Users/BenjaminWoerfel/.pico-sdk/sdk/2.0.0/src/rp2_common/hardware_pio/pio.c.obj
                0x10007394                pio_sm_init
 .text.abort    0x10007434       0x10 C:/Users/BenjaminWoerfel/.pico-sdk/toolchain/13_2_Rel1/bin/../lib/gcc/arm-none-eabi/13.2.1/thumb/v6-m/nofp\libg.a(libc_a-abort.o)
                0x10007434                abort
 .text.raise    0x10007444       0x5c C:/Users/BenjaminWoerfel/.pico-sdk/toolchain/13_2_Rel1/bin/../lib/gcc/arm-none-eabi/13.2.1/thumb/v6-m/nofp\libg.a(libc_a-signal.o)
                0x10007444                raise
 .text._kill_r  0x100074a0       0x28 C:/Users/BenjaminWoerfel/.pico-sdk/toolchain/13_2_Rel1/bin/../lib/gcc/arm-none-eabi/13.2.1/thumb/v6-m/nofp\libg.a(libc_a-signalr.o)
                0x100074a0                _kill_r
 .text._getpid_r
                0x100074c8        0x8 C:/Users/BenjaminWoerfel/.pico-sdk/toolchain/13_2_Rel1/bin/../lib/gcc/arm-none-eabi/13.2.1/thumb/v6-m/nofp\libg.a(libc_a-signalr.o)
                0x100074c8                _getpid_r
 .text.strlen   0x100074d0       0x5c C:/Users/BenjaminWoerfel/.pico-sdk/toolchain/13_2_Rel1/bin/../lib/gcc/arm-none-eabi/13.2.1/thumb/v6-m/nofp\libg.a(libc_a-strlen-stub.o)
                0x100074d0                strlen
 *(.fini)
 .fini          0x1000752c        0x4 C:/Users/BenjaminWoerfel/.pico-sdk/toolchain/13_2_Rel1/bin/../lib/gcc/arm-none-eabi/13.2.1/thumb/v6-m/nofp/crti.o
                0x1000752c                _fini
 .fini.__stub   0x10007530       0xd0 linker stubs
 *crtbegin.o(.ctors)
 *crtbegin?.o(.ctors)
 *(EXCLUDE_FILE(*crtend.o *crtend?.o) .ctors)
 *(SORT_BY_NAME(.ctors.*))
 *(.ctors)
 *crtbegin.o(.dtors)
 *crtbegin?.o(.dtors)
 *(EXCLUDE_FILE(*crtend.o *crtend?.o) .dtors)
 *(SORT_BY_NAME(.dtors.*))
 *(.dtors)
                0x10007600                        . = ALIGN (0x4)
                0x10007600                        PROVIDE (__preinit_array_start = .)
 *(SORT_BY_NAME(.preinit_array.*))
 .preinit_array.00100
                0x10007600        0x4 CMakeFiles/rp2040_rc_control.dir/C_/Users/BenjaminWoerfel/.pico-sdk/sdk/2.0.0/src/rp2_common/pico_runtime_init/runtime_init.c.obj
                0x10007600                __pre_init_runtime_init_early_resets
 .preinit_array.00101
                0x10007604        0x4 CMakeFiles/rp2040_rc_control.dir/C_/Users/BenjaminWoerfel/.pico-sdk/sdk/2.0.0/src/rp2_common/pico_runtime_init/runtime_init.c.obj
                0x10007604                __pre_init_runtime_init_usb_power_down
 .preinit_array.00275
                0x10007608        0x4 CMakeFiles/rp2040_rc_control.dir/C_/Users/BenjaminWoerfel/.pico-sdk/sdk/2.0.0/src/rp2_common/pico_bit_ops/bit_ops_aeabi.S.obj
 .preinit_array.00300
                0x1000760c        0x4 CMakeFiles/rp2040_rc_control.dir/C_/Users/BenjaminWoerfel/.pico-sdk/sdk/2.0.0/src/rp2_common/pico_mem_ops/mem_ops_aeabi.S.obj
 .preinit_array.00350
                0x10007610        0x4 CMakeFiles/rp2040_rc_control.dir/C_/Users/BenjaminWoerfel/.pico-sdk/sdk/2.0.0/src/rp2_common/pico_double/double_aeabi_rp2040.S.obj
 .preinit_array.00350
                0x10007614        0x4 CMakeFiles/rp2040_rc_control.dir/C_/Users/BenjaminWoerfel/.pico-sdk/sdk/2.0.0/src/rp2_common/pico_float/float_aeabi_rp2040.S.obj
 .preinit_array.00500
                0x10007618        0x4 CMakeFiles/rp2040_rc_control.dir/C_/Users/BenjaminWoerfel/.pico-sdk/sdk/2.0.0/src/rp2_common/pico_runtime_init/runtime_init.c.obj
                0x10007618                __pre_init_runtime_init_clocks
 .preinit_array.00600
                0x1000761c        0x4 CMakeFiles/rp2040_rc_control.dir/C_/Users/BenjaminWoerfel/.pico-sdk/sdk/2.0.0/src/rp2_common/pico_runtime_init/runtime_init.c.obj
                0x1000761c                __pre_init_runtime_init_post_clock_resets
 .preinit_array.00700
                0x10007620        0x4 CMakeFiles/rp2040_rc_control.dir/C_/Users/BenjaminWoerfel/.pico-sdk/sdk/2.0.0/src/rp2_common/pico_runtime_init/runtime_init.c.obj
                0x10007620                __pre_init_runtime_init_rp2040_gpio_ie_disable
 .preinit_array.01000
                0x10007624        0x4 CMakeFiles/rp2040_rc_control.dir/C_/Users/BenjaminWoerfel/.pico-sdk/sdk/2.0.0/src/rp2_common/pico_runtime_init/runtime_init.c.obj
                0x10007624                __pre_init_runtime_init_spin_locks_reset
 .preinit_array.01100
                0x10007628        0x4 CMakeFiles/rp2040_rc_control.dir/C_/Users/BenjaminWoerfel/.pico-sdk/sdk/2.0.0/src/common/pico_sync/mutex.c.obj
                0x10007628                __pre_init_runtime_init_mutex
 .preinit_array.10080
                0x1000762c        0x4 CMakeFiles/rp2040_rc_control.dir/C_/Users/BenjaminWoerfel/.pico-sdk/sdk/2.0.0/src/rp2_common/pico_runtime_init/runtime_init.c.obj
                0x1000762c                __pre_init_runtime_init_install_ram_vector_table
 .preinit_array.11000
                0x10007630        0x4 CMakeFiles/rp2040_rc_control.dir/C_/Users/BenjaminWoerfel/.pico-sdk/sdk/2.0.0/src/common/pico_time/time.c.obj
                0x10007630                __pre_init_runtime_init_default_alarm_pool
 .preinit_array.YYYYY
                0x10007634        0x4 CMakeFiles/rp2040_rc_control.dir/C_/Users/BenjaminWoerfel/.pico-sdk/sdk/2.0.0/src/rp2_common/pico_runtime/runtime.c.obj
                0x10007634                __pre_init_first_per_core_initializer
 .preinit_array.ZZZZZ.01200
                0x10007638        0x4 CMakeFiles/rp2040_rc_control.dir/C_/Users/BenjaminWoerfel/.pico-sdk/sdk/2.0.0/src/rp2_common/hardware_irq/irq.c.obj
                0x10007638                __pre_init_runtime_init_per_core_irq_priorities
 *(.preinit_array)
                0x1000763c                        PROVIDE (__preinit_array_end = .)
                0x1000763c                        . = ALIGN (0x4)
                0x1000763c                        PROVIDE (__init_array_start = .)
 *(SORT_BY_NAME(.init_array.*))
 *(.init_array)
 .init_array    0x1000763c        0x4 C:/Users/BenjaminWoerfel/.pico-sdk/toolchain/13_2_Rel1/bin/../lib/gcc/arm-none-eabi/13.2.1/thumb/v6-m/nofp/crtbegin.o
 .init_array    0x10007640        0x4 CMakeFiles/rp2040_rc_control.dir/C_/Users/BenjaminWoerfel/.pico-sdk/sdk/2.0.0/src/rp2_common/pico_unique_id/unique_id.c.obj
                0x10007644                        PROVIDE (__init_array_end = .)
                0x10007644                        . = ALIGN (0x4)
                [!provide]                        PROVIDE (__fini_array_start = .)
 *(SORT_BY_NAME(.fini_array.*))
 *(.fini_array)
                [!provide]                        PROVIDE (__fini_array_end = .)
 *(.eh_frame*)
 .eh_frame      0x10007644        0x0 C:/Users/BenjaminWoerfel/.pico-sdk/toolchain/13_2_Rel1/bin/../lib/gcc/arm-none-eabi/13.2.1/thumb/v6-m/nofp/crtbegin.o
                0x10007644                        . = ALIGN (0x4)

.glue_7         0x10007644        0x0
 .glue_7        0x10007644        0x0 linker stubs

.glue_7t        0x10007644        0x0
 .glue_7t       0x10007644        0x0 linker stubs

.vfp11_veneer   0x10007644        0x0
 .vfp11_veneer  0x10007644        0x0 linker stubs

.v4_bx          0x10007644        0x0
 .v4_bx         0x10007644        0x0 linker stubs

.iplt           0x10007644        0x0
 .iplt          0x10007644        0x0 C:/Users/BenjaminWoerfel/.pico-sdk/toolchain/13_2_Rel1/bin/../lib/gcc/arm-none-eabi/13.2.1/thumb/v6-m/nofp/crtbegin.o

.rodata         0x10007648     0x1ac4
 *(EXCLUDE_FILE(*libm.a: *libc.a:*lib_a-mem*.o *libgcc.a:) .rodata*)
 .rodata.check_pio_param.str1.4
                0x10007648     0x11a5 CMakeFiles/rp2040_rc_control.dir/rp2040_rc_control.cpp.obj
                                 0xc4 (size before relaxing)
 .rodata.sm_config_set_clkdiv_int_frac.str1.4
                0x100087ed       0x6a CMakeFiles/rp2040_rc_control.dir/rp2040_rc_control.cpp.obj
 .rodata.sm_config_set_out_shift.str1.4
                0x100087ed       0x57 CMakeFiles/rp2040_rc_control.dir/rp2040_rc_control.cpp.obj
 .rodata.sm_config_set_wrap.str1.4
                0x100087ed       0x52 CMakeFiles/rp2040_rc_control.dir/rp2040_rc_control.cpp.obj
 .rodata.check_pio_pin_param.str1.4
                0x100087ed       0x2f CMakeFiles/rp2040_rc_control.dir/rp2040_rc_control.cpp.obj
 .rodata.check_sm_param.str1.4
                0x100087ed       0x22 CMakeFiles/rp2040_rc_control.dir/rp2040_rc_control.cpp.obj
 .rodata.pio_calculate_clkdiv_from_float.str1.4
                0x100087ed       0x5d CMakeFiles/rp2040_rc_control.dir/rp2040_rc_control.cpp.obj
 .rodata.pio_gpio_init.str1.4
                0x100087ed       0x2a CMakeFiles/rp2040_rc_control.dir/rp2040_rc_control.cpp.obj
 .rodata.main.str1.4
                0x100087ed       0xad CMakeFiles/rp2040_rc_control.dir/rp2040_rc_control.cpp.obj
 *fill*         0x100087ed        0x3 
 .rodata._ZL14ws2812_program
                0x100087f0        0x8 CMakeFiles/rp2040_rc_control.dir/rp2040_rc_control.cpp.obj
 .rodata._ZL27ws2812_program_instructions
                0x100087f8        0x8 CMakeFiles/rp2040_rc_control.dir/rp2040_rc_control.cpp.obj
 .rodata.sm_config_set_clkdiv_int_frac.str1.4
                0x10008800       0x84 CMakeFiles/rp2040_rc_control.dir/capture_edge.c.obj
 .rodata.sm_config_set_wrap.str1.4
                0x10008800       0x1e CMakeFiles/rp2040_rc_control.dir/capture_edge.c.obj
 .rodata.pio_calculate_clkdiv_from_float.str1.4
                0x10008800       0x19 CMakeFiles/rp2040_rc_control.dir/capture_edge.c.obj
 .rodata.check_pio_pin_param.str1.4
                0x10008800        0xd CMakeFiles/rp2040_rc_control.dir/capture_edge.c.obj
 .rodata.check_pio_param.str1.4
                0x10008800       0x45 CMakeFiles/rp2040_rc_control.dir/capture_edge.c.obj
 .rodata.check_sm_param.str1.4
                0x10008800        0x8 CMakeFiles/rp2040_rc_control.dir/capture_edge.c.obj
 .rodata.handler_pio.str1.4
                0x10008800        0xc CMakeFiles/rp2040_rc_control.dir/capture_edge.c.obj
 .rodata.channel_config_set_dreq.str1.4
                0x10008800       0x74 CMakeFiles/rp2040_rc_control.dir/capture_edge.c.obj
 .rodata.channel_config_set_chain_to.str1.4
                0x10008800       0x1d CMakeFiles/rp2040_rc_control.dir/capture_edge.c.obj
 .rodata.__func__.1
                0x10008800       0x1c CMakeFiles/rp2040_rc_control.dir/capture_edge.c.obj
 .rodata.__func__.2
                0x1000881c       0x18 CMakeFiles/rp2040_rc_control.dir/capture_edge.c.obj
 .rodata.__func__.4
                0x10008834        0xf CMakeFiles/rp2040_rc_control.dir/capture_edge.c.obj
 *fill*         0x10008843        0x1 
 .rodata.__func__.7
                0x10008844       0x10 CMakeFiles/rp2040_rc_control.dir/capture_edge.c.obj
 .rodata.__func__.10
                0x10008854       0x14 CMakeFiles/rp2040_rc_control.dir/capture_edge.c.obj
 .rodata.__func__.11
                0x10008868       0x20 CMakeFiles/rp2040_rc_control.dir/capture_edge.c.obj
 .rodata.__func__.12
                0x10008888       0x13 CMakeFiles/rp2040_rc_control.dir/capture_edge.c.obj
 *fill*         0x1000889b        0x1 
 .rodata.__func__.15
                0x1000889c       0x1e CMakeFiles/rp2040_rc_control.dir/capture_edge.c.obj
 *fill*         0x100088ba        0x2 
 .rodata.reload_write_pins_
                0x100088bc        0x4 CMakeFiles/rp2040_rc_control.dir/capture_edge.c.obj
 .rodata.reload_counter_
                0x100088c0        0x4 CMakeFiles/rp2040_rc_control.dir/capture_edge.c.obj
 .rodata.capture_edge_program
                0x100088c4        0x8 CMakeFiles/rp2040_rc_control.dir/capture_edge.c.obj
 .rodata.capture_edge_program_instructions
                0x100088cc        0xe CMakeFiles/rp2040_rc_control.dir/capture_edge.c.obj
 .rodata.rp2040_chip_version.str1.4
                0x100088da       0x89 CMakeFiles/rp2040_rc_control.dir/C_/Users/BenjaminWoerfel/.pico-sdk/sdk/2.0.0/src/rp2040/pico_platform/platform.c.obj
 *fill*         0x100088da        0x2 
 .rodata.__func__.0
                0x100088dc       0x14 CMakeFiles/rp2040_rc_control.dir/C_/Users/BenjaminWoerfel/.pico-sdk/sdk/2.0.0/src/rp2040/pico_platform/platform.c.obj
 .rodata.panic.str1.4
                0x100088f0       0x12 CMakeFiles/rp2040_rc_control.dir/C_/Users/BenjaminWoerfel/.pico-sdk/sdk/2.0.0/src/rp2_common/pico_platform_panic/panic.c.obj
 .rodata.spin_lock_claim_unused.str1.4
                0x100088f0       0x1b CMakeFiles/rp2040_rc_control.dir/C_/Users/BenjaminWoerfel/.pico-sdk/sdk/2.0.0/src/rp2_common/hardware_sync/sync.c.obj
 .rodata.resolve_j_16.str1.4
                0x100088f0       0x67 CMakeFiles/rp2040_rc_control.dir/C_/Users/BenjaminWoerfel/.pico-sdk/sdk/2.0.0/src/rp2_common/hardware_irq/irq.c.obj
 .rodata.make_j_16.str1.4
                0x100088f0       0x30 CMakeFiles/rp2040_rc_control.dir/C_/Users/BenjaminWoerfel/.pico-sdk/sdk/2.0.0/src/rp2_common/hardware_irq/irq.c.obj
 .rodata.irq_set_exclusive_handler.str1.4
                0x100088f0       0x36 CMakeFiles/rp2040_rc_control.dir/C_/Users/BenjaminWoerfel/.pico-sdk/sdk/2.0.0/src/rp2_common/hardware_irq/irq.c.obj
 .rodata.irq_add_shared_handler.str1.4
                0x100088f0       0xd2 CMakeFiles/rp2040_rc_control.dir/C_/Users/BenjaminWoerfel/.pico-sdk/sdk/2.0.0/src/rp2_common/hardware_irq/irq.c.obj
 .rodata.irq_add_tail_to_free_list.str1.4
                0x100088f0       0x3a CMakeFiles/rp2040_rc_control.dir/C_/Users/BenjaminWoerfel/.pico-sdk/sdk/2.0.0/src/rp2_common/hardware_irq/irq.c.obj
 .rodata.user_irq_claim_unused.str1.4
                0x100088f0       0x1b CMakeFiles/rp2040_rc_control.dir/C_/Users/BenjaminWoerfel/.pico-sdk/sdk/2.0.0/src/rp2_common/hardware_irq/irq.c.obj
 .rodata.__func__.0
                0x100088f0       0x1a CMakeFiles/rp2040_rc_control.dir/C_/Users/BenjaminWoerfel/.pico-sdk/sdk/2.0.0/src/rp2_common/hardware_irq/irq.c.obj
 *fill*         0x1000890a        0x2 
 .rodata.__func__.3
                0x1000890c        0xa CMakeFiles/rp2040_rc_control.dir/C_/Users/BenjaminWoerfel/.pico-sdk/sdk/2.0.0/src/rp2_common/hardware_irq/irq.c.obj
 *fill*         0x10008916        0x2 
 .rodata.__func__.4
                0x10008918        0xd CMakeFiles/rp2040_rc_control.dir/C_/Users/BenjaminWoerfel/.pico-sdk/sdk/2.0.0/src/rp2_common/hardware_irq/irq.c.obj
 *fill*         0x10008925        0x3 
 .rodata.__func__.5
                0x10008928       0x17 CMakeFiles/rp2040_rc_control.dir/C_/Users/BenjaminWoerfel/.pico-sdk/sdk/2.0.0/src/rp2_common/hardware_irq/irq.c.obj
 *fill*         0x1000893f        0x1 
 .rodata.__func__.6
                0x10008940       0x1a CMakeFiles/rp2040_rc_control.dir/C_/Users/BenjaminWoerfel/.pico-sdk/sdk/2.0.0/src/rp2_common/hardware_irq/irq.c.obj
 .rodata.runtime_init_mutex.str1.4
                0x1000895a       0x6a CMakeFiles/rp2040_rc_control.dir/C_/Users/BenjaminWoerfel/.pico-sdk/sdk/2.0.0/src/common/pico_sync/mutex.c.obj
 .rodata.str1.4
                0x1000895a       0x51 CMakeFiles/rp2040_rc_control.dir/C_/Users/BenjaminWoerfel/.pico-sdk/sdk/2.0.0/src/common/pico_sync/mutex.c.obj
 *fill*         0x1000895a        0x2 
 .rodata.__func__.1
                0x1000895c        0xb CMakeFiles/rp2040_rc_control.dir/C_/Users/BenjaminWoerfel/.pico-sdk/sdk/2.0.0/src/common/pico_sync/mutex.c.obj
 *fill*         0x10008967        0x1 
 .rodata.__func__.3
                0x10008968       0x18 CMakeFiles/rp2040_rc_control.dir/C_/Users/BenjaminWoerfel/.pico-sdk/sdk/2.0.0/src/common/pico_sync/mutex.c.obj
 .rodata.__func__.6
                0x10008980       0x13 CMakeFiles/rp2040_rc_control.dir/C_/Users/BenjaminWoerfel/.pico-sdk/sdk/2.0.0/src/common/pico_sync/mutex.c.obj
 .rodata.alarm_pool_irq_handler.str1.4
                0x10008993       0x75 CMakeFiles/rp2040_rc_control.dir/C_/Users/BenjaminWoerfel/.pico-sdk/sdk/2.0.0/src/common/pico_time/time.c.obj
 .rodata.alarm_pool_get_default.str1.4
                0x10008993       0x21 CMakeFiles/rp2040_rc_control.dir/C_/Users/BenjaminWoerfel/.pico-sdk/sdk/2.0.0/src/common/pico_time/time.c.obj
 .rodata.sleep_until.str1.4
                0x10008993       0x4d CMakeFiles/rp2040_rc_control.dir/C_/Users/BenjaminWoerfel/.pico-sdk/sdk/2.0.0/src/common/pico_time/time.c.obj
 *fill*         0x10008993        0x1 
 .rodata.__func__.1
                0x10008994       0x17 CMakeFiles/rp2040_rc_control.dir/C_/Users/BenjaminWoerfel/.pico-sdk/sdk/2.0.0/src/common/pico_time/time.c.obj
 *fill*         0x100089ab        0x1 
 .rodata.__func__.2
                0x100089ac       0x17 CMakeFiles/rp2040_rc_control.dir/C_/Users/BenjaminWoerfel/.pico-sdk/sdk/2.0.0/src/common/pico_time/time.c.obj
 .rodata.timer_hardware_alarm_claim.str1.4
                0x100089c3       0x22 CMakeFiles/rp2040_rc_control.dir/C_/Users/BenjaminWoerfel/.pico-sdk/sdk/2.0.0/src/rp2_common/hardware_timer/timer.c.obj
 .rodata.pll_init.str1.4
                0x100089c3      0x124 CMakeFiles/rp2040_rc_control.dir/C_/Users/BenjaminWoerfel/.pico-sdk/sdk/2.0.0/src/rp2_common/hardware_pll/pll.c.obj
 *fill*         0x100089c3        0x1 
 .rodata.__func__.0